03-14 07:25:29.798  2524  3928 I AppsFilter: interaction: PackageSetting{e2aaceb com.example.orderlistapp/10331} -> PackageSetting{b01fb68 com.google.android.apps.messaging/10164} BLOCKED
03-14 07:25:29.798  2524  3928 I AppsFilter: interaction: PackageSetting{e2aaceb com.example.orderlistapp/10331} -> PackageSetting{4e1eb81 com.quicinc.voice.activation/10238} BLOCKED
03-14 07:25:29.798  2524  3928 I AppsFilter: interaction: PackageSetting{e2aaceb com.example.orderlistapp/10331} -> PackageSetting{b8c426 com.google.android.configupdater/10131} BLOCKED
03-14 07:25:29.798  2524  3928 I AppsFilter: interaction: PackageSetting{e2aaceb com.example.orderlistapp/10331} -> PackageSetting{5d34867 in.amazon.mShop.android.shopping/10316} BLOCKED
03-14 07:25:29.798  2524  3928 I AppsFilter: interaction: PackageSetting{e2aaceb com.example.orderlistapp/10331} -> PackageSetting{ee6151 com.google.android.overlay.modules.permissioncontroller/10033} BLOCKED
03-14 07:25:29.798  2524  3928 I AppsFilter: interaction: PackageSetting{e2aaceb com.example.orderlistapp/10331} -> PackageSetting{1af6614 com.android.soundrecorder/10287} BLOCKED
03-14 07:25:29.798  2524  3928 I AppsFilter: interaction: PackageSetting{e2aaceb com.example.orderlistapp/10331} -> PackageSetting{40bebd com.google.android.apps.safetyhub/10150} BLOCKED
03-14 07:25:29.798  2524  3928 I AppsFilter: interaction: PackageSetting{e2aaceb com.example.orderlistapp/10331} -> PackageSetting{8dcfcb2 com.google.android.hotspot2.osulogin/10273} BLOCKED
03-14 07:25:29.799  2524  3928 I AppsFilter: interaction: PackageSetting{e2aaceb com.example.orderlistapp/10331} -> PackageSetting{ec20403 com.android.simappdialog/10124} BLOCKED
03-14 07:25:29.799  2524  3928 I AppsFilter: interaction: PackageSetting{e2aaceb com.example.orderlistapp/10331} -> PackageSetting{4d375ac com.microsoft.skydrive/10306} BLOCKED
03-14 07:25:29.799  1346  7101 I vendor.qti.bluetooth@1.1-ibs_handler: DeviceSleep: TX Awake, Sending SLEEP_IND
03-14 07:25:29.799  2524  3928 I AppsFilter: interaction: PackageSetting{e2aaceb com.example.orderlistapp/10331} -> PackageSetting{c78f42 com.android.internal.display.cutout.emulation.hole/10012} BLOCKED
03-14 07:25:29.799  2524  3928 I AppsFilter: interaction: PackageSetting{e2aaceb com.example.orderlistapp/10331} -> PackageSetting{1aa4b53 com.android.internal.display.cutout.emulation.tall/10014} BLOCKED
03-14 07:25:29.799  1346  7101 D vendor.qti.bluetooth@1.1-ibs_handler: SerialClockVote: vote for UART CLK OFF
03-14 07:25:29.799  2524  3928 I AppsFilter: interaction: PackageSetting{e2aaceb com.example.orderlistapp/10331} -> PackageSetting{da78c90 com.android.internal.systemui.navbar.threebutton/10060} BLOCKED
03-14 07:25:29.799  2524  3928 I AppsFilter: interaction: PackageSetting{e2aaceb com.example.orderlistapp/10331} -> PackageSetting{326cf80 com.android.wifi.dialog/10237} BLOCKED
03-14 07:25:29.799  2524  3928 I AppsFilter: interaction: PackageSetting{e2aaceb com.example.orderlistapp/10331} -> PackageSetting{7bf89b9 com.android.hotwordenrollment.xgoogle/10138} BLOCKED
03-14 07:25:29.799  2524  3928 I AppsFilter: interaction: PackageSetting{e2aaceb com.example.orderlistapp/10331} -> PackageSetting{69a31fe com.android.contacts/10158} BLOCKED
03-14 07:25:29.799  2524  3928 I AppsFilter: interaction: PackageSetting{e2aaceb com.example.orderlistapp/10331} -> PackageSetting{356dd5f com.preff.kb.xm/10298} BLOCKED
03-14 07:25:29.799  2524  3928 I AppsFilter: interaction: PackageSetting{e2aaceb com.example.orderlistapp/10331} -> PackageSetting{9e963ac com.android.mms/10163} BLOCKED
03-14 07:25:29.799  2524  3928 I AppsFilter: interaction: PackageSetting{e2aaceb com.example.orderlistapp/10331} -> PackageSetting{7c60875 com.google.android.as/10152} BLOCKED
03-14 07:25:29.799  2524  3928 I AppsFilter: interaction: PackageSetting{e2aaceb com.example.orderlistapp/10331} -> PackageSetting{563700a com.google.android.gm/10183} BLOCKED
03-14 07:25:29.800  2524  3928 I AppsFilter: interaction: PackageSetting{e2aaceb com.example.orderlistapp/10331} -> PackageSetting{935f07b com.google.android.apps.tachyon/10195} BLOCKED
03-14 07:25:29.800  2524  3928 I AppsFilter: interaction: PackageSetting{e2aaceb com.example.orderlistapp/10331} -> PackageSetting{6b940c1 com.google.android.overlay.gmsconfig.common/10018} BLOCKED
03-14 07:25:29.800  2524  3928 I AppsFilter: interaction: PackageSetting{e2aaceb com.example.orderlistapp/10331} -> PackageSetting{55f0e98 com.android.settings.intelligence/10148} BLOCKED
03-14 07:25:29.800  2524  3928 I AppsFilter: interaction: PackageSetting{e2aaceb com.example.orderlistapp/10331} -> PackageSetting{2edbfa7 com.android.internal.systemui.navbar.gestural_extra_wide_back/10062} BLOCKED
03-14 07:25:29.800  2524  3928 I AppsFilter: interaction: PackageSetting{e2aaceb com.example.orderlistapp/10331} -> PackageSetting{17bb6f1 com.miui.compass/10283} BLOCKED
03-14 07:25:29.800  2524  3928 I AppsFilter: interaction: PackageSetting{e2aaceb com.example.orderlistapp/10331} -> PackageSetting{2d082d6 com.google.android.setupwizard/10241} BLOCKED
03-14 07:25:29.800  2524  3928 I AppsFilter: interaction: PackageSetting{e2aaceb com.example.orderlistapp/10331} -> PackageSetting{d061687 com.miui.android.fashiongallery/10292} BLOCKED
03-14 07:25:29.800  2524  3928 I AppsFilter: interaction: PackageSetting{e2aaceb com.example.orderlistapp/10331} -> PackageSetting{2291957 com.facebook.services/10109} BLOCKED
03-14 07:25:29.800  2524  3928 I AppsFilter: interaction: PackageSetting{e2aaceb com.example.orderlistapp/10331} -> PackageSetting{1827c44 com.android.printspooler/10254} BLOCKED
03-14 07:25:29.800  2524  3928 I AppsFilter: interaction: PackageSetting{e2aaceb com.example.orderlistapp/10331} -> PackageSetting{703d12d com.android.hotwordenrollment.okgoogle/10137} BLOCKED
03-14 07:25:29.800  2524  3928 I AppsFilter: interaction: PackageSetting{e2aaceb com.example.orderlistapp/10331} -> PackageSetting{c29f662 com.android.dreams.basic/10112} BLOCKED
03-14 07:25:29.800  2524  3928 I AppsFilter: interaction: PackageSetting{e2aaceb com.example.orderlistapp/10331} -> PackageSetting{8bbf3f3 com.google.android.as.oss/10160} BLOCKED
03-14 07:25:29.800  2524  3928 I AppsFilter: interaction: PackageSetting{e2aaceb com.example.orderlistapp/10331} -> PackageSetting{d4d18b0 com.android.incallui/10155} BLOCKED
03-14 07:25:29.800  2524  3928 I AppsFilter: interaction: PackageSetting{e2aaceb com.example.orderlistapp/10331} -> PackageSetting{f795329 com.duokan.phone.remotecontroller/10321} BLOCKED
03-14 07:25:29.800  2524  3928 I AppsFilter: interaction: PackageSetting{e2aaceb com.example.orderlistapp/10331} -> PackageSetting{8b516ae com.android.rkpdapp/10270} BLOCKED
03-14 07:25:29.800  2524  3928 I AppsFilter: interaction: PackageSetting{e2aaceb com.example.orderlistapp/10331} -> PackageSetting{a97dc4f com.google.android.devicelockcontroller/10282} BLOCKED
03-14 07:25:29.800  2524  3928 I AppsFilter: interaction: PackageSetting{e2aaceb com.example.orderlistapp/10331} -> PackageSetting{be30fdc com.google.android.captiveportallogin/10117} BLOCKED
03-14 07:25:29.800  2524  3928 I AppsFilter: interaction: PackageSetting{e2aaceb com.example.orderlistapp/10331} -> PackageSetting{362c3bb com.google.android.overlay.gmsconfig.geotz/10022} BLOCKED
03-14 07:25:29.801  2524  3928 I AppsFilter: interaction: PackageSetting{e2aaceb com.example.orderlistapp/10331} -> PackageSetting{eaaf8e5 com.google.ambient.streaming/10153} BLOCKED
03-14 07:25:29.801  2524  3928 I AppsFilter: interaction: PackageSetting{e2aaceb com.example.orderlistapp/10331} -> PackageSetting{cbfefba com.android.musicfx/10104} BLOCKED
03-14 07:25:29.801  2524  3928 I AppsFilter: interaction: PackageSetting{e2aaceb com.example.orderlistapp/10331} -> PackageSetting{17d3733 com.google.android.apps.docs/10174} BLOCKED
03-14 07:25:29.801  2524  3928 I AppsFilter: interaction: PackageSetting{e2aaceb com.example.orderlistapp/10331} -> PackageSetting{c7f4dc8 com.google.android.apps.maps/10196} BLOCKED
03-14 07:25:29.801  2524  3928 I AppsFilter: interaction: PackageSetting{e2aaceb com.example.orderlistapp/10331} -> PackageSetting{c973e61 com.indus.appstore/10318} BLOCKED
03-14 07:25:29.801  2524  3928 I AppsFilter: interaction: PackageSetting{e2aaceb com.example.orderlistapp/10331} -> PackageSetting{16d4d86 com.google.android.webview/10203} BLOCKED
03-14 07:25:29.801  2524  3928 I AppsFilter: interaction: PackageSetting{e2aaceb com.example.orderlistapp/10331} -> PackageSetting{4dad284 com.google.android.overlay.modules.documentsui/10027} BLOCKED
03-14 07:25:29.801  2524  3928 I AppsFilter: interaction: PackageSetting{e2aaceb com.example.orderlistapp/10331} -> PackageSetting{4cd0647 com.google.android.contactkeys/10325} BLOCKED
03-14 07:25:29.801  2524  3928 I AppsFilter: interaction: PackageSetting{e2aaceb com.example.orderlistapp/10331} -> PackageSetting{51f7e74 com.android.chrome/10172} BLOCKED
03-14 07:25:29.801  2524  3928 I AppsFilter: interaction: PackageSetting{e2aaceb com.example.orderlistapp/10331} -> PackageSetting{8a85f9d com.soulcompany.bubbleshooter.relaxing/10312} BLOCKED
03-14 07:25:29.801  2524  3928 I AppsFilter: interaction: PackageSetting{e2aaceb com.example.orderlistapp/10331} -> PackageSetting{d40bc12 com.google.android.partnersetup/10136} BLOCKED
03-14 07:25:29.801  2524  3928 I AppsFilter: interaction: PackageSetting{e2aaceb com.example.orderlistapp/10331} -> PackageSetting{5c9bfe3 com.google.android.videos/10207} BLOCKED
03-14 07:25:29.801  2524  3928 I AppsFilter: interaction: PackageSetting{e2aaceb com.example.orderlistapp/10331} -> PackageSetting{bf00de0 com.xiaomi.mi_care/10293} BLOCKED
03-14 07:25:29.801  2524  3928 I AppsFilter: interaction: PackageSetting{e2aaceb com.example.orderlistapp/10331} -> PackageSetting{a884b8f com.google.android.overlay.gmsconfig.asi/10079} BLOCKED
03-14 07:25:29.802  2524  3928 I AppsFilter: interaction: PackageSetting{e2aaceb com.example.orderlistapp/10331} -> PackageSetting{2a7ee1c com.google.android.overlay.gmsconfig.gsa/10021} BLOCKED
03-14 07:25:29.802  2524  3928 I AppsFilter: interaction: PackageSetting{e2aaceb com.example.orderlistapp/10331} -> PackageSetting{1b51a25 com.android.theme.font.notoserifsource/10017} BLOCKED
03-14 07:25:29.802  2524  3928 I AppsFilter: interaction: PackageSetting{e2aaceb com.example.orderlistapp/10331} -> PackageSetting{4b05899 com.google.android.safetycenter.resources/10280} BLOCKED
03-14 07:25:29.802  2524  3928 I AppsFilter: interaction: PackageSetting{e2aaceb com.example.orderlistapp/10331} -> PackageSetting{e4811ab com.android.internal.display.cutout.emulation.waterfall/10015} BLOCKED
03-14 07:25:29.802  2524  3928 I AppsFilter: interaction: PackageSetting{e2aaceb com.example.orderlistapp/10331} -> PackageSetting{96a875e com.netflix.mediaclient/10309} BLOCKED
03-14 07:25:29.802  2524  3928 I AppsFilter: interaction: PackageSetting{e2aaceb com.example.orderlistapp/10331} -> PackageSetting{e4233a1 com.android.internal.systemui.navbar.transparent/10075} BLOCKED
03-14 07:25:29.802  2524  3928 I AppsFilter: interaction: PackageSetting{e2aaceb com.example.orderlistapp/10331} -> PackageSetting{84e773f com.miui.notes/10286} BLOCKED
03-14 07:25:29.802  2524  3928 I AppsFilter: interaction: PackageSetting{e2aaceb com.example.orderlistapp/10331} -> PackageSetting{b78280c com.google.android.connectivity.resources/10264} BLOCKED
03-14 07:25:29.802  2524  3928 I AppsFilter: interaction: PackageSetting{e2aaceb com.example.orderlistapp/10331} -> PackageSetting{3a4e555 com.jio.myjio/10317} BLOCKED
03-14 07:25:29.802  2524  3928 I AppsFilter: interaction: PackageSetting{e2aaceb com.example.orderlistapp/10331} -> PackageSetting{fd3bb6a com.google.android.feedback/10233} BLOCKED
03-14 07:25:29.803  2524  3928 I AppsFilter: interaction: PackageSetting{e2aaceb com.example.orderlistapp/10331} -> PackageSetting{e3d485b com.google.android.printservice.recommendation/10120} BLOCKED
03-14 07:25:29.803  2524  3928 I AppsFilter: interaction: PackageSetting{e2aaceb com.example.orderlistapp/10331} -> PackageSetting{d85b8f8 com.xiaomi.midrop/10291} BLOCKED
03-14 07:25:29.803  2524  3928 I AppsFilter: interaction: PackageSetting{e2aaceb com.example.orderlistapp/10331} -> PackageSetting{81b81d1 com.google.android.apps.photos/10202} BLOCKED
03-14 07:25:29.803  2524  3928 I AppsFilter: interaction: PackageSetting{e2aaceb com.example.orderlistapp/10331} -> PackageSetting{cf9f8f3 com.google.android.syncadapters.calendar/10170} BLOCKED
03-14 07:25:29.803  2524  3928 I AppsFilter: interaction: PackageSetting{e2aaceb com.example.orderlistapp/10331} -> PackageSetting{f9cb5d9 com.google.android.overlay.devicelockcontroller/10030} BLOCKED
03-14 07:25:29.803  2524  3928 I AppsFilter: interaction: PackageSetting{e2aaceb com.example.orderlistapp/10331} -> PackageSetting{dea2436 com.spotify.music/10313} BLOCKED
03-14 07:25:29.803  2524  3928 I AppsFilter: interaction: PackageSetting{e2aaceb com.example.orderlistapp/10331} -> PackageSetting{b7e0f37 com.google.android.documentsui/10100} BLOCKED
03-14 07:25:29.803  2524  3928 I AppsFilter: interaction: PackageSetting{e2aaceb com.example.orderlistapp/10331} -> PackageSetting{8d96ca4 com.annauniv.stucor/10332} BLOCKED
03-14 07:25:29.803  2524  3928 I AppsFilter: interaction: PackageSetting{e2aaceb com.example.orderlistapp/10331} -> PackageSetting{5d9367f com.miui.permissioncontroller.overlay/10049} BLOCKED
03-14 07:25:29.803  2524  3928 I AppsFilter: interaction: PackageSetting{e2aaceb com.example.orderlistapp/10331} -> PackageSetting{e856a0d com.android.dreams.phototable/10192} BLOCKED
03-14 07:25:29.803  2524  3928 I AppsFilter: interaction: PackageSetting{e2aaceb com.example.orderlistapp/10331} -> PackageSetting{82c4dc2 com.google.android.accessibility.switchaccess/10200} BLOCKED
03-14 07:25:29.803  2524  3928 I AppsFilter: interaction: PackageSetting{e2aaceb com.example.orderlistapp/10331} -> PackageSetting{9a67d3 com.facebook.katana/10302} BLOCKED
03-14 07:25:29.803  2524  3928 I AppsFilter: interaction: PackageSetting{e2aaceb com.example.orderlistapp/10331} -> PackageSetting{d92af10 com.android.providers.partnerbookmarks/10123} BLOCKED
03-14 07:25:29.804  2524  3928 I AppsFilter: interaction: PackageSetting{e2aaceb com.example.orderlistapp/10331} -> PackageSetting{f2b9a09 com.android.smspush/10257} BLOCKED
03-14 07:25:29.804  2524  3928 I AppsFilter: interaction: PackageSetting{e2aaceb com.example.orderlistapp/10331} -> PackageSetting{a75840e com.miui.calculator/10284} BLOCKED
03-14 07:25:29.804  2524  3928 I AppsFilter: interaction: PackageSetting{e2aaceb com.example.orderlistapp/10331} -> PackageSetting{319ae2f com.android.wallpaper.livepicker/10103} BLOCKED
03-14 07:25:29.804  2524  3928 I AppsFilter: interaction: PackageSetting{e2aaceb com.example.orderlistapp/10331} -> PackageSetting{c5bac3c com.android.apps.tag/10107} BLOCKED
03-14 07:25:29.804  2524  3928 I AppsFilter: interaction: PackageSetting{e2aaceb com.example.orderlistapp/10331} -> PackageSetting{3eacdc5 com.facebook.system/10110} BLOCKED
03-14 07:25:29.804  2524  3928 I AppsFilter: interaction: PackageSetting{e2aaceb com.example.orderlistapp/10331} -> PackageSetting{109d31a com.google.android.healthconnect.controller/10265} BLOCKED
03-14 07:25:29.804  2524  3928 I AppsFilter: interaction: PackageSetting{e2aaceb com.example.orderlistapp/10331} -> PackageSetting{f9cfe4b com.android.bookmarkprovider/10111} BLOCKED
03-14 07:25:29.804  2524  3928 I AppsFilter: interaction: PackageSetting{e2aaceb com.example.orderlistapp/10331} -> PackageSetting{4555028 com.linkedin.android/10304} BLOCKED
03-14 07:25:29.804  2524  3928 I AppsFilter: interaction: PackageSetting{e2aaceb com.example.orderlistapp/10331} -> PackageSetting{daf8141 com.miui.weather2/10289} BLOCKED
03-14 07:25:29.805  2524  3928 I AppsFilter: interaction: PackageSetting{e2aaceb com.example.orderlistapp/10331} -> PackageSetting{bb64388 com.google.android.projection.gearhead/10132} BLOCKED
03-14 07:25:29.805  2524  3928 I AppsFilter: interaction: PackageSetting{e2aaceb com.example.orderlistapp/10331} -> PackageSetting{66206e6 com.xiaomi.scanner/10295} BLOCKED
03-14 07:25:29.805  2524  3928 I AppsFilter: interaction: PackageSetting{e2aaceb com.example.orderlistapp/10331} -> PackageSetting{1bb3427 com.google.android.apps.turbo/10149} BLOCKED
03-14 07:25:29.805  2524  3928 I AppsFilter: interaction: PackageSetting{e2aaceb com.example.orderlistapp/10331} -> PackageSetting{3c346d4 com.google.android.safetycore/10326} BLOCKED
03-14 07:25:29.805  2524  3928 I AppsFilter: interaction: PackageSetting{e2aaceb com.example.orderlistapp/10331} -> PackageSetting{5b1f07d com.xiaomi.calendar/10296} BLOCKED
03-14 07:25:29.805  2524  3928 I AppsFilter: interaction: PackageSetting{e2aaceb com.example.orderlistapp/10331} -> PackageSetting{85e6121 com.android.cts.ctsshim/10269} BLOCKED
03-14 07:25:29.805  2524  3928 I AppsFilter: interaction: PackageSetting{e2aaceb com.example.orderlistapp/10331} -> PackageSetting{1b7ab72 com.google.android.wifi.resources/10272} BLOCKED
03-14 07:25:29.805  2524  3928 I AppsFilter: interaction: PackageSetting{e2aaceb com.example.orderlistapp/10331} -> PackageSetting{d9cebc3 com.miui.mediaeditor/10288} BLOCKED
03-14 07:25:29.805  2524  3928 I AppsFilter: interaction: PackageSetting{e2aaceb com.example.orderlistapp/10331} -> PackageSetting{777fc40 com.google.android.wifi.dialog/10274} BLOCKED
03-14 07:25:29.805  2524  3928 I AppsFilter: interaction: PackageSetting{e2aaceb com.example.orderlistapp/10331} -> PackageSetting{6721779 com.miui.yellowpage/10157} BLOCKED
03-14 07:25:29.805  2524  3928 I AppsFilter: interaction: PackageSetting{e2aaceb com.example.orderlistapp/10331} -> PackageSetting{2510cbe com.mi.global.shop/10294} BLOCKED
03-14 07:25:29.805  2524  3928 I AppsFilter: interaction: PackageSetting{e2aaceb com.example.orderlistapp/10331} -> PackageSetting{758811f com.google.android.apps.setupwizard.searchselector/10161} BLOCKED
03-14 07:25:29.806  2524  3928 I AppsFilter: interaction: PackageSetting{e2aaceb com.example.orderlistapp/10331} -> PackageSetting{5009c6c com.google.android.gms.location.history/10171} BLOCKED
03-14 07:25:29.806  2524  3928 I AppsFilter: interaction: PackageSetting{e2aaceb com.example.orderlistapp/10331} -> PackageSetting{aadcd14 com.android.internal.systemui.navbar.gestural/10061} BLOCKED
03-14 07:25:29.806 26027 26070 W libc    : Access denied finding property "vendor.migl.debug"
03-14 07:25:29.806  2524  3928 I AppsFilter: interaction: PackageSetting{e2aaceb com.example.orderlistapp/10331} -> PackageSetting{1f499bd com.google.android.overlay.gmsconfig.personalsafety/10023} BLOCKED
03-14 07:25:29.806  2524  3928 I AppsFilter: interaction: PackageSetting{e2aaceb com.example.orderlistapp/10331} -> PackageSetting{235f75f com.david.calltraker/10328} BLOCKED
03-14 07:25:29.806  2524  3928 I AppsFilter: interaction: PackageSetting{e2aaceb com.example.orderlistapp/10331} -> PackageSetting{873b235 com.android.deskclock/10285} BLOCKED
03-14 07:25:29.806 25988 26062 D MiuiUtils: isShowAiSettingsFromCloudData: false
03-14 07:25:29.806  2524  3928 I AppsFilter: interaction: PackageSetting{e2aaceb com.example.orderlistapp/10331} -> PackageSetting{38d36ca com.google.android.apps.youtube.music/10216} BLOCKED
03-14 07:25:29.806 26027 26070 D libMiGL : SuperResolution SR initSR mBaseSRWidthSize: 0, mBaseSRHeightSize: 0, mTargetSRWidthSize: 0, mTargetSRHeightSize: 0
03-14 07:25:29.806 26027 26070 I libMiGL : EnableDR: 0
03-14 07:25:29.806 26027 26070 D libMiGL : mDFIInterval: -1
03-14 07:25:29.806  2524  3928 I AppsFilter: interaction: PackageSetting{e2aaceb com.example.orderlistapp/10331} -> PackageSetting{40e103b com.android.bluetoothmidiservice/10114} BLOCKED
03-14 07:25:29.806  2524  3928 I AppsFilter: interaction: PackageSetting{e2aaceb com.example.orderlistapp/10331} -> PackageSetting{b911358 com.facebook.appmanager/10126} BLOCKED
03-14 07:25:29.806  2524  3928 I AppsFilter: interaction: PackageSetting{e2aaceb com.example.orderlistapp/10331} -> PackageSetting{eba3cb1 com.google.android.cellbroadcastreceiver/10271} BLOCKED
03-14 07:25:29.806  2524  3928 I AppsFilter: interaction: PackageSetting{e2aaceb com.example.orderlistapp/10331} -> PackageSetting{5aff596 com.xiaomi.smarthome/10297} BLOCKED
03-14 07:25:29.807  2524  3928 I AppsFilter: interaction: PackageSetting{e2aaceb com.example.orderlistapp/10331} -> PackageSetting{96daaac com.android.internal.systemui.navbar.gestural_narrow_back/10063} BLOCKED
03-14 07:25:29.807  2524  3928 I AppsFilter: interaction: PackageSetting{e2aaceb com.example.orderlistapp/10331} -> PackageSetting{c37517 cn.wps.moffice_eng/10299} BLOCKED
03-14 07:25:29.807  2524  3928 I AppsFilter: interaction: PackageSetting{e2aaceb com.example.orderlistapp/10331} -> PackageSetting{7b00d04 com.snapchat.android/10311} BLOCKED
03-14 07:25:29.807 26027 26070 I AdrenoGLES-0: QUALCOMM build                   : 56a1d551e1, I4cd85de53f
03-14 07:25:29.807 26027 26070 I AdrenoGLES-0: Build Date                       : 06/24/24
03-14 07:25:29.807 26027 26070 I AdrenoGLES-0: OpenGL ES Shader Compiler Version: E031.45.02.15
03-14 07:25:29.807 26027 26070 I AdrenoGLES-0: Local Branch                     : 
03-14 07:25:29.807 26027 26070 I AdrenoGLES-0: Remote Branch                    : refs/tags/AU_LINUX_ANDROID_LA.VENDOR.14.3.2.11.00.00.1125.118
03-14 07:25:29.807 26027 26070 I AdrenoGLES-0: Remote Branch                    : NONE
03-14 07:25:29.807 26027 26070 I AdrenoGLES-0: Reconstruct Branch               : NOTHING
03-14 07:25:29.807 26027 26070 I AdrenoGLES-0: Build Config                     : S P 16.1.2 AArch64
03-14 07:25:29.807 26027 26070 I AdrenoGLES-0: Driver Path                      : /vendor/lib64/egl/libGLESv2_adreno.so
03-14 07:25:29.807 26027 26070 I AdrenoGLES-0: Driver Version                   : 0762.23
03-14 07:25:29.807 26027 26070 I AdrenoGLES-0: Process Name                     : com.example.orderlistapp
03-14 07:25:29.807  2524  3928 I AppsFilter: interaction: PackageSetting{e2aaceb com.example.orderlistapp/10331} -> PackageSetting{f04f2ed com.miui.core/10206} BLOCKED
03-14 07:25:29.807  2524  3928 I AppsFilter: interaction: PackageSetting{e2aaceb com.example.orderlistapp/10331} -> PackageSetting{76dd522 com.google.android.inputmethod.latin/10177} BLOCKED
03-14 07:25:29.807  2524  3928 I AppsFilter: interaction: PackageSetting{e2aaceb com.example.orderlistapp/10331} -> PackageSetting{b004bb3 com.google.android.apps.restore/10140} BLOCKED
03-14 07:25:29.817 25988 26062 D InternationalCompat: CN, empty implementation
03-14 07:25:29.819  2524  3928 I ClipboardServiceI: checkProviderWakePathForClipboard: primaryClip is null
03-14 07:25:29.824 25988 26062 E MiuiUtils: Cannot find package: com.android.quicksearchbox
03-14 07:25:29.824 25988 26062 E MiuiUtils: android.content.pm.PackageManager$NameNotFoundException: com.android.quicksearchbox
03-14 07:25:29.824 25988 26062 E MiuiUtils: 	at android.app.ApplicationPackageManager.getPackageInfoAsUser(ApplicationPackageManager.java:259)
03-14 07:25:29.824 25988 26062 E MiuiUtils: 	at android.app.ApplicationPackageManager.getPackageInfo(ApplicationPackageManager.java:219)
03-14 07:25:29.824 25988 26062 E MiuiUtils: 	at android.app.ApplicationPackageManager.getPackageInfo(ApplicationPackageManager.java:213)
03-14 07:25:29.824 25988 26062 E MiuiUtils: 	at com.android.settings.MiuiUtils.getAppLongVersionCode(MiuiUtils.java:1618)
03-14 07:25:29.824 25988 26062 E MiuiUtils: 	at com.android.settings.personal.FullScreenDisplayController.quickSearchBoxTooOld(FullScreenDisplayController.java:63)
03-14 07:25:29.824 25988 26062 E MiuiUtils: 	at com.android.settings.personal.FullScreenDisplayController.isRemoveEntryFromSettings(FullScreenDisplayController.java:69)
03-14 07:25:29.824 25988 26062 E MiuiUtils: 	at com.android.settings.personal.FullScreenDisplayController.initInfinityDisplaySettings(FullScreenDisplayController.java:47)
03-14 07:25:29.824 25988 26062 E MiuiUtils: 	at com.android.settings.SettingsApplication$InitTask.doInBackground(SettingsApplication.java:439)
03-14 07:25:29.824 25988 26062 E MiuiUtils: 	at com.android.settings.SettingsApplication$InitTask.doInBackground(SettingsApplication.java:421)
03-14 07:25:29.824 25988 26062 E MiuiUtils: 	at android.os.AsyncTask$3.call(AsyncTask.java:394)
03-14 07:25:29.824 25988 26062 E MiuiUtils: 	at java.util.concurrent.FutureTask.run(FutureTask.java:264)
03-14 07:25:29.824 25988 26062 E MiuiUtils: 	at java.util.concurrent.ThreadPoolExecutor.runWorker(ThreadPoolExecutor.java:1145)
03-14 07:25:29.824 25988 26062 E MiuiUtils: 	at java.util.concurrent.ThreadPoolExecutor$Worker.run(ThreadPoolExecutor.java:644)
03-14 07:25:29.824 25988 26062 E MiuiUtils: 	at java.lang.Thread.run(Thread.java:1012)
03-14 07:25:29.829 26027 26070 I AdrenoGLES-0: PFP: 0x016ee206, ME: 0x00000000
03-14 07:25:29.830  3781 20311 D TaskStackChangeListeners: onTaskDescriptionChanged =  taskId = 1888
03-14 07:25:29.835 26027 26027 W libc    : Access denied finding property "ro.vendor.df.effect.conflict"
03-14 07:25:29.832 26027 26027 W le.orderlistapp: type=1400 audit(0.0:58284): avc:  denied  { read } for  name="u:object_r:vendor_displayfeature_prop:s0" dev="tmpfs" ino=437 scontext=u:r:untrusted_app:s0:c75,c257,c512,c768 tcontext=u:object_r:vendor_displayfeature_prop:s0 tclass=file permissive=0 app=com.example.orderlistapp
03-14 07:25:29.854  1434  1434 I qspmHal : enter getGpuProf at: -368163394
03-14 07:25:29.854  1434  1434 I qspmHal : PID 26027 from GFX matched.
03-14 07:25:29.854  1434  1434 I qspmHal : gpuProfName:com.example.orderlistapp-gpu - gpu prof_info.path:/data/vendor/gaming/com.example.orderlistapp-gpu
03-14 07:25:29.854  1434  1434 E qspmHal : GPU profile file NOT found !!
03-14 07:25:29.863  3781 20311 D TaskStackChangeListeners: onTaskDescriptionChanged =  taskId = 1888
03-14 07:25:29.864 25988 26062 D RecommendHelper: Load end, total time28ms
03-14 07:25:29.864  3781 20311 D TaskStackChangeListeners: onTaskDescriptionChanged =  taskId = 1888
03-14 07:25:29.869 26027 26070 D OpenGLRenderer: MiShaderPrecompile start makeSksl:0, isInPreCacheList:0
03-14 07:25:29.936 26027 26027 D CompatibilityChangeReporter: Compat change id reported: 237531167; UID 10331; state: DISABLED
03-14 07:25:29.939 26027 26027 D FramePredict: FramePredict init: false
03-14 07:25:29.940 26027 26027 D FramePredict: init success
03-14 07:25:29.942 26027 26027 W OpenGLRenderer: Unknown dataspace 0
03-14 07:25:29.943  2524  3928 W ActivityManager: Permission Denial: getCurrentUser() from pid=26027, uid=10331 requires android.permission.INTERACT_ACROSS_USERS
03-14 07:25:29.944 26027 26075 E FramePredict: registerContentObserver fail
03-14 07:25:29.949  1346  7046 D vendor.qti.bluetooth@1.1-wake_lock: Release wakelock is released 
03-14 07:25:29.976  3717  4391 D MiuiFreeformModeObserver: activityResumed() intent∩╝Ü Intent { cmp=com.example.orderlistapp/.MainActivity (has extras) }
03-14 07:25:29.976  3781  3781 D RecentsImpl: mActivityStateObserver com.example.orderlistapp.MainActivity
03-14 07:25:29.977  3781  3781 W RecentsImpl: onResumed className=com.example.orderlistapp.MainActivity   mIsInAnotherPro=false   isKeyguardLocked=false   mSecuritySpaceGuideShown=false
03-14 07:25:29.987  3717  3892 D MiuiFullScreenTaskRepository: setFocusedTask taskId=1888, displayId=0, topActivity=ComponentInfo{com.example.orderlistapp/com.example.orderlistapp.MainActivity}
03-14 07:25:29.988  3717  3892 D MiuiFullScreenTaskRepository: addOrUpdateFullScreenTaskInfo taskId=1888, topActivity=ComponentInfo{com.example.orderlistapp/com.example.orderlistapp.MainActivity}
03-14 07:25:30.282  2524  5959 D CoreBackPreview: Window{2fec7de u0 com.example.orderlistapp/com.example.orderlistapp.MainActivity}: Setting back callback OnBackInvokedCallbackInfo{mCallback=android.window.IOnBackInvokedCallback$Stub$Proxy@6def124, mPriority=0, mIsAnimationCallback=false}
03-14 07:25:30.360  2524  5959 I whetstone.activity: Power Event callback listener is empty for resId=32
03-14 07:25:30.360  2524  5959 D BatteryStatsManagerStub: notifyEvent for resId=32 used 0ms
03-14 07:25:30.360  2524  5959 I WindowManager: cancelAnimation removed leash : Surface(name=Surface(name=b96a7ec StatusBar#91)/@0x102ee4a - animation-leash of insets_animation#37189)/@0xf7d7e8
03-14 07:25:30.361  2524  5959 I WindowManager: cancelAnimation removed leash : Surface(name=Surface(name=1eff583 NavigationBar0#87)/@0xbde9739 - animation-leash of insets_animation#37190)/@0x23534a6
03-14 07:25:30.362  2524  5959 D WindowManager: wms.Input focus has changed to Window{2fec7de u0 com.example.orderlistapp/com.example.orderlistapp.MainActivity} display=0 updateInputWindows = true
03-14 07:25:30.362  2524  5959 I MultiSenceManagerInternalStub: getInstance
03-14 07:25:30.384  1480  1667 D MI-SF   : debug.config.media.video.dolby_vision_suports == false
03-14 07:25:30.384  1480  1667 D MI-SF   : debug.config.media.video.dolby_vision_suports == false
03-14 07:25:30.384  1480  1667 D MI-SF   : debug.config.media.video.dolby_vision_suports == false
03-14 07:25:30.384  1480  1667 D MI-SF   : debug.config.media.video.dolby_vision_suports == false
03-14 07:25:30.392 26027 26070 E OpenGLRenderer: Unable to match the desired swap behavior.
03-14 07:25:30.396   428   428 I hwservicemanager: getTransport: Cannot find entry android.hardware.graphics.allocator@4.0::IAllocator/default in either framework or device VINTF manifest.
03-14 07:25:30.397  1389  4559 W qdgralloc: Failed to open smmu proxy node = /dev/qti-smmu-proxy, error = No such file or directory
03-14 07:25:30.399  1389  4559 W qdgralloc: Failed to open smmu proxy node = /dev/qti-smmu-proxy, error = No such file or directory
03-14 07:25:30.400  1389 11532 W qdgralloc: Failed to open smmu proxy node = /dev/qti-smmu-proxy, error = No such file or directory
03-14 07:25:30.406  1389 11532 W qdgralloc: Failed to open smmu proxy node = /dev/qti-smmu-proxy, error = No such file or directory
03-14 07:25:30.407  1389 11532 W qdgralloc: Failed to open smmu proxy node = /dev/qti-smmu-proxy, error = No such file or directory
03-14 07:25:30.410  1389 11532 W qdgralloc: Failed to open smmu proxy node = /dev/qti-smmu-proxy, error = No such file or directory
03-14 07:25:30.411 26027 26027 D VRI[MainActivity]: vri.reportNextDraw android.view.ViewRootImpl.performTraversals:4413 android.view.ViewRootImpl.doTraversal:3042 android.view.ViewRootImpl$TraversalRunnable.run:10440 android.view.Choreographer$CallbackRecord.run:1655 android.view.Choreographer$CallbackRecord.run:1664 
03-14 07:25:30.411 26027 26027 D VRI[MainActivity]: vri.Setup new sync=wmsSync-VRI[MainActivity]#0
03-14 07:25:30.412  1389 11532 W qdgralloc: Failed to open smmu proxy node = /dev/qti-smmu-proxy, error = No such file or directory
03-14 07:25:30.413 26027 26027 D UserSceneDetector: UserSceneDetectorImpl notifyAppLaunchCompleted
03-14 07:25:30.413 26027 26027 D UserSceneDetector: invoke error.
03-14 07:25:30.416  1389 11532 W qdgralloc: Failed to open smmu proxy node = /dev/qti-smmu-proxy, error = No such file or directory
03-14 07:25:30.461 26027 26070 D OpenGLRenderer: makeCurrent grContext:0xb4000078f4b239c0 reset mTextureAvailable
03-14 07:25:30.464 26027 26070 D le.orderlistapp: MiuiProcessManagerServiceStub setSchedFifo
03-14 07:25:30.464 26027 26070 I MiuiProcessManagerImpl: setSchedFifo pid:26027, mode:3
03-14 07:25:30.482 26027 26070 E LB      : fail to open file: No such file or directory
03-14 07:25:30.482 26027 26070 E LB      : fail to open node: No such file or directory
03-14 07:25:30.485  1480  1480 W Layer   : gatherBufferInfo: Received unknown dataspace from gralloc
03-14 07:25:30.485 26027 26027 D VRI[MainActivity]: vri.reportDrawFinished
03-14 07:25:30.485  2524  5959 D WindowManager: wms.finishDrawingLocked: mDrawState=COMMIT_DRAW_PENDING Window{2fec7de u0 com.example.orderlistapp/com.example.orderlistapp.MainActivity} in Surface(name=com.example.orderlistapp/com.example.orderlistapp.MainActivity#37193)/@0x3dd48d
03-14 07:25:30.488  2524  2863 D TaskSnapshot_Helper: shouldDelay()... Not launched by home, no delay needed.
03-14 07:25:30.491 26027 26078 D UserSceneDetector: UserSceneDetectorImpl notifyAppJank: totalDuration=684692438, frameInterval=16702431, start=284054277191388, end=284054962163982
03-14 07:25:30.491  2524  2863 I WindowManager: wms.showSurfaceRobustly mWin:Window{2fec7de u0 com.example.orderlistapp/com.example.orderlistapp.MainActivity}
03-14 07:25:30.491 26027 26078 D UserSceneDetector: invoke error.
03-14 07:25:30.496  2524  2629 W ziparchive: Unable to open '/data/app/~~UBtO8K4Qn3wBZQnWnVGMnw==/com.example.orderlistapp-FgQzGsiHMCqvgPphA0VvAA==/base.dm': No such file or directory
03-14 07:25:30.499  2524  2629 I ActivityTaskManager: Displayed com.example.orderlistapp/.MainActivity for user 0: +1s615ms
03-14 07:25:30.515  3717  3956 W WindowOnBackDispatcher: sendCancelIfRunning: isInProgress=falsecallback=android.view.ViewRootImpl$$ExternalSyntheticLambda23@ba01666
03-14 07:25:30.516  2524  5959 D CoreBackPreview: Window{dd2d0b8 u0 Splash Screen com.example.orderlistapp}: Setting back callback null
03-14 07:25:30.517  1480  1667 I BpBinder: onLastStrongRef automatically unlinking death recipients: 
03-14 07:25:30.518  2524  5959 W InputManager-JNI: Input channel object 'dd2d0b8 Splash Screen com.example.orderlistapp (client)' was disposed without first being removed with the input manager!
03-14 07:25:30.521 26027 26027 I HandWritingStubImpl: refreshLastKeyboardType: 1
03-14 07:25:30.521 26027 26027 I HandWritingStubImpl: getCurrentKeyboardType: 1
03-14 07:25:30.536   428   428 I hwservicemanager: getTransport: Cannot find entry vendor.qti.hardware.servicetracker@1.2::IServicetracker/default in either framework or device VINTF manifest.
03-14 07:25:30.536  2524  2862 W ActivityTaskManager: servicetracker HIDL not available
03-14 07:25:30.536  2524  2862 E ActivityTaskManager: Unable to get servicetracker HAL instance
03-14 07:25:30.537   428   428 I hwservicemanager: getTransport: Cannot find entry vendor.qti.hardware.servicetracker@1.2::IServicetracker/default in either framework or device VINTF manifest.
03-14 07:25:30.537  1480  2256 D RefreshRateSelector: Touch Boost
03-14 07:25:30.537  1480  2256 D MI-SF   : mIsSupportAutomodeForMaxFpsSetting is 0(0), getCurrentBrightness() = 0(0), mIsKeepAutoMode 0
03-14 07:25:30.537  1480  2256 D RefreshRateSelector: fixedMode_group: 0, isFindModeGroup 0
03-14 07:25:30.537  1480  2256 D RefreshRateSelector: find max refresh rate:60, mode Group:0
03-14 07:25:30.537  1480  2256 D MI-SF   : mIsSupportAutomodeForMaxFpsSetting is 0(0), getCurrentBrightness() = 0(0), mIsKeepAutoMode 0
03-14 07:25:30.537  1480  2256 D RefreshRateSelector: fixedMode_group: 0, isFindModeGroup 0
03-14 07:25:30.537  1480  2256 D RefreshRateSelector: find max refresh rate:60, mode Group:0
03-14 07:25:30.537  2524  2862 W ActivityTaskManager: servicetracker HIDL not available
03-14 07:25:30.537  2524  2862 E ActivityTaskManager: Unable to get servicetracker HAL instance
03-14 07:25:30.538  3731  3797 W DynamicDDSService: appName is not found in cache: com.miui.home
03-14 07:25:30.538  2524  5928 D CompatibilityChangeReporter: Compat change id reported: 214016041; UID 10331; state: ENABLED
03-14 07:25:30.539  2524  5928 I ImeTracker: com.example.orderlistapp:677310f3: onRequestHide at ORIGIN_SERVER_HIDE_INPUT reason HIDE_UNSPECIFIED_WINDOW
03-14 07:25:30.539  2524  5928 I ImeTracker: com.example.orderlistapp:677310f3: onCancelled at PHASE_SERVER_SHOULD_HIDE
03-14 07:25:30.539  9015 11590 D MirrorManager:  sendAcceptInput 0 0
03-14 07:25:30.542  2524  4010 I ClipboardServiceI: checkProviderWakePathForClipboard: primaryClip is null
03-14 07:25:30.545  3781  3781 D Launcher.Lifecycle: onStop:UserHandle{0},159d81d,false
03-14 07:25:30.545  3781  3781 D SoscSplitStateController: updateDividerFixedState: isFixed = false
03-14 07:25:30.545  3781  3781 D Launcher_UnlockAnimationStateMachine: onStop = IDLE
03-14 07:25:30.547  3717  3892 D SoScSplitScreenController: updateDividerFixedState isFixed:false
03-14 07:25:30.547  2524  5959 I WindowManager: cancelAnimation removed leash : Surface(name=Surface(name=72c30f2 InputMethod#29324)/@0xe486a3e - animation-leash of insets_animation#37185)/@0x525a9ff
03-14 07:25:30.547 24888 26764 I FontLog : (REDACTED) Received query %s, URI %s
03-14 07:25:30.548 24888 26764 I FontLog : (REDACTED) Query [%s] resolved to %s
03-14 07:25:30.550 10911 10940 D LauncherOverlay: setActivityState:0
03-14 07:25:30.550 10911 10911 D LauncherOverlay.Window: onStop
03-14 07:25:30.552 24888 26764 I FontLog : (REDACTED) Fetch %s end status %s
03-14 07:25:30.554  3781  3781 D ActivityThread: Fail to check app heapsize due to java.lang.NoSuchMethodException: dalvik.system.VMRuntime.getBlockingGcCountForAlloc []
03-14 07:25:30.557 26027 26027 I HandWritingStubImpl: getCurrentKeyboardType: 1
03-14 07:25:30.567 24888 26764 I FontLog : (REDACTED) Pulling font file for id = %d, cache size = %d
03-14 07:25:30.568  1480  1480 W Layer   : gatherBufferInfo: Received unknown dataspace from gralloc
03-14 07:25:30.569  1480  1480 D RefreshRateSelector: Touch Boost
03-14 07:25:30.569  1480  1480 D MI-SF   : mIsSupportAutomodeForMaxFpsSetting is 0(0), getCurrentBrightness() = 0(0), mIsKeepAutoMode 0
03-14 07:25:30.569  1480  1480 D RefreshRateSelector: fixedMode_group: 0, isFindModeGroup 0
03-14 07:25:30.569  1480  1480 D RefreshRateSelector: find max refresh rate:60, mode Group:0
03-14 07:25:30.569  1480  1480 D MI-SF   : mIsSupportAutomodeForMaxFpsSetting is 0(0), getCurrentBrightness() = 0(0), mIsKeepAutoMode 0
03-14 07:25:30.569  1480  1480 D RefreshRateSelector: fixedMode_group: 0, isFindModeGroup 0
03-14 07:25:30.569  1480  1480 D RefreshRateSelector: find max refresh rate:60, mode Group:0
03-14 07:25:30.570   428   428 I hwservicemanager: getTransport: Cannot find entry vendor.qti.hardware.servicetracker@1.2::IServicetracker/default in either framework or device VINTF manifest.
03-14 07:25:30.571  2524  5928 W ActivityTaskManager: servicetracker HIDL not available
03-14 07:25:30.571  2524  5928 E ActivityTaskManager: Unable to get servicetracker HAL instance
03-14 07:25:30.574   428   428 I hwservicemanager: getTransport: Cannot find entry vendor.qti.hardware.servicetracker@1.2::IServicetracker/default in either framework or device VINTF manifest.
03-14 07:25:30.574  2524  5928 W ActivityTaskManager: servicetracker HIDL not available
03-14 07:25:30.575  2524  5928 E ActivityTaskManager: Unable to get servicetracker HAL instance
03-14 07:25:30.579  2524  2860 D Aurogon :  uid = 10147 switch to BG
03-14 07:25:30.579  3717  3717 D Utilities:  oldHints : 0 backDisposition : 0 imeShown : false hints 0
03-14 07:25:30.579  6948  6969 D PMonitor:  onForegroundActivitiesChanged:pid = 3781,activity-uid=10147,foregroundActivities=false
03-14 07:25:30.580  2524  3294 D isUidValid: uid = 10147
03-14 07:25:30.582 24888 26764 I FontLog : (REDACTED) Pulling font file for id = %d, cache size = %d
03-14 07:25:30.584  2524  3220 I MiuiNetworkPolicy: updateUidState uid = 10201, uidState = 5
03-14 07:25:30.586  1480  1480 W Layer   : gatherBufferInfo: Received unknown dataspace from gralloc
03-14 07:25:30.592  1480  1480 D MI-SF   : Launcher Changed hasLauncher=0
03-14 07:25:30.593  2524  3220 I MiuiNetworkPolicy: updateUidState uid = 10182, uidState = 4
03-14 07:25:30.594  2524  3220 I MiuiNetworkPolicy: updateUidState uid = 10165, uidState = 4
03-14 07:25:30.594  2524  3220 I MiuiNetworkPolicy: updateUidState uid = 10159, uidState = 5
03-14 07:25:30.594  2524  3220 I MiuiNetworkPolicy: updateUidState uid = 10147, uidState = 5
03-14 07:25:30.603  1480  1480 W Layer   : gatherBufferInfo: Received unknown dataspace from gralloc
03-14 07:25:30.779 26027 26040 I le.orderlistapp: Compiler allocated 4818KB to compile void android.view.ViewRootImpl.performTraversals()
03-14 07:25:30.792  1333  2192 I minksocket: MinkIPC MESSAGE: ( 1333:2192 ) MinkIPC_QRTR_Service:301 minkipc = 0xb400007e48423900 sock = 18, client with node 1 port 7780 went down
03-14 07:25:30.793  8683  8723 W OpenGLRenderer: Surface doesn't have any previously queued frames, nothing to readback from
03-14 07:25:30.794  1333  2192 I minksocket: MinkIPC MESSAGE: ( 1333:2192 ) MinkIPC_QRTR_Service:301 minkipc = 0xb400007e48423900 sock = 18, client with node 1 port 7781 went down
03-14 07:25:30.795  1333  2192 I minksocket: MinkIPC MESSAGE: ( 1333:2192 ) MinkIPC_QRTR_Service:301 minkipc = 0xb400007e48423900 sock = 18, client with node 1 port 7782 went down
03-14 07:25:30.796  8683  8723 W OpenGLRenderer: Surface doesn't have any previously queued frames, nothing to readback from
03-14 07:25:30.800  1333  2192 I minksocket: MinkIPC MESSAGE: ( 1333:2192 ) MinkIPC_QRTR_Service:301 minkipc = 0xb400007e48423900 sock = 18, client with node 1 port 7783 went down
03-14 07:25:31.326  1391  1604 I SDM     : DisplayBase::CommitThread: Received idle timeout, panel: video, timeout: 70000 us
03-14 07:25:31.674  6606  6623 D BtGatt.GattService: getDeviceType() - device=8C:FD:15:A6:6E:A4, type=1
03-14 07:25:31.674  6606  6623 D BtGatt.GattService: getDeviceType() - device=41:42:A3:6F:92:8B, type=1
03-14 07:25:31.677  6606  6623 D BtGatt.GattService: getDeviceType() - device=8C:FD:15:A6:6E:A4, type=1
03-14 07:25:31.678  6606  6623 D BtGatt.GattService: getDeviceType() - device=41:42:A3:6F:92:8B, type=1
03-14 07:25:31.681  6606  6623 D BtGatt.GattService: getDeviceType() - device=8C:FD:15:A6:6E:A4, type=1
03-14 07:25:31.681  6606  6623 D BtGatt.GattService: getDeviceType() - device=41:42:A3:6F:92:8B, type=1
03-14 07:25:31.696  2524  5928 D CompatibilityChangeReporter: Compat change id reported: 161145287; UID 1000; state: ENABLED
03-14 07:25:31.696  2524  5928 D CompatibilityChangeReporter: Compat change id reported: 161145287; UID 1000; state: DISABLED
03-14 07:25:31.752  9015 10007 I libc    : kill: send 15 to pid 26088 real pid 26088
03-14 07:25:31.893  1333  2192 I minksocket: MinkIPC MESSAGE: ( 1333:2192 ) MinkIPC_QRTR_Service:301 minkipc = 0xb400007e48423900 sock = 18, client with node 1 port 7784 went down
03-14 07:25:31.897  1333  2192 I minksocket: MinkIPC MESSAGE: ( 1333:2192 ) MinkIPC_QRTR_Service:301 minkipc = 0xb400007e48423900 sock = 18, client with node 1 port 7785 went down
03-14 07:25:31.898  1333  2192 I minksocket: MinkIPC MESSAGE: ( 1333:2192 ) MinkIPC_QRTR_Service:301 minkipc = 0xb400007e48423900 sock = 18, client with node 1 port 7786 went down
03-14 07:25:31.900  1333  2192 I minksocket: MinkIPC MESSAGE: ( 1333:2192 ) MinkIPC_QRTR_Service:301 minkipc = 0xb400007e48423900 sock = 18, client with node 1 port 7787 went down
03-14 07:25:31.904  1480  1480 D RefreshRateSelector: Touch Boost
03-14 07:25:31.905  1480  1480 D MI-SF   : mIsSupportAutomodeForMaxFpsSetting is 0(0), getCurrentBrightness() = 0(0), mIsKeepAutoMode 0
03-14 07:25:31.905  1480  1480 D RefreshRateSelector: fixedMode_group: 0, isFindModeGroup 0
03-14 07:25:31.905  1480  1480 D RefreshRateSelector: find max refresh rate:60, mode Group:0
03-14 07:25:31.905  1480  1480 D MI-SF   : mIsSupportAutomodeForMaxFpsSetting is 0(0), getCurrentBrightness() = 0(0), mIsKeepAutoMode 0
03-14 07:25:31.905  1480  1480 D RefreshRateSelector: fixedMode_group: 0, isFindModeGroup 0
03-14 07:25:31.905  1480  1480 D RefreshRateSelector: find max refresh rate:60, mode Group:0
03-14 07:25:32.012  1391  1604 I SDM     : DisplayBase::CommitThread: Received idle timeout, panel: video, timeout: 70000 us
03-14 07:25:32.092  6606  6623 D BtGatt.GattService: getDeviceType() - device=8C:FD:15:A6:6E:A4, type=1
03-14 07:25:32.092  6606  6623 D BtGatt.GattService: getDeviceType() - device=41:42:A3:6F:92:8B, type=1
03-14 07:25:32.095  6606  6623 D BtGatt.GattService: getDeviceType() - device=8C:FD:15:A6:6E:A4, type=1
03-14 07:25:32.096  6606  6623 D BtGatt.GattService: getDeviceType() - device=41:42:A3:6F:92:8B, type=1
03-14 07:25:32.098  6606  6623 D BtGatt.GattService: getDeviceType() - device=8C:FD:15:A6:6E:A4, type=1
03-14 07:25:32.098  6606  6623 D BtGatt.GattService: getDeviceType() - device=41:42:A3:6F:92:8B, type=1
03-14 07:25:32.152  9015 10007 I libc    : kill: send 15 to pid 26097 real pid 26097
03-14 07:25:32.424  2524  3379 I SmartPower: com.preff.kb.xm:push/10298(25785): background->idle(3001ms) R(become invisible) adj=915.
03-14 07:25:32.424  2524  3379 I SmartPower: com.preff.kb.xm/10298(14296): background->idle(3002ms) R(become invisible) adj=200.
03-14 07:25:32.562  3717  3967 D NetworkController.MobileSignalController(1): notifyListeners: mFeatureRelayData=false
03-14 07:25:32.580  1391  1604 I SDM     : DisplayBase::CommitThread: Received idle timeout, panel: video, timeout: 70000 us
03-14 07:25:32.583  2524  5928 W ActivityManagerServiceImpl: Sending non-protected broadcast xiaomi.intent.action.DEVICE_STATE from system 3711:com.android.phone/1001 pkg com.android.phone. Callers=
03-14 07:25:32.599  2524  3379 I SmartPower: com.miui.home/10147(3781): background->idle(3001ms) R(become invisible) adj=100.
03-14 07:25:32.600  2524  3379 I SmartPower: com.mi.globalminusscreen/10159(10911): background->idle(3000ms) R(become background) adj=100.
03-14 07:25:32.666  1391  1604 I SDM     : DisplayBase::CommitThread: Received idle timeout, panel: video, timeout: 70000 us
03-14 07:25:33.147  1391  1604 I SDM     : DisplayBase::CommitThread: Received idle timeout, panel: video, timeout: 70000 us
03-14 07:25:33.538  1480  2256 D MI-SF   : mIsSupportAutomodeForMaxFpsSetting is 0(0), getCurrentBrightness() = 0(0), mIsKeepAutoMode 0
03-14 07:25:33.538  1480  2256 D RefreshRateSelector: fixedMode_group: 0, isFindModeGroup 0
03-14 07:25:33.538  1480  2256 D RefreshRateSelector: find max refresh rate:60, mode Group:0
03-14 07:25:34.171  1480  2738 D MI-SF   : setIdleFps choose FPS:60, mode:0
03-14 07:25:34.327 26027 26027 W le.orderlistapp: Accessing hidden method Ljava/lang/invoke/MethodHandles$Lookup;-><init>(Ljava/lang/Class;I)V (unsupported, reflection, allowed)
03-14 07:25:34.641 26027 26027 D CompatibilityChangeReporter: Compat change id reported: 289878283; UID 10331; state: ENABLED
03-14 07:25:34.795 26027 26070 E le.orderlistapp: DynamicFPS DF open fail: No such file or directory
03-14 07:25:34.795 26027 26070 W le.orderlistapp: remote service is not exist
03-14 07:25:34.796  1480  2738 D MI-SF   : mIsSupportAutomodeForMaxFpsSetting is 0(0), getCurrentBrightness() = 0(0), mIsKeepAutoMode 0
03-14 07:25:34.796  1480  2738 D RefreshRateSelector: fixedMode_group: 0, isFindModeGroup 0
03-14 07:25:34.796  1480  2738 D RefreshRateSelector: find max refresh rate:60, mode Group:0
03-14 07:25:34.813 26027 26115 I okhttp.OkHttpClient: --> GET https://script.google.com/macros/s/AKfycbzs0sXJVV4W9EHgApMqgBx8m1WX2wrX41VbjSWN8J1kybwjKlWvoflvabgy_BvpUo_c/exec?action=getPendingMissingItems
03-14 07:25:34.813 26027 26115 I okhttp.OkHttpClient: --> END GET
03-14 07:25:34.814 26027 26114 I okhttp.OkHttpClient: --> GET https://script.google.com/macros/s/AKfycbzs0sXJVV4W9EHgApMqgBx8m1WX2wrX41VbjSWN8J1kybwjKlWvoflvabgy_BvpUo_c/exec?action=getActiveOrders
03-14 07:25:34.814 26027 26046 D UserSceneDetector: UserSceneDetectorImpl notifyAppJank: totalDuration=522130880, frameInterval=16666666, start=284058751658777, end=284059273837262
03-14 07:25:34.814 26027 26114 I okhttp.OkHttpClient: --> END GET
03-14 07:25:34.815 26027 26046 D UserSceneDetector: invoke error.
03-14 07:25:34.815 26027 26116 I okhttp.OkHttpClient: --> GET https://script.google.com/macros/s/AKfycbzs0sXJVV4W9EHgApMqgBx8m1WX2wrX41VbjSWN8J1kybwjKlWvoflvabgy_BvpUo_c/exec?action=getDispatchedOrders
03-14 07:25:34.816 26027 26116 I okhttp.OkHttpClient: --> END GET
03-14 07:25:34.825 26027 26117 I okhttp.OkHttpClient: --> GET https://script.google.com/macros/s/AKfycbzs0sXJVV4W9EHgApMqgBx8m1WX2wrX41VbjSWN8J1kybwjKlWvoflvabgy_BvpUo_c/exec?action=getPendingFullOrders
03-14 07:25:34.825 26027 26117 I okhttp.OkHttpClient: --> END GET
03-14 07:25:34.827 26027 26118 I okhttp.OkHttpClient: --> GET https://script.google.com/macros/s/AKfycbzs0sXJVV4W9EHgApMqgBx8m1WX2wrX41VbjSWN8J1kybwjKlWvoflvabgy_BvpUo_c/exec?action=getCouriers
03-14 07:25:34.827 26027 26118 I okhttp.OkHttpClient: --> END GET
03-14 07:25:34.893 26027 26046 D UserSceneDetector: UserSceneDetectorImpl notifyAppJank: totalDuration=499475119, frameInterval=16707514, start=284058871598342, end=284059371278356
03-14 07:25:34.894 26027 26046 D UserSceneDetector: invoke error.
03-14 07:25:34.903 26027 26114 D TrafficStats: tagSocket(129) with statsTag=0xffffffff, statsUid=-1
03-14 07:25:34.903 26027 26115 D TrafficStats: tagSocket(140) with statsTag=0xffffffff, statsUid=-1
03-14 07:25:34.903 26027 26117 D TrafficStats: tagSocket(142) with statsTag=0xffffffff, statsUid=-1
03-14 07:25:34.904 26027 26118 D TrafficStats: tagSocket(143) with statsTag=0xffffffff, statsUid=-1
03-14 07:25:34.915 26027 26116 D TrafficStats: tagSocket(126) with statsTag=0xffffffff, statsUid=-1
03-14 07:25:34.932  1333  2192 I minksocket: MinkIPC MESSAGE: ( 1333:2192 ) MinkIPC_QRTR_Service:301 minkipc = 0xb400007e48423900 sock = 18, client with node 1 port 7788 went down
03-14 07:25:34.933  1333  2192 I minksocket: MinkIPC MESSAGE: ( 1333:2192 ) MinkIPC_QRTR_Service:301 minkipc = 0xb400007e48423900 sock = 18, client with node 1 port 7789 went down
03-14 07:25:34.936  1333  2192 I minksocket: MinkIPC MESSAGE: ( 1333:2192 ) MinkIPC_QRTR_Service:301 minkipc = 0xb400007e48423900 sock = 18, client with node 1 port 778a went down
03-14 07:25:34.936  1333  2192 I minksocket: MinkIPC MESSAGE: ( 1333:2192 ) MinkIPC_QRTR_Service:301 minkipc = 0xb400007e48423900 sock = 18, client with node 1 port 778b went down
