03-14 07:25:58.116  1333  2192 I minksocket: MinkIPC MESSAGE: ( 1333:2192 ) MinkIPC_QRTR_Service:301 minkipc = 0xb400007e48423900 sock = 18, client with node 1 port 77be went down
03-14 07:25:58.117  1333  2192 I minksocket: MinkIPC MESSAGE: ( 1333:2192 ) MinkIPC_QRTR_Service:301 minkipc = 0xb400007e48423900 sock = 18, client with node 1 port 77bf went down
03-14 07:25:58.718  3717  3967 D NetworkController.MobileSignalController(1): notifyListeners: mFeatureRelayData=false
03-14 07:25:58.739  2524  5959 W ActivityManagerServiceImpl: Sending non-protected broadcast xiaomi.intent.action.DEVICE_STATE from system 3711:com.android.phone/1001 pkg com.android.phone. Callers=
03-14 07:25:58.769  6606  7024 I BtGatt.ScanManager: msg.what = MSG_BALANCED_TIMEOUT_RECENTLY, msg.arg1 = BALANCED_TIMEOUT_RECENTLY
03-14 07:25:58.784  6606  7024 D BtGatt.ScanManager: track LE scan event: callerPackage = [com.google.android.gms], scanMode = [1], reportDelayMillis = [0], behavior = [3075], scannerId = [6], duration = [30021]
03-14 07:25:58.784  6606  7024 D BtGatt.ScanManager: configureRegularScanParams() - queue=2
03-14 07:25:58.784  6606  7024 D BtGatt.ScanManager: configureRegularScanParams() - ScanSetting LE 1M Scan mode=1 ScanSetting LE Coded Scan mode=0 mLastConfiguredScanSettingLE1M=1 mLastConfiguredScanSettingLECoded=0 scanPhy=255
03-14 07:25:58.785  6606  7024 D BtGatt.ScanManager: track LE scan event: callerPackage = [com.google.android.gms], scanMode = [0], reportDelayMillis = [0], behavior = [3073], scannerId = [6], duration = [0]
03-14 07:25:58.826  1391  1604 I SDM     : DisplayBase::CommitThread: Received idle timeout, panel: video, timeout: 69999 us
03-14 07:25:59.213  1333  2192 I minksocket: MinkIPC MESSAGE: ( 1333:2192 ) MinkIPC_QRTR_Service:301 minkipc = 0xb400007e48423900 sock = 18, client with node 1 port 77c0 went down
03-14 07:25:59.214  1333  2192 I minksocket: MinkIPC MESSAGE: ( 1333:2192 ) MinkIPC_QRTR_Service:301 minkipc = 0xb400007e48423900 sock = 18, client with node 1 port 77c1 went down
03-14 07:25:59.215  1333  2192 I minksocket: MinkIPC MESSAGE: ( 1333:2192 ) MinkIPC_QRTR_Service:301 minkipc = 0xb400007e48423900 sock = 18, client with node 1 port 77c2 went down
03-14 07:25:59.218  1333  2192 I minksocket: MinkIPC MESSAGE: ( 1333:2192 ) MinkIPC_QRTR_Service:301 minkipc = 0xb400007e48423900 sock = 18, client with node 1 port 77c3 went down
03-14 07:26:00.000  2524  3139 D AlarmManager: mBroadcastRefCount -> 1
03-14 07:26:00.003  2524  2524 D AlarmManager: mBroadcastRefCount -> 0
03-14 07:26:00.003  2524  2524 D AlarmManager: mPendingIntent -> null
03-14 07:26:00.007  3717  3717 E AnimationHelper: updateTime mToAod:false mHasNotification: true, mClockType: classic
03-14 07:26:00.028  3717  3717 D MiuiStatusBarClock: updateTime: 7:26
03-14 07:26:00.131  1391  1604 I SDM     : DisplayBase::CommitThread: Received idle timeout, panel: video, timeout: 70000 us
03-14 07:26:04.668  6606  6606 D HeadsetService: BroadcastReceiver android.intent.action.BATTERY_CHANGED
03-14 07:26:04.670  3671  3671 D QtiCarrierConfigHelper: WARNING, no carrier configs on phone Id: 1
03-14 07:26:04.671  2524  2524 D UiModeManager: updateConfigurationLocked: mDockState=0; mCarMode=false; mCar=false; mPowerSave=false; mOverrideNightModeOn=false; mOverrideNightModeOff=false; mComputedNightMode=false; mNightMode=1; uiMode=17
03-14 07:26:04.671 13250 13250 D DeviceStatisticsService: onReceive: action= android.intent.action.BATTERY_CHANGED
03-14 07:26:04.673  7723  7723 I PowerUtils: getSurfaceTemprature temp: 35
03-14 07:26:04.674  9015 10250 D PowerKeeper.Thermal: mBatteryTemperature: 35
03-14 07:26:04.674  1438  1438 E vendor.xiaomi.hardware.micharge-service: Failed to open node /sys/class/qcom-battery/night_charging
03-14 07:26:04.674  1438  1438 I vendor.xiaomi.hardware.micharge-service: ReadFilePathValue path = /sys/class/qcom-battery/night_charging value = 
03-14 07:26:04.674  9015  9526 D PowerCheckerService: onBatteryChanged, mBatteryLevel = 66, status = 2, level = 66, plug = 2, scale = 100
03-14 07:26:04.674  7723  8850 E IMiCharge: MiCharge method 19 val = 
03-14 07:26:04.675  9015  9526 D PowerKeeper.FrozenApp: onBatteryChanged plug=true mBatteryPlugged=2
03-14 07:26:04.675  7723  8850 I ChargeProtectionUtils: getNightChargingState: 
03-14 07:26:04.675  7723  7723 I PowerSaveService: onReceive: android.intent.action.BATTERY_CHANGED
03-14 07:26:04.675  7723  7723 I PowerNoticeUI: handleBatteryChanged oldPlugType 2 mPlugType 2 oldBatteryLevel 66 mBatteryLevel 66 temperature 350
03-14 07:26:04.675  7723  7723 I ChargerBatteryIntelligenceReceiver: onBatteryChanged temperature∩╝Ü35,plugType:2
03-14 07:26:04.676  7723  7723 D BaseChargeProtect_HighTemp: mCountByMinute:0,isScreenOn:true
03-14 07:26:04.694 13250 13250 V DeviceStatisticsService: chargerType=2 batteryLevel=66 totalBatteryCapacity=5494100
03-14 07:26:04.695 13250 13250 D DeviceInfoAidlClient: isRadioOn()=true
03-14 07:26:04.695 13250 13250 I DeviceInfoAidlClient: isPowerInfoNeverSent=false batteryLevel=66 batteryLevelIndex=5 chargingMode=2 totalCapacity=5494100 powerSaveMode=false
03-14 07:26:04.951  2524  3139 W ActivityManagerServiceImpl: Sending non-protected broadcast miui.intent.action.CYCLE_CHECK from system uid 1000 pkg android. Callers=com.android.server.am.ActivityManagerService.checkBroadcastFromSystem:15261 com.android.server.am.ActivityManagerService.broadcastIntentLockedTraced:16091 com.android.server.am.ActivityManagerService.broadcastIntentLocked:15319 com.android.server.am.ActivityManagerService.broadcastIntentInPackage:16324 com.android.server.am.ActivityManagerService$LocalService.broadcastIntentInPackage:19070 
03-14 07:26:04.951  2524  3139 D AlarmManager: mBroadcastRefCount -> 1
03-14 07:26:04.955  2524  2876 W ProcessStats: Tracking association SourceState{791d0e5 com.miui.securitycenter/1000 BFgs #742695} whose proc state 4 is better than process ProcessState{2049975 com.miui.securitycenter.remote/1000 pkg=com.miui.securitycenter} proc state 9 (15 skipped)
03-14 07:26:04.956  2524  2633 D CompatibilityChangeReporter: Compat change id reported: 171306433; UID 1000; state: ENABLED
03-14 07:26:04.956  2524  2633 D CompatibilityChangeReporter: Compat change id reported: 218533173; UID 1000; state: ENABLED
03-14 07:26:04.959  2524  2524 D AlarmManager: mBroadcastRefCount -> 0
03-14 07:26:04.959  2524  2524 D AlarmManager: mPendingIntent -> PendingIntent{cd03666: PendingIntentRecord{e1e6da7 android broadcastIntent}}
03-14 07:26:04.968  1438  1438 I vendor.xiaomi.hardware.micharge-service: ReadFilePathValue path = /sys/class/power_supply/battery/temp value = 350
03-14 07:26:04.968  2524  2633 E IMiCharge: MiCharge method 9 val = 350
03-14 07:26:04.970  1438  1438 I vendor.xiaomi.hardware.micharge-service: ReadFilePathValue path = /sys/class/power_supply/battery/charge_control_limit value = 5
03-14 07:26:04.970  2524  2633 E IMiCharge: MiCharge method 10 val = 5
03-14 07:26:06.698  2524  2909 D DisplayPowerControllerImpl: updateBrightnessChangeStatus: animating: true, displayState: 2, slowChange: false, appliedDimming: true, appliedLowPower: false, currentBrightness: 0.084967755, currentSdrBrightness: 0.084967755, targetBrightness: 0.001709819, targetSdrBrightness: 0.001709819, previousDisplayPolicy: 3, currentDisplayPolicy: 2
03-14 07:26:06.700  2524  2909 I DisplayPowerController[0]: Brightness [0.001709819] reason changing to: 'automatic [ dim ]', previous reason: 'automatic'.
03-14 07:26:06.701  2524  2909 I DisplayPowerController[0]: BrightnessEvent: disp=0, physDisp=local:4630947217459655297, brt=0.001709819, initBrt=0.084967755, rcmdBrt=0.084967755, preBrt=0.076955274, lux=123.09946, preLux=36.80282, hbmMax=0.49975574, hbmMode=off, rbcStrength=50, thrmMax=1.0, powerFactor=1.0, wasShortTermModelActive=false, flags=, reason=automatic [ dim ], autoBrightness=true, strategy=
03-14 07:26:06.702  2524  2862 D TAG     : Remove previously redundant display event 0/4 to 10156/25417
03-14 07:26:06.805  1480  2257 W EventThreadInspector: slow VSync-app on display(4630947217459655297) count=1, avg=30 ms, max=30 ms.
03-14 07:26:06.929  1391  1604 I SDM     : DisplayBase::CommitThread: Received idle timeout, panel: video, timeout: 69999 us
03-14 07:26:07.773  3717  3967 D NetworkController.MobileSignalController(1): notifyListeners: mFeatureRelayData=false
03-14 07:26:07.796  2524  5959 W ActivityManagerServiceImpl: Sending non-protected broadcast xiaomi.intent.action.DEVICE_STATE from system 3711:com.android.phone/1001 pkg com.android.phone. Callers=
03-14 07:26:07.882  1391  1604 I SDM     : DisplayBase::CommitThread: Received idle timeout, panel: video, timeout: 70000 us
03-14 07:26:08.113  1480  2269 D MI-SF	 : TouchMonitorThread: BTN_TOUCH: 0x1
03-14 07:26:08.114  1480  2256 D MI-SF   : setIdleFps choose FPS:60, mode:0
03-14 07:26:08.114  1480  2738 D RefreshRateSelector: Touch Boost
03-14 07:26:08.114  1480  2738 D MI-SF   : mIsSupportAutomodeForMaxFpsSetting is 0(0), getCurrentBrightness() = 0(0), mIsKeepAutoMode 0
03-14 07:26:08.114  1480  2738 D RefreshRateSelector: fixedMode_group: 0, isFindModeGroup 0
03-14 07:26:08.114  1480  2738 D RefreshRateSelector: find max refresh rate:60, mode Group:0
03-14 07:26:08.114  1480  2738 D MI-SF   : mIsSupportAutomodeForMaxFpsSetting is 0(0), getCurrentBrightness() = 0(0), mIsKeepAutoMode 0
03-14 07:26:08.114  1480  2738 D RefreshRateSelector: fixedMode_group: 0, isFindModeGroup 0
03-14 07:26:08.114  1480  2738 D RefreshRateSelector: find max refresh rate:60, mode Group:0
03-14 07:26:08.115  2524  2909 D DisplayPowerControllerImpl: updateBrightnessChangeStatus: animating: true, displayState: 2, slowChange: false, appliedDimming: false, appliedLowPower: false, currentBrightness: 0.001709819, currentSdrBrightness: 0.001709819, targetBrightness: 0.084967755, targetSdrBrightness: 0.084967755, previousDisplayPolicy: 2, currentDisplayPolicy: 3
03-14 07:26:08.116  2524  2909 I DisplayPowerController[0]: Brightness [0.084967755] reason changing to: 'automatic', previous reason: 'automatic [ dim ]'.
03-14 07:26:08.116  2524  2909 I DisplayPowerController[0]: BrightnessEvent: disp=0, physDisp=local:4630947217459655297, brt=0.084967755, initBrt=0.001709819, rcmdBrt=0.084967755, preBrt=0.076955274, lux=123.09946, preLux=36.80282, hbmMax=0.49975574, hbmMode=off, rbcStrength=50, thrmMax=1.0, powerFactor=1.0, wasShortTermModelActive=false, flags=, reason=automatic, autoBrightness=true, strategy=
03-14 07:26:08.117  2524  2862 D TAG     : Remove previously redundant display event 0/4 to 10156/25417
03-14 07:26:08.141  2524  3157 I InputDispatcher: Dropping event because the pointer is not down or we previously dropped the pointer down event in display 0: MotionEvent(action=MOVE)
03-14 07:26:08.150  2524  3157 I InputDispatcher: Dropping event because the pointer is not down or we previously dropped the pointer down event in display 0: MotionEvent(action=MOVE)
03-14 07:26:08.157  2524  3157 I InputDispatcher: Dropping event because the pointer is not down or we previously dropped the pointer down event in display 0: MotionEvent(action=MOVE)
03-14 07:26:08.166  2524  3157 I InputDispatcher: Dropping event because the pointer is not down or we previously dropped the pointer down event in display 0: MotionEvent(action=MOVE)
03-14 07:26:08.174  2524  3157 I InputDispatcher: Dropping event because the pointer is not down or we previously dropped the pointer down event in display 0: MotionEvent(action=MOVE)
03-14 07:26:08.183  2524  3157 I InputDispatcher: Dropping event because the pointer is not down or we previously dropped the pointer down event in display 0: MotionEvent(action=MOVE)
03-14 07:26:08.191  2524  3157 I InputDispatcher: Dropping event because the pointer is not down or we previously dropped the pointer down event in display 0: MotionEvent(action=MOVE)
03-14 07:26:08.200  2524  3157 I InputDispatcher: Dropping event because the pointer is not down or we previously dropped the pointer down event in display 0: MotionEvent(action=MOVE)
03-14 07:26:08.209  2524  3157 I InputDispatcher: Dropping event because the pointer is not down or we previously dropped the pointer down event in display 0: MotionEvent(action=MOVE)
03-14 07:26:08.217  2524  3157 I InputDispatcher: Dropping event because the pointer is not down or we previously dropped the pointer down event in display 0: MotionEvent(action=MOVE)
03-14 07:26:08.224  2524  3157 I InputDispatcher: Dropping event because the pointer is not down or we previously dropped the pointer down event in display 0: MotionEvent(action=MOVE)
03-14 07:26:08.233  2524  3157 I InputDispatcher: Dropping event because the pointer is not down or we previously dropped the pointer down event in display 0: MotionEvent(action=MOVE)
03-14 07:26:08.241  2524  3157 I InputDispatcher: Dropping event because the pointer is not down or we previously dropped the pointer down event in display 0: MotionEvent(action=MOVE)
03-14 07:26:08.250  2524  3157 I InputDispatcher: Dropping event because the pointer is not down or we previously dropped the pointer down event in display 0: MotionEvent(action=MOVE)
03-14 07:26:08.259  2524  3157 I InputDispatcher: Dropping event because the pointer is not down or we previously dropped the pointer down event in display 0: MotionEvent(action=MOVE)
03-14 07:26:08.267  2524  3157 I InputDispatcher: Dropping event because the pointer is not down or we previously dropped the pointer down event in display 0: MotionEvent(action=MOVE)
03-14 07:26:08.276  2524  3157 I InputDispatcher: Dropping event because the pointer is not down or we previously dropped the pointer down event in display 0: MotionEvent(action=MOVE)
03-14 07:26:08.283  2524  3157 I InputDispatcher: Dropping event because the pointer is not down or we previously dropped the pointer down event in display 0: MotionEvent(action=MOVE)
03-14 07:26:08.310  2524  3157 I InputDispatcher: Dropping event because the pointer is not down or we previously dropped the pointer down event in display 0: MotionEvent(action=MOVE)
03-14 07:26:08.318  2524  3157 I InputDispatcher: Dropping event because the pointer is not down or we previously dropped the pointer down event in display 0: MotionEvent(action=MOVE)
03-14 07:26:08.325  1480  2269 D MI-SF	 : TouchMonitorThread: BTN_TOUCH: 0x0
03-14 07:26:08.325  2524  3157 I InputDispatcher: Dropping event because the pointer is not down or we previously dropped the pointer down event in display 0: MotionEvent(action=UP)
03-14 07:26:08.350  1391  1604 I SDM     : DisplayBase::CommitThread: Received idle timeout, panel: video, timeout: 70000 us
03-14 07:26:08.454  1333  2192 I minksocket: MinkIPC MESSAGE: ( 1333:2192 ) MinkIPC_QRTR_Service:301 minkipc = 0xb400007e48423900 sock = 18, client with node 1 port 77c4 went down
03-14 07:26:08.455  1333  2192 I minksocket: MinkIPC MESSAGE: ( 1333:2192 ) MinkIPC_QRTR_Service:301 minkipc = 0xb400007e48423900 sock = 18, client with node 1 port 77c5 went down
03-14 07:26:08.456  1333  2192 I minksocket: MinkIPC MESSAGE: ( 1333:2192 ) MinkIPC_QRTR_Service:301 minkipc = 0xb400007e48423900 sock = 18, client with node 1 port 77c6 went down
03-14 07:26:08.458  1333  2192 I minksocket: MinkIPC MESSAGE: ( 1333:2192 ) MinkIPC_QRTR_Service:301 minkipc = 0xb400007e48423900 sock = 18, client with node 1 port 77c7 went down
03-14 07:26:08.759  2524  3220 D MiuiNetworkPolicy: updateLimit mLimitEnabled=true,enabled=false,mNetworkPriorityMode=0,mThermalForceMode=0
03-14 07:26:08.759  2524  3220 I MiuiNetworkPolicy: getDisableLimitTimeout when thermal mode is:0
03-14 07:26:08.778  3717  3967 D NetworkController.MobileSignalController(1): notifyListeners: mFeatureRelayData=false
03-14 07:26:08.801  2524  5959 W ActivityManagerServiceImpl: Sending non-protected broadcast xiaomi.intent.action.DEVICE_STATE from system 3711:com.android.phone/1001 pkg com.android.phone. Callers=
03-14 07:26:08.886  1391  1604 I SDM     : DisplayBase::CommitThread: Received idle timeout, panel: video, timeout: 69999 us
03-14 07:26:09.420  1480  2738 D MI-SF   : setIdleFps choose FPS:60, mode:0
03-14 07:26:09.553  1333  2192 I minksocket: MinkIPC MESSAGE: ( 1333:2192 ) MinkIPC_QRTR_Service:301 minkipc = 0xb400007e48423900 sock = 18, client with node 1 port 77c8 went down
03-14 07:26:09.554  1333  2192 I minksocket: MinkIPC MESSAGE: ( 1333:2192 ) MinkIPC_QRTR_Service:301 minkipc = 0xb400007e48423900 sock = 18, client with node 1 port 77c9 went down
03-14 07:26:09.555  1333  2192 I minksocket: MinkIPC MESSAGE: ( 1333:2192 ) MinkIPC_QRTR_Service:301 minkipc = 0xb400007e48423900 sock = 18, client with node 1 port 77ca went down
03-14 07:26:09.557  1333  2192 I minksocket: MinkIPC MESSAGE: ( 1333:2192 ) MinkIPC_QRTR_Service:301 minkipc = 0xb400007e48423900 sock = 18, client with node 1 port 77cb went down
03-14 07:26:11.321  1480  2256 D MI-SF   : setIdleFps choose FPS:60, mode:0
03-14 07:26:11.986  2524  2865 D HeapUsage Monitor: HeapAllocSize : 78MB; monitorSize : 500MB
03-14 07:26:13.429 24675 24716 D MiuiFastConnectService: stopBleScan: scanning: true
03-14 07:26:13.430 24675 24716 D BluetoothAdapter: isLeEnabled(): ON
03-14 07:26:13.432  6606  6623 D BtGatt.GattService: stopScan() - queue size =2
03-14 07:26:13.434  6606  7024 I BtGatt.ScanManager: msg.what = MSG_STOP_BLE_SCAN, msg.arg1 = None
03-14 07:26:13.434  6606  7024 D BtGatt.ScanManager: track LE scan event: callerPackage = [com.xiaomi.bluetooth], scanMode = [0], reportDelayMillis = [0], behavior = [2], scannerId = [7], duration = [59919]
03-14 07:26:13.434  6606  7024 D BtGatt.ScanManager: handling stopping scan  [ScanClient scanModeApp 0 scanModeUsed 0 [appScanStats android.uid.bluetooth:1002]]
03-14 07:26:13.434  6606  7024 E BluetoothUtils: isDeepDozeMode? false
03-14 07:26:13.435  1346  1346 D vendor.qti.bluetooth@1.1-ibs_handler: SerialClockVote: vote for UART CLK ON
03-14 07:26:13.436  6606  6623 D BtGatt.GattService: unregisterScanner() - scannerId=7
03-14 07:26:13.442  1346  1346 D vendor.qti.bluetooth@1.1-uart_transport: SocRxDWakeup: Flow off->Change UART baudrate to 38.4kbs->send 0x00->Change UART baudrate to max->Flow on
03-14 07:26:13.442  1346  1346 I vendor.qti.bluetooth@1.1-uart_transport: ## userial_vendor_ioctl: UART Flow Off 
03-14 07:26:13.443  1346  1346 I vendor.qti.bluetooth@1.1-uart_transport: ## userial_vendor_set_baud: 17
03-14 07:26:13.453  1346  1346 I vendor.qti.bluetooth@1.1-uart_transport: SocRxDWakeup: in BOTHER
03-14 07:26:13.453  1346  1346 I vendor.qti.bluetooth@1.1-uart_transport: ## userial_vendor_ioctl: UART Flow On 
03-14 07:26:13.453  1346  1346 D vendor.qti.bluetooth@1.1-wake_lock: Acquire wakelock is acquired 
03-14 07:26:13.453  1346  1346 I vendor.qti.bluetooth@1.1-ibs_handler: DeviceWakeUp: Writing IBS_WAKE_IND
03-14 07:26:13.454  1346  7095 I vendor.qti.bluetooth@1.1-ibs_handler: ProcessIbsCmd: Received IBS_WAKE_ACK: 0xFC
03-14 07:26:13.454  1346  7095 I vendor.qti.bluetooth@1.1-ibs_handler: ProcessIbsCmd: Signal wack_cond_
03-14 07:26:13.454  1346  1346 D vendor.qti.bluetooth@1.1-ibs_handler: DeviceWakeUp: Unblocked from waiting for FC, pthread_cond_timedwait ret = 0
03-14 07:26:13.455  1346  7095 I vendor.qti.bluetooth@1.1-ibs_handler: ProcessIbsCmd: Received IBS_WAKE_IND: 0xFD
03-14 07:26:13.455  1346  7095 I vendor.qti.bluetooth@1.1-ibs_handler: ProcessIbsCmd: Writing IBS_WAKE_ACK
03-14 07:26:13.456  6606  6794 D BtGatt.GattService: onScanFilterParamsConfigured() - clientIf=7, status=0, action=1, availableSpace=9
03-14 07:26:13.456  6606  6794 D BtGatt.ScanManager: callback done for scannerId - 7 status - 0
03-14 07:26:13.457  6606  6794 D BtGatt.GattService: onScanFilterParamsConfigured() - clientIf=7, status=0, action=1, availableSpace=10
03-14 07:26:13.457  6606  6794 D BtGatt.ScanManager: callback done for scannerId - 7 status - 0
03-14 07:26:13.459  6606  6794 D BtGatt.GattService: onScanFilterParamsConfigured() - clientIf=7, status=0, action=1, availableSpace=11
03-14 07:26:13.459  6606  6794 D BtGatt.ScanManager: callback done for scannerId - 7 status - 0
03-14 07:26:13.460  6606  6794 D BtGatt.GattService: onScanFilterParamsConfigured() - clientIf=7, status=0, action=1, availableSpace=12
03-14 07:26:13.460  6606  6794 D BtGatt.ScanManager: callback done for scannerId - 7 status - 0
03-14 07:26:13.461  6606  6794 D BtGatt.GattService: onScanFilterParamsConfigured() - clientIf=7, status=0, action=1, availableSpace=13
03-14 07:26:13.461  6606  6794 D BtGatt.ScanManager: callback done for scannerId - 7 status - 0
03-14 07:26:13.463  6606  6794 D BtGatt.GattService: onScanFilterParamsConfigured() - clientIf=7, status=0, action=1, availableSpace=14
03-14 07:26:13.463  6606  6794 D BtGatt.ScanManager: callback done for scannerId - 7 status - 0
03-14 07:26:13.463  6606  7024 D BtGatt.ScanManager: configureRegularScanParams() - queue=1
03-14 07:26:13.463  6606  7024 D BtGatt.ScanManager: configureRegularScanParams() - ScanSetting LE 1M Scan mode=0 ScanSetting LE Coded Scan mode=-2147483648 mLastConfiguredScanSettingLE1M=1 mLastConfiguredScanSettingLECoded=0 scanPhy=1
03-14 07:26:13.463  6606  7024 D BtGatt.ScanManager: configureRegularScanParams() - queue emtpy, scan stopped
03-14 07:26:13.463  6606  7024 D BtGatt.ScanManager: configureRegularScanParams - scanInterval LE 1M = 660 configureRegularScanParams - scanWindow LE 1M= 66 configureRegularScanParams - scanInterval LE Coded= -2147483648 configureRegularScanParams - scanWindow LE Coded= -2147483648
03-14 07:26:13.464  6606  6794 D BtGatt.GattService: onScanParamSetupCompleted : 0
03-14 07:26:13.498 24675 24716 D MiuiFastConnectService: handleMessage: MSG_START_BLE_SCAN mode: 0
03-14 07:26:13.499 24675 24716 D BluetoothAdapter: isLeEnabled(): ON
03-14 07:26:13.502  6606  6623 D BtGatt.GattService: registerScanner() - UUID=9d5642e8-fbca-4636-b84e-b2311ff4509d
03-14 07:26:13.503  6606  6794 D BtGatt.GattService: onScannerRegistered() - UUID=9d5642e8-fbca-4636-b84e-b2311ff4509d, scannerId=7, status=0
03-14 07:26:13.503 24675 24689 D BluetoothLeScanner: onScannerRegistered() - status=0 scannerId=7 mScannerId=0
03-14 07:26:13.504  6606  6623 D BtGatt.GattService: start scan with filters. callingPackage: com.xiaomi.bluetooth
03-14 07:26:13.505  6606  6623 D BtGatt.GattService: enforcePrivilegedPermissionIfNeeded([BluetoothLeScanFilter [mDeviceName=null, mDeviceAddress=null, mUuid=null, mUuidMask=null, mServiceSolicitationUuid=null, mServiceSolicitationUuidMask=null, mServiceDataUuid=null, mServiceData=null, mServiceDataMask=null, mManufacturerId=911, mManufacturerData=[], mManufacturerDataMask=null, mAdvertisingDataType=-1, mAdvertisingData=null, mAdvertisingDataMask=null, mTransportBlockFilter=null], mOrganizationId=-1, mTDSFlags=-1, mTDSFlagsMask=-1, mWifiNANHash=null], mGroupBasedFiltering=false, BluetoothLeScanFilter [mDeviceName=null, mDeviceAddress=null, mUuid=null, mUuidMask=null, mServiceSolicitationUuid=null, mServiceSolicitationUuidMask=null, mServiceDataUuid=null, mServiceData=null, mServiceDataMask=null, mManufacturerId=65535, mManufacturerData=[77], mManufacturerDataMask=null, mAdvertisingDataType=-1, mAdvertisingData=null, mAdvertisingDataMask=null, mTransportBlockFilter=null], mOrganizationId=-1, mTDSFlags=-1, mTDSFlagsMask=-1, mWifiNANHash=null], mGroupBasedFiltering=false, BluetoothLeScanFilter [mDeviceName=null, mDeviceAddress=null, mUuid=null, mUuidMask=null, mServiceSolicitationUuid=null, mServiceSolicitationUuidMask=null, mServiceDataUuid=0000fe95-0000-1000-8000-00805f9b34fb, mServiceData=[], mServiceDataMask=null, mManufacturerId=-1, mManufacturerData=null, mManufacturerDataMask=null, mAdvertisingDataType=-1, mAdvertisingData=null, mAdvertisingDataMask=null, mTransportBlockFilter=null], mOrganizationId=-1, mTDSFlags=-1, mTDSFlagsMask=-1, mWifiNANHash=null], mGroupBasedFiltering=false, BluetoothLeScanFilter [mDeviceName=null, mDeviceAddress=null, mUuid=null, mUuidMask=null, mServiceSolicitationUuid=null, mServiceSolicitationUuidMask=null, mServiceDataUuid=0000fdaa-0000-1000-8000-00805f9b34fb, mServiceData=[], mServiceDataMask=null, mManufacturerId=-1, mManufacturerData=null, mManufacturerDataMask=null, mAdvertisingDataType=-1, mAdvertisingData=null, mAdvertisingDataMask=null, mTransportBlockFilter=null], mOrganizationId=-1, mTDSFlags=-1, mTDSFlagsMask=-1, mWifiNANHash=null], mGroupBasedFiltering=false, BluetoothLeScanFilter [mDeviceName=null, mDeviceAddress=null, mUuid=null, mUuidMask=null, mServiceSolicitationUuid=null, mServiceSolicitationUuidMask=null, mServiceDataUuid=0000fdee-0000-1000-8000-00805f9b34fb, mServiceData=[1, 1, 1], mServiceDataMask=null, mManufacturerId=-1, mManufacturerData=null, mManufacturerDataMask=null, mAdvertisingDataType=-1, mAdvertisingData=null, mAdvertisingDataMask=null, mTransportBlockFilter=null], mOrganizationId=-1, mTDSFlags=-1, mTDSFlagsMask=-1, mWifiNANHash=null], mGroupBasedFiltering=false, BluetoothLeScanFilter [mDeviceName=null, mDeviceAddress=null, mUuid=null, mUuidMask=null, mServiceSolicitationUuid=null, mServiceSolicitationUuidMask=null, mServiceDataUuid=0000fd2d-0000-1000-8000-00805f9b34fb, mServiceData=[], mServiceDataMask=null, mManufacturerId=-1, mManufacturerData=null, mManufacturerDataMask=null, mAdvertisingDataType=-1, mAdvertisingData=null, mAdvertisingDataMask=null, mTransportBlockFilter=null], mOrganizationId=-1, mTDSFlags=-1, mTDSFlagsMask=-1, mWifiNANHash=null], mGroupBasedFiltering=false])
03-14 07:26:13.507  1346  7095 I vendor.qti.bluetooth@1.1-ibs_handler: ProcessIbsCmd: Received IBS_SLEEP_IND: 0xFE
03-14 07:26:13.508  6606  6623 W BluetoothUtils: callingUid is Process.BLUETOOTH_UID
03-14 07:26:13.510  6606  6623 D BtGatt.ScanManager: startScan()  [ScanClient scanModeApp 0 scanModeUsed 0 [appScanStats android.uid.bluetooth:1002]]
03-14 07:26:13.510  6606  7024 I BtGatt.ScanManager: msg.what = MSG_RECORD_CALLER, msg.arg1 = None
03-14 07:26:13.510  6606  7024 I BtGatt.ScanManager: msg.what = MSG_START_BLE_SCAN, msg.arg1 = None
03-14 07:26:13.510  6606  7024 D BtGatt.ScanManager: handling starting scan
03-14 07:26:13.510  6606  7024 D BtGatt.ScanManager: isAptXLowLatencyModeEnabled: false
03-14 07:26:13.510  6606  7024 D BtGatt.ScanManager: track LE scan event: callerPackage = [com.xiaomi.bluetooth], scanMode = [0], reportDelayMillis = [0], behavior = [1], scannerId = [7], duration = [0]
03-14 07:26:13.511  1346  7095 I vendor.qti.bluetooth@1.1-ibs_handler: ProcessIbsCmd: Received IBS_WAKE_IND: 0xFD
03-14 07:26:13.511  1346  7095 I vendor.qti.bluetooth@1.1-ibs_handler: ProcessIbsCmd: Writing IBS_WAKE_ACK
03-14 07:26:13.512  6606  6794 D BtGatt.GattService: onScanFilterEnableDisabled() - clientIf=7, status=0, action=1
03-14 07:26:13.512  6606  6794 D BtGatt.ScanManager: callback done for scannerId - 7 status - 0
03-14 07:26:13.512  6606  7024 D BtGatt.ScanManager: configureScanFilters rssiThreshold: -60, 15
03-14 07:26:13.512  6606  7024 D BtGatt.ScanManager: Available Filter size: 11
03-14 07:26:13.512  6606  6794 D BtGatt.GattService: onScanFilterConfig() - clientIf=7, action = 0 status = 0, filterType=0, availableSpace=0
03-14 07:26:13.512  6606  6794 D BtGatt.ScanManager: callback done for scannerId - 7 status - 0
03-14 07:26:13.512  6606  7024 D BtGatt.ScanManager: configureFilterParamter 500 10000 1 0, deliveryMode=0
03-14 07:26:13.514  6606  6794 D BtGatt.GattService: onScanFilterParamsConfigured() - clientIf=7, status=0, action=0, availableSpace=13
03-14 07:26:13.514  6606  6794 D BtGatt.ScanManager: callback done for scannerId - 7 status - 0
03-14 07:26:13.515  6606  6794 D BtGatt.GattService: onScanFilterConfig() - clientIf=7, action = 0 status = 0, filterType=0, availableSpace=0
03-14 07:26:13.515  6606  6794 D BtGatt.ScanManager: callback done for scannerId - 7 status - 0
03-14 07:26:13.515  6606  7024 D BtGatt.ScanManager: configureFilterParamter 500 10000 1 0, deliveryMode=0
03-14 07:26:13.516  6606  6794 D BtGatt.GattService: onScanFilterParamsConfigured() - clientIf=7, status=0, action=0, availableSpace=12
03-14 07:26:13.516  6606  6794 D BtGatt.ScanManager: callback done for scannerId - 7 status - 0
03-14 07:26:13.517  6606  6794 D BtGatt.GattService: onScanFilterConfig() - clientIf=7, action = 0 status = 0, filterType=0, availableSpace=0
03-14 07:26:13.517  6606  6794 D BtGatt.ScanManager: callback done for scannerId - 7 status - 0
03-14 07:26:13.517  6606  7024 D BtGatt.ScanManager: configureFilterParamter 500 10000 1 0, deliveryMode=0
03-14 07:26:13.518  6606  6794 D BtGatt.GattService: onScanFilterParamsConfigured() - clientIf=7, status=0, action=0, availableSpace=11
03-14 07:26:13.518  6606  6794 D BtGatt.ScanManager: callback done for scannerId - 7 status - 0
03-14 07:26:13.519  6606  6794 D BtGatt.GattService: onScanFilterConfig() - clientIf=7, action = 0 status = 0, filterType=0, availableSpace=0
03-14 07:26:13.519  6606  6794 D BtGatt.ScanManager: callback done for scannerId - 7 status - 0
03-14 07:26:13.519  6606  7024 D BtGatt.ScanManager: configureFilterParamter 500 10000 1 0, deliveryMode=0
03-14 07:26:13.520  6606  6794 D BtGatt.GattService: onScanFilterParamsConfigured() - clientIf=7, status=0, action=0, availableSpace=10
03-14 07:26:13.520  6606  6794 D BtGatt.ScanManager: callback done for scannerId - 7 status - 0
03-14 07:26:13.521  6606  6794 D BtGatt.GattService: onScanFilterConfig() - clientIf=7, action = 0 status = 0, filterType=0, availableSpace=0
03-14 07:26:13.521  6606  6794 D BtGatt.ScanManager: callback done for scannerId - 7 status - 0
03-14 07:26:13.521  6606  7024 D BtGatt.ScanManager: configureFilterParamter 500 10000 1 0, deliveryMode=0
03-14 07:26:13.523  6606  6794 D BtGatt.GattService: onScanFilterParamsConfigured() - clientIf=7, status=0, action=0, availableSpace=9
03-14 07:26:13.523  6606  6794 D BtGatt.ScanManager: callback done for scannerId - 7 status - 0
03-14 07:26:13.523  6606  6794 D BtGatt.GattService: onScanFilterConfig() - clientIf=7, action = 0 status = 0, filterType=0, availableSpace=0
03-14 07:26:13.523  6606  6794 D BtGatt.ScanManager: callback done for scannerId - 7 status - 0
03-14 07:26:13.523  6606  7024 D BtGatt.ScanManager: configureFilterParamter 500 10000 1 0, deliveryMode=0
03-14 07:26:13.525  6606  6794 D BtGatt.GattService: onScanFilterParamsConfigured() - clientIf=7, status=0, action=0, availableSpace=8
03-14 07:26:13.525  6606  6794 D BtGatt.ScanManager: callback done for scannerId - 7 status - 0
03-14 07:26:13.526  6606  7024 D BtGatt.ScanManager: configureRegularScanParams() - queue=2
03-14 07:26:13.526  6606  7024 D BtGatt.ScanManager: configureRegularScanParams() - ScanSetting LE 1M Scan mode=0 ScanSetting LE Coded Scan mode=0 mLastConfiguredScanSettingLE1M=0 mLastConfiguredScanSettingLECoded=-2147483648 scanPhy=255
03-14 07:26:13.527  6606  7024 D BtGatt.ScanManager: configureRegularScanParams - scanInterval LE 1M = 660 configureRegularScanParams - scanWindow LE 1M= 66 configureRegularScanParams - scanInterval LE Coded= 660 configureRegularScanParams - scanWindow LE Coded= 66
03-14 07:26:13.527  6606  6794 D BtGatt.GattService: onScanParamSetupCompleted : 0
03-14 07:26:13.527  6606  7024 D BtGatt.ScanManager: apply scan timeout (300000)to scannerId 7
03-14 07:26:13.571  1346  7095 I vendor.qti.bluetooth@1.1-ibs_handler: ProcessIbsCmd: Received IBS_SLEEP_IND: 0xFE
03-14 07:26:13.764  2524  3220 D MiuiNetworkPolicy: updateLimit mLimitEnabled=false,enabled=true,mNetworkPriorityMode=0,mThermalForceMode=0
03-14 07:26:13.764  2524  3220 I MiuiNetworkPolicy: getEnableLimitTimeout when thermal mode is:0
03-14 07:26:14.531  1346  7101 I vendor.qti.bluetooth@1.1-ibs_handler: DeviceSleep: TX Awake, Sending SLEEP_IND
03-14 07:26:14.531  1346  7101 D vendor.qti.bluetooth@1.1-ibs_handler: SerialClockVote: vote for UART CLK OFF
03-14 07:26:14.683  1346  7046 D vendor.qti.bluetooth@1.1-wake_lock: Release wakelock is released 
03-14 07:26:14.958  2524  3122 W ProcessStats: Tracking association SourceState{791d0e5 com.miui.securitycenter/1000 BFgs #742696} whose proc state 4 is better than process ProcessState{2049975 com.miui.securitycenter.remote/1000 pkg=com.miui.securitycenter} proc state 9 (14 skipped)
