03-14 07:25:34.943  2524  3139 W ActivityManagerServiceImpl: Sending non-protected broadcast miui.intent.action.CYCLE_CHECK from system uid 1000 pkg android. Callers=com.android.server.am.ActivityManagerService.checkBroadcastFromSystem:15261 com.android.server.am.ActivityManagerService.broadcastIntentLockedTraced:16091 com.android.server.am.ActivityManagerService.broadcastIntentLocked:15319 com.android.server.am.ActivityManagerService.broadcastIntentInPackage:16324 com.android.server.am.ActivityManagerService$LocalService.broadcastIntentInPackage:19070 
03-14 07:25:34.944  2524  3139 D AlarmManager: mBroadcastRefCount -> 1
03-14 07:25:34.951  2524  2524 D AlarmManager: mBroadcastRefCount -> 0
03-14 07:25:34.952  2524  2524 D AlarmManager: mPendingIntent -> PendingIntent{cd03666: PendingIntentRecord{e1e6da7 android broadcastIntent}}
03-14 07:25:34.956  1438  1438 I vendor.xiaomi.hardware.micharge-service: ReadFilePathValue path = /sys/class/power_supply/battery/temp value = 350
03-14 07:25:34.956  2524  2633 E IMiCharge: MiCharge method 9 val = 350
03-14 07:25:34.957  1438  1438 I vendor.xiaomi.hardware.micharge-service: ReadFilePathValue path = /sys/class/power_supply/battery/charge_control_limit value = 5
03-14 07:25:34.957  2524  2633 E IMiCharge: MiCharge method 10 val = 5
03-14 07:25:35.063 26027 26135 D ProfileInstaller: Installing profile for com.example.orderlistapp
03-14 07:25:35.131  1333  2192 I minksocket: MinkIPC MESSAGE: ( 1333:2192 ) MinkIPC_QRTR_Service:301 minkipc = 0xb400007e48423900 sock = 18, client with node 1 port 778c went down
03-14 07:25:35.133  1333  2192 I minksocket: MinkIPC MESSAGE: ( 1333:2192 ) MinkIPC_QRTR_Service:301 minkipc = 0xb400007e48423900 sock = 18, client with node 1 port 778d went down
03-14 07:25:35.134  1333  2192 I minksocket: MinkIPC MESSAGE: ( 1333:2192 ) MinkIPC_QRTR_Service:301 minkipc = 0xb400007e48423900 sock = 18, client with node 1 port 778e went down
03-14 07:25:35.135  1333  2192 I minksocket: MinkIPC MESSAGE: ( 1333:2192 ) MinkIPC_QRTR_Service:301 minkipc = 0xb400007e48423900 sock = 18, client with node 1 port 7790 went down
03-14 07:25:35.136  1333  2192 I minksocket: MinkIPC MESSAGE: ( 1333:2192 ) MinkIPC_QRTR_Service:301 minkipc = 0xb400007e48423900 sock = 18, client with node 1 port 7791 went down
03-14 07:25:35.137  1333  2192 I minksocket: MinkIPC MESSAGE: ( 1333:2192 ) MinkIPC_QRTR_Service:301 minkipc = 0xb400007e48423900 sock = 18, client with node 1 port 7792 went down
03-14 07:25:35.139  1824  1897 D IPACM   : vendor/qcom/opensource/data-ipa-cfg-mgr/ipacm/src/IPACM_Routing.cpp:411 DeleteRoutingHdl() Deleting Route hdl:(0x12) with ip type: 1
03-14 07:25:35.140  1824  1897 D IPACM   : vendor/qcom/opensource/data-ipa-cfg-mgr/ipacm/src/IPACM_Routing.cpp:411 DeleteRoutingHdl() Deleting Route hdl:(0x13) with ip type: 1
03-14 07:25:35.141  1824  1897 D IPACM   : vendor/qcom/opensource/data-ipa-cfg-mgr/ipacm/src/IPACM_Routing.cpp:411 DeleteRoutingHdl() Deleting Route hdl:(0x10) with ip type: 1
03-14 07:25:35.143  1824  1897 D IPACM   : vendor/qcom/opensource/data-ipa-cfg-mgr/ipacm/src/IPACM_Routing.cpp:411 DeleteRoutingHdl() Deleting Route hdl:(0x14) with ip type: 1
03-14 07:25:35.147  1824  1897 D IPACM   : vendor/qcom/opensource/data-ipa-cfg-mgr/ipacm/src/IPACM_Routing.cpp:145 AddRoutingRule() Added routing rule 0xb400007f30250000
03-14 07:25:35.149  1824  1897 D IPACM   : vendor/qcom/opensource/data-ipa-cfg-mgr/ipacm/src/IPACM_Routing.cpp:145 AddRoutingRule() Added routing rule 0xb400007f30250000
03-14 07:25:35.151  1824  1897 D IPACM   : vendor/qcom/opensource/data-ipa-cfg-mgr/ipacm/src/IPACM_Routing.cpp:145 AddRoutingRule() Added routing rule 0xb400007f30250000
03-14 07:25:35.152  1824  1897 D IPACM   : vendor/qcom/opensource/data-ipa-cfg-mgr/ipacm/src/IPACM_Routing.cpp:145 AddRoutingRule() Added routing rule 0xb400007f30250000
03-14 07:25:35.152  1824  1897 D IPACM   : vendor/qcom/opensource/data-ipa-cfg-mgr/ipacm/src/IPACM_Routing.cpp:411 DeleteRoutingHdl() Deleting Route hdl:(0x16) with ip type: 1
03-14 07:25:35.153  1824  1897 D IPACM   : vendor/qcom/opensource/data-ipa-cfg-mgr/ipacm/src/IPACM_Routing.cpp:411 DeleteRoutingHdl() Deleting Route hdl:(0x17) with ip type: 1
03-14 07:25:35.154  1824  1897 D IPACM   : vendor/qcom/opensource/data-ipa-cfg-mgr/ipacm/src/IPACM_Routing.cpp:411 DeleteRoutingHdl() Deleting Route hdl:(0x15) with ip type: 1
03-14 07:25:35.154  1824  1897 D IPACM   : vendor/qcom/opensource/data-ipa-cfg-mgr/ipacm/src/IPACM_Routing.cpp:411 DeleteRoutingHdl() Deleting Route hdl:(0x18) with ip type: 1
03-14 07:25:35.155  1824  1897 D IPACM   : vendor/qcom/opensource/data-ipa-cfg-mgr/ipacm/src/IPACM_Routing.cpp:411 DeleteRoutingHdl() Deleting Route hdl:(0x1a) with ip type: 1
03-14 07:25:35.158  1824  1897 D IPACM   : vendor/qcom/opensource/data-ipa-cfg-mgr/ipacm/src/IPACM_Routing.cpp:411 DeleteRoutingHdl() Deleting Route hdl:(0x1b) with ip type: 1
03-14 07:25:35.158  1824  1897 D IPACM   : vendor/qcom/opensource/data-ipa-cfg-mgr/ipacm/src/IPACM_Routing.cpp:411 DeleteRoutingHdl() Deleting Route hdl:(0x19) with ip type: 1
03-14 07:25:35.160  1824  1897 D IPACM   : vendor/qcom/opensource/data-ipa-cfg-mgr/ipacm/src/IPACM_Routing.cpp:411 DeleteRoutingHdl() Deleting Route hdl:(0x1c) with ip type: 1
03-14 07:25:35.168  1824  1897 D IPACM   : vendor/qcom/opensource/data-ipa-cfg-mgr/ipacm/src/IPACM_Routing.cpp:145 AddRoutingRule() Added routing rule 0xb400007f30250000
03-14 07:25:35.169  1824  1897 D IPACM   : vendor/qcom/opensource/data-ipa-cfg-mgr/ipacm/src/IPACM_Routing.cpp:145 AddRoutingRule() Added routing rule 0xb400007f30250000
03-14 07:25:35.170  1824  1897 D IPACM   : vendor/qcom/opensource/data-ipa-cfg-mgr/ipacm/src/IPACM_Routing.cpp:145 AddRoutingRule() Added routing rule 0xb400007f30250000
03-14 07:25:35.171  1824  1897 D IPACM   : vendor/qcom/opensource/data-ipa-cfg-mgr/ipacm/src/IPACM_Routing.cpp:145 AddRoutingRule() Added routing rule 0xb400007f30250000
03-14 07:25:35.171  1824  1897 D IPACM   : vendor/qcom/opensource/data-ipa-cfg-mgr/ipacm/src/IPACM_Routing.cpp:145 AddRoutingRule() Added routing rule 0xb400007f30250000
03-14 07:25:35.172  1824  1897 D IPACM   : vendor/qcom/opensource/data-ipa-cfg-mgr/ipacm/src/IPACM_Routing.cpp:145 AddRoutingRule() Added routing rule 0xb400007f30250000
03-14 07:25:35.173  1824  1897 D IPACM   : vendor/qcom/opensource/data-ipa-cfg-mgr/ipacm/src/IPACM_Routing.cpp:145 AddRoutingRule() Added routing rule 0xb400007f30250000
03-14 07:25:35.174  1824  1897 D IPACM   : vendor/qcom/opensource/data-ipa-cfg-mgr/ipacm/src/IPACM_Routing.cpp:145 AddRoutingRule() Added routing rule 0xb400007f30250000
03-14 07:25:35.175  1824  1897 D IPACM   : vendor/qcom/opensource/data-ipa-cfg-mgr/ipacm/src/IPACM_Routing.cpp:411 DeleteRoutingHdl() Deleting Route hdl:(0x28) with ip type: 0
03-14 07:25:35.175  1824  1897 D IPACM   : vendor/qcom/opensource/data-ipa-cfg-mgr/ipacm/src/IPACM_Routing.cpp:411 DeleteRoutingHdl() Deleting Route hdl:(0x27) with ip type: 0
03-14 07:25:35.176  1824  1897 D IPACM   : vendor/qcom/opensource/data-ipa-cfg-mgr/ipacm/src/IPACM_Routing.cpp:411 DeleteRoutingHdl() Deleting Route hdl:(0x29) with ip type: 0
03-14 07:25:35.177  1824  1897 D IPACM   : vendor/qcom/opensource/data-ipa-cfg-mgr/ipacm/src/IPACM_Routing.cpp:145 AddRoutingRule() Added routing rule 0xb400007f30250000
03-14 07:25:35.177  1824  1897 D IPACM   : vendor/qcom/opensource/data-ipa-cfg-mgr/ipacm/src/IPACM_Routing.cpp:145 AddRoutingRule() Added routing rule 0xb400007f30250000
03-14 07:25:35.177  1824  1897 D IPACM   : vendor/qcom/opensource/data-ipa-cfg-mgr/ipacm/src/IPACM_Routing.cpp:145 AddRoutingRule() Added routing rule 0xb400007f30250000
03-14 07:25:35.177  1824  1897 D IPACM   : vendor/qcom/opensource/data-ipa-cfg-mgr/ipacm/src/IPACM_Routing.cpp:411 DeleteRoutingHdl() Deleting Route hdl:(0x1f) with ip type: 1
03-14 07:25:35.183  1824  1897 D IPACM   : vendor/qcom/opensource/data-ipa-cfg-mgr/ipacm/src/IPACM_Routing.cpp:411 DeleteRoutingHdl() Deleting Route hdl:(0x20) with ip type: 1
03-14 07:25:35.185  1824  1897 D IPACM   : vendor/qcom/opensource/data-ipa-cfg-mgr/ipacm/src/IPACM_Routing.cpp:411 DeleteRoutingHdl() Deleting Route hdl:(0x1e) with ip type: 1
03-14 07:25:35.186  1824  1897 D IPACM   : vendor/qcom/opensource/data-ipa-cfg-mgr/ipacm/src/IPACM_Routing.cpp:411 DeleteRoutingHdl() Deleting Route hdl:(0x21) with ip type: 1
03-14 07:25:35.187  1824  1897 D IPACM   : vendor/qcom/opensource/data-ipa-cfg-mgr/ipacm/src/IPACM_Routing.cpp:411 DeleteRoutingHdl() Deleting Route hdl:(0x23) with ip type: 1
03-14 07:25:35.188  1824  1897 D IPACM   : vendor/qcom/opensource/data-ipa-cfg-mgr/ipacm/src/IPACM_Routing.cpp:411 DeleteRoutingHdl() Deleting Route hdl:(0x24) with ip type: 1
03-14 07:25:35.189  1824  1897 D IPACM   : vendor/qcom/opensource/data-ipa-cfg-mgr/ipacm/src/IPACM_Routing.cpp:411 DeleteRoutingHdl() Deleting Route hdl:(0x22) with ip type: 1
03-14 07:25:35.190  1824  1897 D IPACM   : vendor/qcom/opensource/data-ipa-cfg-mgr/ipacm/src/IPACM_Routing.cpp:411 DeleteRoutingHdl() Deleting Route hdl:(0x25) with ip type: 1
03-14 07:25:35.192  1824  1897 D IPACM   : vendor/qcom/opensource/data-ipa-cfg-mgr/ipacm/src/IPACM_Routing.cpp:145 AddRoutingRule() Added routing rule 0xb400007f30250000
03-14 07:25:35.193  1824  1897 D IPACM   : vendor/qcom/opensource/data-ipa-cfg-mgr/ipacm/src/IPACM_Routing.cpp:145 AddRoutingRule() Added routing rule 0xb400007f30250000
03-14 07:25:35.194  1824  1897 D IPACM   : vendor/qcom/opensource/data-ipa-cfg-mgr/ipacm/src/IPACM_Routing.cpp:145 AddRoutingRule() Added routing rule 0xb400007f30250000
03-14 07:25:35.194  1824  1897 D IPACM   : vendor/qcom/opensource/data-ipa-cfg-mgr/ipacm/src/IPACM_Routing.cpp:145 AddRoutingRule() Added routing rule 0xb400007f30250000
03-14 07:25:35.197  1824  1897 D IPACM   : vendor/qcom/opensource/data-ipa-cfg-mgr/ipacm/src/IPACM_Routing.cpp:145 AddRoutingRule() Added routing rule 0xb400007f30250000
03-14 07:25:35.200  1824  1897 D IPACM   : vendor/qcom/opensource/data-ipa-cfg-mgr/ipacm/src/IPACM_Routing.cpp:145 AddRoutingRule() Added routing rule 0xb400007f30250000
03-14 07:25:35.201  1824  1897 D IPACM   : vendor/qcom/opensource/data-ipa-cfg-mgr/ipacm/src/IPACM_Routing.cpp:145 AddRoutingRule() Added routing rule 0xb400007f30250000
03-14 07:25:35.203  1824  1897 D IPACM   : vendor/qcom/opensource/data-ipa-cfg-mgr/ipacm/src/IPACM_Routing.cpp:145 AddRoutingRule() Added routing rule 0xb400007f30250000
03-14 07:25:35.577  3717  3967 D NetworkController.MobileSignalController(1): notifyListeners: mFeatureRelayData=false
03-14 07:25:35.602  2524  5928 W ActivityManagerServiceImpl: Sending non-protected broadcast xiaomi.intent.action.DEVICE_STATE from system 3711:com.android.phone/1001 pkg com.android.phone. Callers=
03-14 07:25:35.603  3711  3711 D TelephonyManager: requestModemActivityInfo: Sending result to app: ModemActivityInfo{ mTimestamp=819263029 mSleepTimeMs=55808896 mIdleTimeMs=712024412 mActivityStatsTechSpecificInfo=[{mRat=UNKNOWN,mFrequencyRange=UNKNOWN,mTxTimeMs[]=[0, 0, 0, 0, 0],mRxTimeMs=47550267}]}
03-14 07:25:36.038  1333  2192 I minksocket: MinkIPC MESSAGE: ( 1333:2192 ) MinkIPC_QRTR_Service:301 minkipc = 0xb400007e48423900 sock = 18, client with node 1 port 7794 went down
03-14 07:25:36.042  1333  2192 I minksocket: MinkIPC MESSAGE: ( 1333:2192 ) MinkIPC_QRTR_Service:301 minkipc = 0xb400007e48423900 sock = 18, client with node 1 port 7795 went down
03-14 07:25:36.043  1333  2192 I minksocket: MinkIPC MESSAGE: ( 1333:2192 ) MinkIPC_QRTR_Service:301 minkipc = 0xb400007e48423900 sock = 18, client with node 1 port 7796 went down
03-14 07:25:36.045  1333  2192 I minksocket: MinkIPC MESSAGE: ( 1333:2192 ) MinkIPC_QRTR_Service:301 minkipc = 0xb400007e48423900 sock = 18, client with node 1 port 7797 went down
03-14 07:25:36.592  6606  7024 I BtGatt.ScanManager: msg.what = MSG_IMPORTANCE_CHANGE, msg.arg1 = IMPORTANCE_CHANGE
03-14 07:25:36.593  2524  3220 I MiuiNetworkPolicy: updateUidState uid = 10142, uidState = 5
03-14 07:25:36.593  6606  7024 D BtGatt.ScanManager: uid 10142 isForeground true scanMode 1
03-14 07:25:36.636  1824  1897 D IPACM   : vendor/qcom/opensource/data-ipa-cfg-mgr/ipacm/src/IPACM_Routing.cpp:411 DeleteRoutingHdl() Deleting Route hdl:(0x12) with ip type: 1
03-14 07:25:36.639  1333  2192 I minksocket: MinkIPC MESSAGE: ( 1333:2192 ) MinkIPC_QRTR_Service:301 minkipc = 0xb400007e48423900 sock = 18, client with node 1 port 778f went down
03-14 07:25:36.644  1333  2192 I minksocket: MinkIPC MESSAGE: ( 1333:2192 ) MinkIPC_QRTR_Service:301 minkipc = 0xb400007e48423900 sock = 18, client with node 1 port 7793 went down
03-14 07:25:36.652  1824  1897 D IPACM   : vendor/qcom/opensource/data-ipa-cfg-mgr/ipacm/src/IPACM_Routing.cpp:411 DeleteRoutingHdl() Deleting Route hdl:(0x13) with ip type: 1
03-14 07:25:36.655  1824  1897 D IPACM   : vendor/qcom/opensource/data-ipa-cfg-mgr/ipacm/src/IPACM_Routing.cpp:411 DeleteRoutingHdl() Deleting Route hdl:(0x10) with ip type: 1
03-14 07:25:36.656  1824  1897 D IPACM   : vendor/qcom/opensource/data-ipa-cfg-mgr/ipacm/src/IPACM_Routing.cpp:411 DeleteRoutingHdl() Deleting Route hdl:(0x14) with ip type: 1
03-14 07:25:36.657  1824  1897 D IPACM   : vendor/qcom/opensource/data-ipa-cfg-mgr/ipacm/src/IPACM_Routing.cpp:145 AddRoutingRule() Added routing rule 0xb400007f30250000
03-14 07:25:36.658  1824  1897 D IPACM   : vendor/qcom/opensource/data-ipa-cfg-mgr/ipacm/src/IPACM_Routing.cpp:145 AddRoutingRule() Added routing rule 0xb400007f30250000
03-14 07:25:36.658  1824  1897 D IPACM   : vendor/qcom/opensource/data-ipa-cfg-mgr/ipacm/src/IPACM_Routing.cpp:145 AddRoutingRule() Added routing rule 0xb400007f30250000
03-14 07:25:36.658  1824  1897 D IPACM   : vendor/qcom/opensource/data-ipa-cfg-mgr/ipacm/src/IPACM_Routing.cpp:145 AddRoutingRule() Added routing rule 0xb400007f30250000
03-14 07:25:36.658  1824  1897 D IPACM   : vendor/qcom/opensource/data-ipa-cfg-mgr/ipacm/src/IPACM_Routing.cpp:411 DeleteRoutingHdl() Deleting Route hdl:(0x16) with ip type: 1
03-14 07:25:36.659  1824  1897 D IPACM   : vendor/qcom/opensource/data-ipa-cfg-mgr/ipacm/src/IPACM_Routing.cpp:411 DeleteRoutingHdl() Deleting Route hdl:(0x17) with ip type: 1
03-14 07:25:36.659  1824  1897 D IPACM   : vendor/qcom/opensource/data-ipa-cfg-mgr/ipacm/src/IPACM_Routing.cpp:411 DeleteRoutingHdl() Deleting Route hdl:(0x15) with ip type: 1
03-14 07:25:36.660  1824  1897 D IPACM   : vendor/qcom/opensource/data-ipa-cfg-mgr/ipacm/src/IPACM_Routing.cpp:411 DeleteRoutingHdl() Deleting Route hdl:(0x18) with ip type: 1
03-14 07:25:36.661  1824  1897 D IPACM   : vendor/qcom/opensource/data-ipa-cfg-mgr/ipacm/src/IPACM_Routing.cpp:411 DeleteRoutingHdl() Deleting Route hdl:(0x1a) with ip type: 1
03-14 07:25:36.662  1824  1897 D IPACM   : vendor/qcom/opensource/data-ipa-cfg-mgr/ipacm/src/IPACM_Routing.cpp:411 DeleteRoutingHdl() Deleting Route hdl:(0x1b) with ip type: 1
03-14 07:25:36.663  1824  1897 D IPACM   : vendor/qcom/opensource/data-ipa-cfg-mgr/ipacm/src/IPACM_Routing.cpp:411 DeleteRoutingHdl() Deleting Route hdl:(0x19) with ip type: 1
03-14 07:25:36.663  1824  1897 D IPACM   : vendor/qcom/opensource/data-ipa-cfg-mgr/ipacm/src/IPACM_Routing.cpp:411 DeleteRoutingHdl() Deleting Route hdl:(0x1c) with ip type: 1
03-14 07:25:36.664  1824  1897 D IPACM   : vendor/qcom/opensource/data-ipa-cfg-mgr/ipacm/src/IPACM_Routing.cpp:145 AddRoutingRule() Added routing rule 0xb400007f30250000
03-14 07:25:36.667  1824  1897 D IPACM   : vendor/qcom/opensource/data-ipa-cfg-mgr/ipacm/src/IPACM_Routing.cpp:145 AddRoutingRule() Added routing rule 0xb400007f30250000
03-14 07:25:36.671  1824  1897 D IPACM   : vendor/qcom/opensource/data-ipa-cfg-mgr/ipacm/src/IPACM_Routing.cpp:145 AddRoutingRule() Added routing rule 0xb400007f30250000
03-14 07:25:36.672  1824  1897 D IPACM   : vendor/qcom/opensource/data-ipa-cfg-mgr/ipacm/src/IPACM_Routing.cpp:145 AddRoutingRule() Added routing rule 0xb400007f30250000
03-14 07:25:36.672  1824  1897 D IPACM   : vendor/qcom/opensource/data-ipa-cfg-mgr/ipacm/src/IPACM_Routing.cpp:145 AddRoutingRule() Added routing rule 0xb400007f30250000
03-14 07:25:36.673  1824  1897 D IPACM   : vendor/qcom/opensource/data-ipa-cfg-mgr/ipacm/src/IPACM_Routing.cpp:145 AddRoutingRule() Added routing rule 0xb400007f30250000
03-14 07:25:36.673  1824  1897 D IPACM   : vendor/qcom/opensource/data-ipa-cfg-mgr/ipacm/src/IPACM_Routing.cpp:145 AddRoutingRule() Added routing rule 0xb400007f30250000
03-14 07:25:36.674  1824  1897 D IPACM   : vendor/qcom/opensource/data-ipa-cfg-mgr/ipacm/src/IPACM_Routing.cpp:145 AddRoutingRule() Added routing rule 0xb400007f30250000
03-14 07:25:36.674  1824  1897 D IPACM   : vendor/qcom/opensource/data-ipa-cfg-mgr/ipacm/src/IPACM_Routing.cpp:411 DeleteRoutingHdl() Deleting Route hdl:(0x28) with ip type: 0
03-14 07:25:36.674  1824  1897 D IPACM   : vendor/qcom/opensource/data-ipa-cfg-mgr/ipacm/src/IPACM_Routing.cpp:411 DeleteRoutingHdl() Deleting Route hdl:(0x27) with ip type: 0
03-14 07:25:36.675  1824  1897 D IPACM   : vendor/qcom/opensource/data-ipa-cfg-mgr/ipacm/src/IPACM_Routing.cpp:411 DeleteRoutingHdl() Deleting Route hdl:(0x29) with ip type: 0
03-14 07:25:36.676  1824  1897 D IPACM   : vendor/qcom/opensource/data-ipa-cfg-mgr/ipacm/src/IPACM_Routing.cpp:145 AddRoutingRule() Added routing rule 0xb400007f30250000
03-14 07:25:36.676  1824  1897 D IPACM   : vendor/qcom/opensource/data-ipa-cfg-mgr/ipacm/src/IPACM_Routing.cpp:145 AddRoutingRule() Added routing rule 0xb400007f30250000
03-14 07:25:36.676  1824  1897 D IPACM   : vendor/qcom/opensource/data-ipa-cfg-mgr/ipacm/src/IPACM_Routing.cpp:145 AddRoutingRule() Added routing rule 0xb400007f30250000
03-14 07:25:36.676  1824  1897 D IPACM   : vendor/qcom/opensource/data-ipa-cfg-mgr/ipacm/src/IPACM_Routing.cpp:411 DeleteRoutingHdl() Deleting Route hdl:(0x1f) with ip type: 1
03-14 07:25:36.677  1824  1897 D IPACM   : vendor/qcom/opensource/data-ipa-cfg-mgr/ipacm/src/IPACM_Routing.cpp:411 DeleteRoutingHdl() Deleting Route hdl:(0x20) with ip type: 1
03-14 07:25:36.677  1824  1897 D IPACM   : vendor/qcom/opensource/data-ipa-cfg-mgr/ipacm/src/IPACM_Routing.cpp:411 DeleteRoutingHdl() Deleting Route hdl:(0x1e) with ip type: 1
03-14 07:25:36.677  1824  1897 D IPACM   : vendor/qcom/opensource/data-ipa-cfg-mgr/ipacm/src/IPACM_Routing.cpp:411 DeleteRoutingHdl() Deleting Route hdl:(0x21) with ip type: 1
03-14 07:25:36.678  1824  1897 D IPACM   : vendor/qcom/opensource/data-ipa-cfg-mgr/ipacm/src/IPACM_Routing.cpp:411 DeleteRoutingHdl() Deleting Route hdl:(0x23) with ip type: 1
03-14 07:25:36.678  1824  1897 D IPACM   : vendor/qcom/opensource/data-ipa-cfg-mgr/ipacm/src/IPACM_Routing.cpp:411 DeleteRoutingHdl() Deleting Route hdl:(0x24) with ip type: 1
03-14 07:25:36.679  1824  1897 D IPACM   : vendor/qcom/opensource/data-ipa-cfg-mgr/ipacm/src/IPACM_Routing.cpp:411 DeleteRoutingHdl() Deleting Route hdl:(0x22) with ip type: 1
03-14 07:25:36.679  1824  1897 D IPACM   : vendor/qcom/opensource/data-ipa-cfg-mgr/ipacm/src/IPACM_Routing.cpp:411 DeleteRoutingHdl() Deleting Route hdl:(0x25) with ip type: 1
03-14 07:25:36.680  1824  1897 D IPACM   : vendor/qcom/opensource/data-ipa-cfg-mgr/ipacm/src/IPACM_Routing.cpp:145 AddRoutingRule() Added routing rule 0xb400007f30250000
03-14 07:25:36.680  1824  1897 D IPACM   : vendor/qcom/opensource/data-ipa-cfg-mgr/ipacm/src/IPACM_Routing.cpp:145 AddRoutingRule() Added routing rule 0xb400007f30250000
03-14 07:25:36.680  1824  1897 D IPACM   : vendor/qcom/opensource/data-ipa-cfg-mgr/ipacm/src/IPACM_Routing.cpp:145 AddRoutingRule() Added routing rule 0xb400007f30250000
03-14 07:25:36.681  1824  1897 D IPACM   : vendor/qcom/opensource/data-ipa-cfg-mgr/ipacm/src/IPACM_Routing.cpp:145 AddRoutingRule() Added routing rule 0xb400007f30250000
03-14 07:25:36.681  1824  1897 D IPACM   : vendor/qcom/opensource/data-ipa-cfg-mgr/ipacm/src/IPACM_Routing.cpp:145 AddRoutingRule() Added routing rule 0xb400007f30250000
03-14 07:25:36.683  1824  1897 D IPACM   : vendor/qcom/opensource/data-ipa-cfg-mgr/ipacm/src/IPACM_Routing.cpp:145 AddRoutingRule() Added routing rule 0xb400007f30250000
03-14 07:25:36.685  1824  1897 D IPACM   : vendor/qcom/opensource/data-ipa-cfg-mgr/ipacm/src/IPACM_Routing.cpp:145 AddRoutingRule() Added routing rule 0xb400007f30250000
03-14 07:25:36.687  1824  1897 D IPACM   : vendor/qcom/opensource/data-ipa-cfg-mgr/ipacm/src/IPACM_Routing.cpp:145 AddRoutingRule() Added routing rule 0xb400007f30250000
03-14 07:25:36.746 26027 26115 D TrafficStats: tagSocket(126) with statsTag=0xffffffff, statsUid=-1
03-14 07:25:36.835  1333  2192 I minksocket: MinkIPC MESSAGE: ( 1333:2192 ) MinkIPC_QRTR_Service:301 minkipc = 0xb400007e48423900 sock = 18, client with node 1 port 7798 went down
03-14 07:25:36.837  1333  2192 I minksocket: MinkIPC MESSAGE: ( 1333:2192 ) MinkIPC_QRTR_Service:301 minkipc = 0xb400007e48423900 sock = 18, client with node 1 port 7799 went down
03-14 07:25:36.838  1333  2192 I minksocket: MinkIPC MESSAGE: ( 1333:2192 ) MinkIPC_QRTR_Service:301 minkipc = 0xb400007e48423900 sock = 18, client with node 1 port 779a went down
03-14 07:25:36.840  1333  2192 I minksocket: MinkIPC MESSAGE: ( 1333:2192 ) MinkIPC_QRTR_Service:301 minkipc = 0xb400007e48423900 sock = 18, client with node 1 port 779c went down
03-14 07:25:36.840  1333  2192 I minksocket: MinkIPC MESSAGE: ( 1333:2192 ) MinkIPC_QRTR_Service:301 minkipc = 0xb400007e48423900 sock = 18, client with node 1 port 779d went down
03-14 07:25:36.841  1333  2192 I minksocket: MinkIPC MESSAGE: ( 1333:2192 ) MinkIPC_QRTR_Service:301 minkipc = 0xb400007e48423900 sock = 18, client with node 1 port 779e went down
03-14 07:25:36.842  1824  1897 D IPACM   : vendor/qcom/opensource/data-ipa-cfg-mgr/ipacm/src/IPACM_Routing.cpp:411 DeleteRoutingHdl() Deleting Route hdl:(0x12) with ip type: 1
03-14 07:25:36.844  1824  1897 D IPACM   : vendor/qcom/opensource/data-ipa-cfg-mgr/ipacm/src/IPACM_Routing.cpp:411 DeleteRoutingHdl() Deleting Route hdl:(0x13) with ip type: 1
03-14 07:25:36.844  1824  1897 D IPACM   : vendor/qcom/opensource/data-ipa-cfg-mgr/ipacm/src/IPACM_Routing.cpp:411 DeleteRoutingHdl() Deleting Route hdl:(0x10) with ip type: 1
03-14 07:25:36.845  1824  1897 D IPACM   : vendor/qcom/opensource/data-ipa-cfg-mgr/ipacm/src/IPACM_Routing.cpp:411 DeleteRoutingHdl() Deleting Route hdl:(0x14) with ip type: 1
03-14 07:25:36.846  1824  1897 D IPACM   : vendor/qcom/opensource/data-ipa-cfg-mgr/ipacm/src/IPACM_Routing.cpp:145 AddRoutingRule() Added routing rule 0xb400007f30250000
03-14 07:25:36.846  1824  1897 D IPACM   : vendor/qcom/opensource/data-ipa-cfg-mgr/ipacm/src/IPACM_Routing.cpp:145 AddRoutingRule() Added routing rule 0xb400007f30250000
03-14 07:25:36.846  1824  1897 D IPACM   : vendor/qcom/opensource/data-ipa-cfg-mgr/ipacm/src/IPACM_Routing.cpp:145 AddRoutingRule() Added routing rule 0xb400007f30250000
03-14 07:25:36.847  1824  1897 D IPACM   : vendor/qcom/opensource/data-ipa-cfg-mgr/ipacm/src/IPACM_Routing.cpp:145 AddRoutingRule() Added routing rule 0xb400007f30250000
03-14 07:25:36.847  1824  1897 D IPACM   : vendor/qcom/opensource/data-ipa-cfg-mgr/ipacm/src/IPACM_Routing.cpp:411 DeleteRoutingHdl() Deleting Route hdl:(0x16) with ip type: 1
03-14 07:25:36.847  1824  1897 D IPACM   : vendor/qcom/opensource/data-ipa-cfg-mgr/ipacm/src/IPACM_Routing.cpp:411 DeleteRoutingHdl() Deleting Route hdl:(0x17) with ip type: 1
03-14 07:25:36.848  1824  1897 D IPACM   : vendor/qcom/opensource/data-ipa-cfg-mgr/ipacm/src/IPACM_Routing.cpp:411 DeleteRoutingHdl() Deleting Route hdl:(0x15) with ip type: 1
03-14 07:25:36.848  1824  1897 D IPACM   : vendor/qcom/opensource/data-ipa-cfg-mgr/ipacm/src/IPACM_Routing.cpp:411 DeleteRoutingHdl() Deleting Route hdl:(0x18) with ip type: 1
03-14 07:25:36.851  1824  1897 D IPACM   : vendor/qcom/opensource/data-ipa-cfg-mgr/ipacm/src/IPACM_Routing.cpp:411 DeleteRoutingHdl() Deleting Route hdl:(0x1a) with ip type: 1
03-14 07:25:36.855  1824  1897 D IPACM   : vendor/qcom/opensource/data-ipa-cfg-mgr/ipacm/src/IPACM_Routing.cpp:411 DeleteRoutingHdl() Deleting Route hdl:(0x1b) with ip type: 1
03-14 07:25:36.857  1824  1897 D IPACM   : vendor/qcom/opensource/data-ipa-cfg-mgr/ipacm/src/IPACM_Routing.cpp:411 DeleteRoutingHdl() Deleting Route hdl:(0x19) with ip type: 1
03-14 07:25:36.858  1824  1897 D IPACM   : vendor/qcom/opensource/data-ipa-cfg-mgr/ipacm/src/IPACM_Routing.cpp:411 DeleteRoutingHdl() Deleting Route hdl:(0x1c) with ip type: 1
03-14 07:25:36.859  1824  1897 D IPACM   : vendor/qcom/opensource/data-ipa-cfg-mgr/ipacm/src/IPACM_Routing.cpp:145 AddRoutingRule() Added routing rule 0xb400007f30250000
03-14 07:25:36.859  1824  1897 D IPACM   : vendor/qcom/opensource/data-ipa-cfg-mgr/ipacm/src/IPACM_Routing.cpp:145 AddRoutingRule() Added routing rule 0xb400007f30250000
03-14 07:25:36.859  1824  1897 D IPACM   : vendor/qcom/opensource/data-ipa-cfg-mgr/ipacm/src/IPACM_Routing.cpp:145 AddRoutingRule() Added routing rule 0xb400007f30250000
03-14 07:25:36.860  1824  1897 D IPACM   : vendor/qcom/opensource/data-ipa-cfg-mgr/ipacm/src/IPACM_Routing.cpp:145 AddRoutingRule() Added routing rule 0xb400007f30250000
03-14 07:25:36.860  1824  1897 D IPACM   : vendor/qcom/opensource/data-ipa-cfg-mgr/ipacm/src/IPACM_Routing.cpp:145 AddRoutingRule() Added routing rule 0xb400007f30250000
03-14 07:25:36.861  1824  1897 D IPACM   : vendor/qcom/opensource/data-ipa-cfg-mgr/ipacm/src/IPACM_Routing.cpp:145 AddRoutingRule() Added routing rule 0xb400007f30250000
03-14 07:25:36.861  1824  1897 D IPACM   : vendor/qcom/opensource/data-ipa-cfg-mgr/ipacm/src/IPACM_Routing.cpp:145 AddRoutingRule() Added routing rule 0xb400007f30250000
03-14 07:25:36.861  1824  1897 D IPACM   : vendor/qcom/opensource/data-ipa-cfg-mgr/ipacm/src/IPACM_Routing.cpp:145 AddRoutingRule() Added routing rule 0xb400007f30250000
03-14 07:25:36.861  1824  1897 D IPACM   : vendor/qcom/opensource/data-ipa-cfg-mgr/ipacm/src/IPACM_Routing.cpp:411 DeleteRoutingHdl() Deleting Route hdl:(0x28) with ip type: 0
03-14 07:25:36.862  1824  1897 D IPACM   : vendor/qcom/opensource/data-ipa-cfg-mgr/ipacm/src/IPACM_Routing.cpp:411 DeleteRoutingHdl() Deleting Route hdl:(0x27) with ip type: 0
03-14 07:25:36.862  1824  1897 D IPACM   : vendor/qcom/opensource/data-ipa-cfg-mgr/ipacm/src/IPACM_Routing.cpp:411 DeleteRoutingHdl() Deleting Route hdl:(0x29) with ip type: 0
03-14 07:25:36.863  1824  1897 D IPACM   : vendor/qcom/opensource/data-ipa-cfg-mgr/ipacm/src/IPACM_Routing.cpp:145 AddRoutingRule() Added routing rule 0xb400007f30250000
03-14 07:25:36.863  1824  1897 D IPACM   : vendor/qcom/opensource/data-ipa-cfg-mgr/ipacm/src/IPACM_Routing.cpp:145 AddRoutingRule() Added routing rule 0xb400007f30250000
03-14 07:25:36.864  1824  1897 D IPACM   : vendor/qcom/opensource/data-ipa-cfg-mgr/ipacm/src/IPACM_Routing.cpp:145 AddRoutingRule() Added routing rule 0xb400007f30250000
03-14 07:25:36.864  1824  1897 D IPACM   : vendor/qcom/opensource/data-ipa-cfg-mgr/ipacm/src/IPACM_Routing.cpp:411 DeleteRoutingHdl() Deleting Route hdl:(0x1f) with ip type: 1
03-14 07:25:36.864  1824  1897 D IPACM   : vendor/qcom/opensource/data-ipa-cfg-mgr/ipacm/src/IPACM_Routing.cpp:411 DeleteRoutingHdl() Deleting Route hdl:(0x20) with ip type: 1
03-14 07:25:36.865  1824  1897 D IPACM   : vendor/qcom/opensource/data-ipa-cfg-mgr/ipacm/src/IPACM_Routing.cpp:411 DeleteRoutingHdl() Deleting Route hdl:(0x1e) with ip type: 1
03-14 07:25:36.870  1824  1897 D IPACM   : vendor/qcom/opensource/data-ipa-cfg-mgr/ipacm/src/IPACM_Routing.cpp:411 DeleteRoutingHdl() Deleting Route hdl:(0x21) with ip type: 1
03-14 07:25:36.873  1824  1897 D IPACM   : vendor/qcom/opensource/data-ipa-cfg-mgr/ipacm/src/IPACM_Routing.cpp:411 DeleteRoutingHdl() Deleting Route hdl:(0x23) with ip type: 1
03-14 07:25:36.874  1824  1897 D IPACM   : vendor/qcom/opensource/data-ipa-cfg-mgr/ipacm/src/IPACM_Routing.cpp:411 DeleteRoutingHdl() Deleting Route hdl:(0x24) with ip type: 1
03-14 07:25:36.874  1824  1897 D IPACM   : vendor/qcom/opensource/data-ipa-cfg-mgr/ipacm/src/IPACM_Routing.cpp:411 DeleteRoutingHdl() Deleting Route hdl:(0x22) with ip type: 1
03-14 07:25:36.875  1824  1897 D IPACM   : vendor/qcom/opensource/data-ipa-cfg-mgr/ipacm/src/IPACM_Routing.cpp:411 DeleteRoutingHdl() Deleting Route hdl:(0x25) with ip type: 1
03-14 07:25:36.876  1824  1897 D IPACM   : vendor/qcom/opensource/data-ipa-cfg-mgr/ipacm/src/IPACM_Routing.cpp:145 AddRoutingRule() Added routing rule 0xb400007f30250000
03-14 07:25:36.876  1824  1897 D IPACM   : vendor/qcom/opensource/data-ipa-cfg-mgr/ipacm/src/IPACM_Routing.cpp:145 AddRoutingRule() Added routing rule 0xb400007f30250000
03-14 07:25:36.876  1824  1897 D IPACM   : vendor/qcom/opensource/data-ipa-cfg-mgr/ipacm/src/IPACM_Routing.cpp:145 AddRoutingRule() Added routing rule 0xb400007f30250000
03-14 07:25:36.877  1824  1897 D IPACM   : vendor/qcom/opensource/data-ipa-cfg-mgr/ipacm/src/IPACM_Routing.cpp:145 AddRoutingRule() Added routing rule 0xb400007f30250000
03-14 07:25:36.877  1824  1897 D IPACM   : vendor/qcom/opensource/data-ipa-cfg-mgr/ipacm/src/IPACM_Routing.cpp:145 AddRoutingRule() Added routing rule 0xb400007f30250000
03-14 07:25:36.877  1824  1897 D IPACM   : vendor/qcom/opensource/data-ipa-cfg-mgr/ipacm/src/IPACM_Routing.cpp:145 AddRoutingRule() Added routing rule 0xb400007f30250000
03-14 07:25:36.878  1824  1897 D IPACM   : vendor/qcom/opensource/data-ipa-cfg-mgr/ipacm/src/IPACM_Routing.cpp:145 AddRoutingRule() Added routing rule 0xb400007f30250000
03-14 07:25:36.878  1824  1897 D IPACM   : vendor/qcom/opensource/data-ipa-cfg-mgr/ipacm/src/IPACM_Routing.cpp:145 AddRoutingRule() Added routing rule 0xb400007f30250000
03-14 07:25:36.893  2524  5928 D PerfShielderService: com.example.orderlistapp|com.example.orderlistapp/com.example.orderlistapp.MainActivity|658|284059409789397|522|3|3
03-14 07:25:36.893  5785 24280 W MiuiPerfServiceClient: interceptAndQueuing:26027|com.example.orderlistapp|658|522|284059409789397|Slow handle traversal|3
03-14 07:25:37.136  1333  2192 I minksocket: MinkIPC MESSAGE: ( 1333:2192 ) MinkIPC_QRTR_Service:301 minkipc = 0xb400007e48423900 sock = 18, client with node 1 port 77a0 went down
03-14 07:25:37.138  1333  2192 I minksocket: MinkIPC MESSAGE: ( 1333:2192 ) MinkIPC_QRTR_Service:301 minkipc = 0xb400007e48423900 sock = 18, client with node 1 port 77a1 went down
03-14 07:25:37.140  1333  2192 I minksocket: MinkIPC MESSAGE: ( 1333:2192 ) MinkIPC_QRTR_Service:301 minkipc = 0xb400007e48423900 sock = 18, client with node 1 port 77a2 went down
03-14 07:25:37.144  1333  2192 I minksocket: MinkIPC MESSAGE: ( 1333:2192 ) MinkIPC_QRTR_Service:301 minkipc = 0xb400007e48423900 sock = 18, client with node 1 port 77a3 went down
03-14 07:25:37.623 26027 26115 I okhttp.OkHttpClient: <-- 200 https://script.googleusercontent.com/macros/echo?user_content_key=AY5xjrTTaZp6ZaWZ9hlBvkG64OQekY7W-WoM9-4svzW8zpuYD_qxeLDP60sey4-t4UATsYPSSWy67t_o8VMU0t7lYi1D8szQDI-NEcUj8Ea-5ImFUmI_bHJWFsZJzllacVlw5o_hbGblyHgx82_erywQp7NdBtq7N1Y5xJbkI24EgUrBjvYUvSiQf8a09p2tDKFhD3RCVmmLc_d5MItv2iHfBo9J34vGtANGWZzjGlpWCjsTiudmn2eP_9nKd4vpLeaYnz4Mwy5Rqo_Vs8TOYzqk77ZriVUnPZEe-I05YWwoqMKkcz1uT_UxRRJ8wS6Hg-iP4Ok6nWWU&lib=MO4mXgeoITeaWeS9ugzU8pEiAo2eQ3wDV (2809ms)
03-14 07:25:37.623 26027 26115 I okhttp.OkHttpClient: content-type: application/json; charset=utf-8
03-14 07:25:37.623 26027 26115 I okhttp.OkHttpClient: vary: Sec-Fetch-Dest, Sec-Fetch-Mode, Sec-Fetch-Site
03-14 07:25:37.623 26027 26115 I okhttp.OkHttpClient: x-content-type-options: nosniff
03-14 07:25:37.623 26027 26115 I okhttp.OkHttpClient: access-control-allow-origin: *
03-14 07:25:37.623 26027 26115 I okhttp.OkHttpClient: cache-control: no-cache, no-store, max-age=0, must-revalidate
03-14 07:25:37.623 26027 26115 I okhttp.OkHttpClient: pragma: no-cache
03-14 07:25:37.623 26027 26115 I okhttp.OkHttpClient: expires: Mon, 01 Jan 1990 00:00:00 GMT
03-14 07:25:37.623 26027 26115 I okhttp.OkHttpClient: date: Sat, 14 Mar 2026 01:55:38 GMT
03-14 07:25:37.624 26027 26115 I okhttp.OkHttpClient: reporting-endpoints: default="/macros/web-reports?bl=editors.maestro_20260310.02_p1&context=eJwVzGtU1GUCB2D8z_v-yOJSgyMXQxDQBjUCW9BihnEahovmIFJuHFs9HsKN0EA0RddawOQEa-wmG57Q5DIjsmKs4pZIW55Ij0mnI14yMjWWq1yGQVGYWQn2tx-er8_jnd4JC4cUC43cHFKmqHL_feU4Leq6rzxP8rkxxZO-WjGmXCBD0UMlkW5nTyi95NM4oYTSPZ1TcVG73ql00F83OZWD9MRfnIoPbR52Knvoow0upYYWtLmUCCpsdykl1FL9X6WVnnt3UjFQy_SU0koegdPKLHp617QSRh_vdFMdJUe1opqgpvOKqoVy0lSqnZRWqFKtowfFKtUk3bSpVHf-r1el6qObM4Wqi6odL4p6-rcuVqSmxory87HCSjfKdKKPmg7qRAvND9GLaPJYphezyLJcLwzxenE2ME5coqUTcSKRTiYZRTMZVxpFMvnueUkEUWGuSZTQzh0m8WdqqjWJb-nIP02ijrZ-bhK7KLoiXphpYbpZxNLdLLMYpVVbzeJVyv3aLPKp9KJZHKCkPrNYTfXRCeIkXZtIFL9QWXaSqKAHN5KE-ClJXFYni58o332FKKChNVVyjNR7q2QoPUPLSNtcJSMprblaZlD0g2qpp3l7a2QUJaXUytV08YJVXqZTt6zyLP3gsMofKTHLJlOoaLNNlpJfmU1qaW2PTa4nceqo9CB_S52cR_8prJP3yPerOhlE0fuOST3dHj4m7XSPZtiPyQBaSEeD6uVnNLGqXrpb6uVoer10UunAcXmAPhk8LmvI99kGGURmS4NcRfPzG2QMtb_bIDuoMqNR1pLl7Ua5lvp3DEoH9amH5Dht6xyS79PfDcPyMDW0DsvTtO81u_yQDlbaZRXtO2qXFbTndYfcT971HvAl7ZOeiKSpM55Asyeufu-Jbkr280I6xX_hhVdoyTkvvEgZF7yQTS9UecNI3U1PYYjKI9U4RI0WNb6mtY1qrKfUEB-k062lPuihixt9cJkevz0LavpmhgZXaIFKgxjKtGiwhQp2afABvbdbg2JKLNYghbovaTBGsk0DDWlpGRVTBZ27rsFl0q6cjWX0a81s9FPGrdnIpq5sXwzSnWlf9FHJJj98RG82-iGXgtv8ePrhlRp_vE6Ttf4QVn_IRn9oyNMvAIEUWxoAE6U6A5BOT_9tDsJozom5cHPMxWPU-K8gfEFL3YNhoJS3gnGkORh19L11Hq5R58g83KUHESGYpPB3QhBF24pD8CcKKgnBMzRWFYJHpJkKQSB9pgvF5zQZFwphCEX_9VA4aGtDGNrJQRN0I2wB7lDx7xegjNYKLdbT-9BiP73lpUUexSzWIo6iy7XQU0atFtk02KfFfer0Dsddan8qHB2UOSscWyhUE45F5H4iFt40vVgH72d1OGjRoYoOuelhpeAKPbSUWhKHdGoJM6CVzlsNuE6lNgMq6dG0ASq35Th0fjmsFDXfiBeo0GRECa341Ig1lN9mRAFtvGJEFgUOGjGf3vN9CWX04WYTPqbwfBOi6NGQCaphE_44bkIO2TXxeEiXRuJxhbL2mLGVihxmlFOeOgG76deCBPTTYVsCbDR5MQHiuwSc2p6Is7T-RCI20ZcRSfiWfDqTMIcWBScjlnaXdqGIfhvphnR0o3V1D9oobU0P1tHbrh7soOmCPrgX9qHXdhd2ivcYwMt0pnMA5-jnvYMYoC3Dg3iHYtRDiKOfDcMYoN4zw7DTkdZh1JEr0o6ZUXYUZdpRSjP0I5hJ35x24BJd_cMobtK1vFH8QnlToyiiet19nKT-1DE46Gr5GLqo9x8PYadXk8eRSYdeHoeVLqSM40f6nbsTOtq_0onDNNDuhIua4l1ooeAOF7R0Z_EkRiitaRLrKGfjb9hJB3Ld3GtJ_cRjlQXXfsCTHaen0wKEOePNnJC5mW9kbc_J2xaxZWPmtu15ORuWRC6JiXw-KjIicsmG3Kj_AdFn_jQ&build-label=editors.maestro_20260310.02_p1&is-cached-offline=false"
03-14 07:25:37.624 26027 26115 I okhttp.OkHttpClient: document-policy: include-js-call-stacks-in-crash-reports
03-14 07:25:37.624 26027 26115 I okhttp.OkHttpClient: x-frame-options: SAMEORIGIN
03-14 07:25:37.624 26027 26115 I okhttp.OkHttpClient: content-security-policy: frame-ancestors 'self'
03-14 07:25:37.624 26027 26115 I okhttp.OkHttpClient: x-xss-protection: 1; mode=block
03-14 07:25:37.624 26027 26115 I okhttp.OkHttpClient: server: GSE
03-14 07:25:37.624 26027 26115 I okhttp.OkHttpClient: alt-svc: h3=":443"; ma=2592000,h3-29=":443"; ma=2592000
03-14 07:25:37.665 26027 26115 I okhttp.OkHttpClient: {"status":"error","message":"Invalid GET action: getPendingMissingItems"}
03-14 07:25:37.665 26027 26115 I okhttp.OkHttpClient: <-- END HTTP (73-byte body)
03-14 07:25:38.235  1333  2192 I minksocket: MinkIPC MESSAGE: ( 1333:2192 ) MinkIPC_QRTR_Service:301 minkipc = 0xb400007e48423900 sock = 18, client with node 1 port 77a4 went down
03-14 07:25:38.236  1333  2192 I minksocket: MinkIPC MESSAGE: ( 1333:2192 ) MinkIPC_QRTR_Service:301 minkipc = 0xb400007e48423900 sock = 18, client with node 1 port 77a5 went down
03-14 07:25:38.236  1333  2192 I minksocket: MinkIPC MESSAGE: ( 1333:2192 ) MinkIPC_QRTR_Service:301 minkipc = 0xb400007e48423900 sock = 18, client with node 1 port 77a6 went down
03-14 07:25:38.239  1333  2192 I minksocket: MinkIPC MESSAGE: ( 1333:2192 ) MinkIPC_QRTR_Service:301 minkipc = 0xb400007e48423900 sock = 18, client with node 1 port 77a7 went down
03-14 07:25:38.732  2524  3220 D MiuiNetworkPolicy: updateLimit mLimitEnabled=true,enabled=false,mNetworkPriorityMode=0,mThermalForceMode=0
03-14 07:25:38.732  2524  3220 I MiuiNetworkPolicy: getDisableLimitTimeout when thermal mode is:0
03-14 07:25:38.751  2524  5928 D ActivityManager: call mServicesByInstanceName.put, ComponentName: ComponentInfo{com.preff.kb.xm/com.preff.kb.common.statistic.StatisticService}, ServiceRecord: ServiceRecord{b6a9f08 u0 com.preff.kb.xm/com.preff.kb.common.statistic.StatisticService}com.android.server.am.ActiveServices.startServiceLocked:950 com.android.server.am.ActiveServices.startServiceLocked:905 com.android.server.am.ActivityManagerService.startService:14073 com.android.server.am.ActivityManagerService.startService:14029 android.app.IActivityManager$Stub.onTransact$startService$:12451 android.app.IActivityManager$Stub.onTransact:3334 com.android.server.am.ActivityManagerService.onTransact:2939 android.os.Binder.execTransactInternal:1346 android.os.Binder.execTransact:1282 
03-14 07:25:38.752  2524  5928 I SmartPower: com.preff.kb.xm:push/10298(25785): idle->background(6329ms) R(service create com.preff.kb.xm/com.preff.kb.common.statistic.StatisticService) adj=0.
03-14 07:25:38.778  2524  5959 I ActivityManager: Bring down service for stopServiceToken :ServiceRecord{b6a9f08 u0 com.preff.kb.xm/com.preff.kb.common.statistic.StatisticService}
03-14 07:25:38.778  1415  1415 I vendor.qti.hardware.servicetrackeraidl-service: destroyService is called for service : com.preff.kb.xm/com.preff.kb.common.statistic.StatisticService
03-14 07:25:38.779  2524  5959 D ActivityManager: call mServicesByInstanceName.remove, ComponentName: ComponentInfo{com.preff.kb.xm/com.preff.kb.common.statistic.StatisticService}, ServiceRecord: ServiceRecord{b6a9f08 u0 com.preff.kb.xm/com.preff.kb.common.statistic.StatisticService}com.android.server.am.ActiveServices.bringDownServiceIfNeededLocked:6027 com.android.server.am.ActiveServices.stopServiceTokenLocked:1819 com.android.server.am.ActivityManagerService.stopServiceToken:14153 android.app.IActivityManager$Stub.onTransact$stopServiceToken$:12597 android.app.IActivityManager$Stub.onTransact:3458 com.android.server.am.ActivityManagerService.onTransact:2939 android.os.Binder.execTransactInternal:1346 android.os.Binder.execTransact:1282 
03-14 07:25:38.811  1415  1415 I vendor.qti.hardware.servicetrackeraidl-service: unbindService is called for service : com.google.android.gms/.measurement.service.MeasurementBrokerService and for client com.mi.globalminusscreen
03-14 07:25:38.812  1415  1415 I vendor.qti.hardware.servicetrackeraidl-service: size of service connections for service: com.google.android.gms/.measurement.service.MeasurementBrokerServiceafter removal is 0
03-14 07:25:38.812  1415  1415 I vendor.qti.hardware.servicetrackeraidl-service: size of client connections for client: com.mi.globalminusscreenafter removal is 1
03-14 07:25:38.812  2524  5928 I ActivityManager: Bring down service for removeConnection :ServiceRecord{142577d u0 com.google.android.gms/.measurement.service.MeasurementBrokerService}
03-14 07:25:38.813  2524  5928 D ActivityManager: call mServicesByInstanceName.remove, ComponentName: ComponentInfo{com.google.android.gms/com.google.android.gms.measurement.service.MeasurementBrokerService}, ServiceRecord: ServiceRecord{142577d u0 com.google.android.gms/.measurement.service.MeasurementBrokerService}com.android.server.am.ActiveServices.bringDownServiceIfNeededLocked:6027 com.android.server.am.ActiveServices.removeConnectionLocked:6452 com.android.server.am.ActiveServices.unbindServiceLocked:4291 com.android.server.am.ActivityManagerService.unbindService:14316 android.app.IActivityManager$Stub.onTransact:3366 com.android.server.am.ActivityManagerService.onTransact:2939 android.os.Binder.execTransactInternal:1346 android.os.Binder.execTransact:1282 
03-14 07:25:38.813 25171 25171 D BoundBrokerSvc: onUnbind: Intent { act=com.google.android.gms.measurement.START pkg=com.google.android.gms }
03-14 07:25:38.814  1415  1415 I vendor.qti.hardware.servicetrackeraidl-service: destroyService is called for service : com.google.android.gms/.measurement.service.MeasurementBrokerService
03-14 07:25:38.815  2524  5928 W ProcessStats: Tracking association SourceState{b2c697 com.google.android.gms.persistent/10142 BFgs #742692} whose proc state 4 is better than process ProcessState{cbfea44 com.google.android.adservices.api/10275 pkg=com.google.android.adservices.api} proc state 14 (118 skipped)
03-14 07:25:38.816  2524  3220 I MiuiNetworkPolicy: updateUidState uid = 10275, uidState = 5
03-14 07:25:39.231 26027 26118 I okhttp.OkHttpClient: <-- 200 https://script.googleusercontent.com/macros/echo?user_content_key=AY5xjrTW4yAe8npQI7Pf_Iw4iXIeGmudi1AN0Vgpm1f0hTVzrMDItVJ6mG_TohvwwetHc85O31Hs9Ms_ggIiY5FxWo3wmhTs6AUdoeH-0fTXFOVYIjpyC79BcLtb_BhZ-E9g7hLT-27TCs7UkswVXiNSyUOr4kTwv4NNmaVkzjusNvWmuNFUf7zHYq4nbk8-zKafOy4IWeErelfGdp9M8bmWTFEy0jUDk7mIJqT0gic4c5NKr4RwWNsb8z5trBwZMIHklcPUvKK5y_3Fu_tMm-fMMAVrtDNxqSgjIBvSWMPCWFcTSfV_xlMgHCX4OaNNHw&lib=MO4mXgeoITeaWeS9ugzU8pEiAo2eQ3wDV (4397ms)
03-14 07:25:39.231 26027 26118 I okhttp.OkHttpClient: content-type: application/json; charset=utf-8
03-14 07:25:39.231 26027 26118 I okhttp.OkHttpClient: vary: Sec-Fetch-Dest, Sec-Fetch-Mode, Sec-Fetch-Site
03-14 07:25:39.231 26027 26118 I okhttp.OkHttpClient: x-content-type-options: nosniff
03-14 07:25:39.232 26027 26118 I okhttp.OkHttpClient: access-control-allow-origin: *
03-14 07:25:39.232 26027 26118 I okhttp.OkHttpClient: cache-control: no-cache, no-store, max-age=0, must-revalidate
03-14 07:25:39.232 26027 26118 I okhttp.OkHttpClient: pragma: no-cache
03-14 07:25:39.232 26027 26118 I okhttp.OkHttpClient: expires: Mon, 01 Jan 1990 00:00:00 GMT
03-14 07:25:39.232 26027 26118 I okhttp.OkHttpClient: date: Sat, 14 Mar 2026 01:55:39 GMT
03-14 07:25:39.232 26027 26118 I okhttp.OkHttpClient: reporting-endpoints: default="/macros/web-reports?bl=editors.maestro_20260310.02_p1&context=eJwVzH1Q1GUCB3D87fN8yY4XW1x5UQQBbdEisAMtdtm2ZXnRBJGyGEvH4fAiNBBN0bMOMJmDM-6SC2fEE2RX5MQ4pReRu3IiHJOmEV8yNTWO95ddFgVh9yS47_3x-ffz5IB3wtJhJYVG7gwr03Tk4EPlFC3reqg8T_K5McWTvlo1plwkQ_EjJZHu5UwqveTTOKmE0gOdU3FRh96p3KK_bHEqh-k3f3YqPrTV5lT20cebXMpxWtLuUiKoqMOllFJLzX-VVnru_SnFQC0z00oreQTOKHNpwZ4ZJYw-2e2mOkGOGkU1SU1tiqqFctNVqt2UXqRSbaDxEpVqiu5YVar7_9erUvXRndlC1UU1jhdFPf1bFyvS0mJFRVussNDNcp3oo6bDOtFCi0P0Ipo8VurFXDofGCcu04rJOJFIZ5KMopmMq40imXz3vSyCqCjPJEpp9y6T-CM11ZrEt3TsnyZRR9u_MIk9FF0ZL8y0NMMsYmkg2yxGac12s3iN8r42iwIqu2QWhyipzyzWUn10gjhD1ycTxc9UnpMkKmn8ZpIQPyWJK-pk8RMVuK8ShTS8rlqOkTm7Wq4h9f5qGUpP00rSNlfLSEpvrpGZFD1eI_W0aP9xGUVJqbVyLV29aJG36exdizxPPzgs8kdKzLbKVCreapVl5FdulVpa32OVG0mcPSE9yD-lTi6i_xTVyQfk-1WdDKLoAyelnu7ZTko7PaBZ9pMygJbSiaB6-SlNrqmX7in1cjSjXjqpbPCUPESWoVOygXyfbZBBZE5pkGtocUGDjKGO9xvkLTqS2ShrKeXdRrme-ncNSQf1qYflBO3oHJYf0t8MNnmUGlpt8jM68IZdfkSHj9hlNR04YZeVtO9NhzxI3vUe8CXtHE9E0vQ5T6DZE9e-90Q3Jft5IYPiv_TCq7T8ghdepMyLXsihF6q9YaTupqcwTBWRalRRY4oaX9P6RjU2UlqIDzLo7gof9NClzT64Qk_emws1fTNLg6u0RKVBDGWlaLCNCvdo8Cf6YK8GJZRYokEqdV_WYIxkuwYa0tJKKqFKunBDgyukXT0PK-mX4_PQT5l35yGHunJ8MUT3Z3zRR6Vb_PAxvd3ohzwKbvfj6YdXj_vjTZqq9Yew-EM2-kNDnn4BCKTYsgCYKM0ZgAxa8Nf5CKNZbQswm-afXgg3x0I8QY2fB-FLWuEeDAOlvhOMY83BqKPvLYtwnTpHFmGAxiNCMEXh74UginaUhOAPFFQagqdprDoEj0kzHYJA-lQXii9oKi4UwhCK_huhcND2hjB0kIMm6WbYEtynkteXoJzWCy020utSi030IbQ4SO94aZFPMc9oEUfRFVroKbNWixwa6tPiIXV6h2OAOp4Kxy3KmhuObRSqCccycj8dC29ye1aHOXQ4RYdqqnLTw0LBlXpoqSXMgFZqsxhwg8qsBhyhxzMGqNxeQlXbS7BQ1GIjXqAikxGltOrvRqyjgnYjCmnzVSOyKXDIiMX0ge_LKKePtprwCYUXmBBFj4dNUNlM-P2ECblk18TjEV0eicdVyt5nxnYqdphRQfnqBOylXwoT0E9HrQmw0tSlBIjvEnB2ZyLO08bTidhC_4pIwrfk05mE-bQsOBmxtLesC8X060g3pKMbrWt70E7p63qwgd519WAXzRT2wb2oD73WAdgp3mMQr9C5zkFcoNv7hzBI22xDeI9i1MOIo9sGGwap95wNdjrWakMduSLtmB1lR3GWHWU0Sz-C2fTNZw5cpmtvjeIOXc8fxc-UPz2KYqrXPcQZ6k8bg4OuVYyhi3r_8Qh2ei15AllU9coELHQxdQI_0m_dndDRwdVOHKXBDidc1BTvQgsF33JBS_efmcIIpTdNYQPt2fwriuhQnpt7Lak9nqgqvP4D5hSONx9SAoQ58-3ckIVZv8vemZu_I2Lb5qwdO_NzNy2PXB4T-XxUZETk8k15Uf8D-dL_Jw&build-label=editors.maestro_20260310.02_p1&is-cached-offline=false"
03-14 07:25:39.232 26027 26118 I okhttp.OkHttpClient: document-policy: include-js-call-stacks-in-crash-reports
03-14 07:25:39.232 26027 26118 I okhttp.OkHttpClient: x-frame-options: SAMEORIGIN
03-14 07:25:39.232 26027 26118 I okhttp.OkHttpClient: content-security-policy: frame-ancestors 'self'
03-14 07:25:39.232 26027 26118 I okhttp.OkHttpClient: x-xss-protection: 1; mode=block
03-14 07:25:39.232 26027 26118 I okhttp.OkHttpClient: server: GSE
03-14 07:25:39.232 26027 26118 I okhttp.OkHttpClient: alt-svc: h3=":443"; ma=2592000,h3-29=":443"; ma=2592000
03-14 07:25:39.233 26027 26118 I okhttp.OkHttpClient: {"status":"error","message":"Invalid GET action: getCouriers"}
03-14 07:25:39.233 26027 26118 I okhttp.OkHttpClient: <-- END HTTP (62-byte body)
03-14 07:25:39.340  1333  2192 I minksocket: MinkIPC MESSAGE: ( 1333:2192 ) MinkIPC_QRTR_Service:301 minkipc = 0xb400007e48423900 sock = 18, client with node 1 port 77a8 went down
03-14 07:25:39.342  1333  2192 I minksocket: MinkIPC MESSAGE: ( 1333:2192 ) MinkIPC_QRTR_Service:301 minkipc = 0xb400007e48423900 sock = 18, client with node 1 port 77a9 went down
03-14 07:25:39.345  1333  2192 I minksocket: MinkIPC MESSAGE: ( 1333:2192 ) MinkIPC_QRTR_Service:301 minkipc = 0xb400007e48423900 sock = 18, client with node 1 port 77aa went down
03-14 07:25:39.349  1333  2192 I minksocket: MinkIPC MESSAGE: ( 1333:2192 ) MinkIPC_QRTR_Service:301 minkipc = 0xb400007e48423900 sock = 18, client with node 1 port 77ab went down
03-14 07:25:39.615 26027 26114 I okhttp.OkHttpClient: <-- 200 https://script.googleusercontent.com/macros/echo?user_content_key=AY5xjrR4M5tvOkZtNzNCEOK2v8Y9Wl7M6LiB3AzUavcnXx227_PbyLB-OQ7Gt7EesuaCO6fuDVVEOitOKY-MWawtMoR_X9eCSFXgjDdQkRlRcvqszFGn2u-t055pzXjNQ5UjOay3I6vX40YGQomiKzzDXsQbqakzhG7gbOAxqAuzcwhOcKdR0I7qKDlFinbW3Bi9NRGAw6QZQYrS96qAtoN6J11GQbcMoqdRfALCmxJQr-F8BA6arhfDVLr1Oac1sIIuFmOJvPRlWcxYpQaRgCfFGbWuKaubtM0lVs3c1WT9Cp0Yi36rzYNRI-cV5mkJUQ&lib=MO4mXgeoITeaWeS9ugzU8pEiAo2eQ3wDV (4800ms)
03-14 07:25:39.615 26027 26114 I okhttp.OkHttpClient: content-type: application/json; charset=utf-8
03-14 07:25:39.615 26027 26114 I okhttp.OkHttpClient: vary: Sec-Fetch-Dest, Sec-Fetch-Mode, Sec-Fetch-Site
03-14 07:25:39.615 26027 26114 I okhttp.OkHttpClient: x-content-type-options: nosniff
03-14 07:25:39.615 26027 26114 I okhttp.OkHttpClient: access-control-allow-origin: *
03-14 07:25:39.615 26027 26114 I okhttp.OkHttpClient: cache-control: no-cache, no-store, max-age=0, must-revalidate
03-14 07:25:39.615 26027 26114 I okhttp.OkHttpClient: pragma: no-cache
03-14 07:25:39.615 26027 26114 I okhttp.OkHttpClient: expires: Mon, 01 Jan 1990 00:00:00 GMT
03-14 07:25:39.615 26027 26114 I okhttp.OkHttpClient: date: Sat, 14 Mar 2026 01:55:40 GMT
03-14 07:25:39.615 26027 26114 I okhttp.OkHttpClient: reporting-endpoints: default="/macros/web-reports?bl=editors.maestro_20260310.02_p1&context=eJwVzGtU1GUCB2D8z_v-yOJSgyMXQ3BAHdQIbEGLGaZpGC6aIFLucmz1sCxuhAaiKbrWAiYnWGM32fAcNUFmRAqbVdoS2S1PpMeVjke8ZGhqLFe5DIOiMLMS7G8_PF-fJzt8ExcNKak0cmtImaKD-x4on9HirgfKCySfH1O86esVY8p5MpY-UpLoTt6E0kt-9gkljO7rXYqb2g0upYP-stGlHKCn_uxS_GjTsEvZTR9tcCtHaUGbW4mkkna3Uk4ttf9VWun5dycVI7VMTymt5BU8rcyiZ3dOK-H08Q4P1TFy1iqqCWo6p6haKD9DpdpBGSUq1Tp6WKZSTdItm0p19_96Vao-ujVTqLqo1vmSaKB_6eNEenqcqDoXJ6x0o1Iv-qjpgF600HytQcSQ13KDmEVnguPFRVo2ES-S6GSySTSTaaVJpJD_7ldECJUUmEU57dhuFn-ipjqz-I6O_N0s6mnLl2axk2KqE4SFFmVaRBzdy7WIUVq1xSJep4JvLKKIKi5YxH5K7rOI1dQQkyhO0rWJJPETVeYli2p6eCNZiB-TxWV1iviRijxXiGIaWlMjx0i9p0aG0UJaTrrmGhlFGc21MptiHtZKA83bc1RGU3JanVxNV85b5U06ddsqz9Alp1X-QEm5NplGpZtssoICKm1SR2t7bHI9iVPHpBcFptbLefSfknp5n_y_rpchFLP3uDTQneHj0kH3aYbjuAyiRXQspEF-ThOrGqRnaoMczWyQLqoY-EzuJ__nGmUIWVIb5SqaX9QoY6n93UbZQUcW2mU9Hcy2yzpKfdsu11L_9kHppD71kBynrZ1D8n36m3FYHqbG1mH5Be39jUN-SAcOOmQN7T3mkNW0-w2n3Ee-DV7wJ93T3oiiqdPeQLM3rn7vjW5KCfBBJiV85YPXaOlZH7xE2ed9kEcv1vjCRN1Nz2CIqqLUOET2VDW-obV2NdZTutYPmXR7mR966EKWHy7Tk3dmQU3fztDgCi1QaRBLOakabKbinRp8QO_t0qCMkso0SKPuixqMkWzTQEM6Wk5lVE1nr2twmXQrZ2M5_Xx0Nvop-_Zs5FFXnj8G6e60P_qofGMAPqI37QEooNC2AJ4BeO1oIN6gybpACGsgpD0QGvIOCEIwxVUEwUzpriBk0rN_nYNwmnNiLjycc_EE2f8Rgq9omWcojJT2ViiONIeinr63zsM16hyZh3v0MFKLSYp4R4to2lqmxR8ppFyLhTRWo8Vj0kxpEUyf68PwJU3Gh0EYw9B_PQxO2tIYjnZy0gTdCF-Au1T26wWopLVCh_WUJXXIpfehwz56y0eHQopdokM8xVTpYKDsOh3yaLBPhwfU6RuBe9T-TAQ6KGdWBDZTmCYCi8nzRBx8aXqJHr7P6XEgVY8aOuRhgJVCqw3QUUu4Ea10zmrEdaqwGXGQHk8bofJ4GYfOvQwrRc834UUqMZtQTis-MWENFbWZUExZV0zIpeBBE-bTe_6voJI-3GTGxxRRZEY0PR4yQzVsxh_GzcgnhyYBj-jiSAKuUO5uC7ZQqdOCKipUJ2IX_VyciH46bEuEjSYvJEL8OxGntiXhDK0_kYSN9M_IZHxHfp3JmEOLQ1MQR7squlBKv4x0Qzq70bq6B22UsaYH6-htdw-203RxHzxL-tBruwcHJXgN4FU63TmAs3RzzyAGaPPwIN6hWPUQ4ummcRgD1Ht6GA460jqMenJHOTAz2oHSHAcqaIZhBDPp2y-cuEhXfzuKW3StcBQ_UeHUKEqpQf8AJ6k_fQxOulo1hi7q_fQRHPR6yjhy6NCr47DS-bRx_EC_8nRBT_tWunCYBtpdcFNTghstFNrhho7uLpnECGU0TWId5Wf9gh20v8DDs47UTz1xuPjaJTx98lLT74KEJfvNfO3cnN_nbssv3Bq5OStn67bC_A1Lo5bGRr0QHRUZtXRDQfT_AJ5s-ds&build-label=editors.maestro_20260310.02_p1&is-cached-offline=false"
03-14 07:25:39.616 26027 26114 I okhttp.OkHttpClient: document-policy: include-js-call-stacks-in-crash-reports
03-14 07:25:39.616 26027 26114 I okhttp.OkHttpClient: x-frame-options: SAMEORIGIN
03-14 07:25:39.616 26027 26114 I okhttp.OkHttpClient: content-security-policy: frame-ancestors 'self'
03-14 07:25:39.616 26027 26114 I okhttp.OkHttpClient: x-xss-protection: 1; mode=block
03-14 07:25:39.616 26027 26114 I okhttp.OkHttpClient: server: GSE
03-14 07:25:39.616 26027 26114 I okhttp.OkHttpClient: alt-svc: h3=":443"; ma=2592000,h3-29=":443"; ma=2592000
