--------- beginning of main
03-14 07:25:28.775  6606  7024 D BtGatt.ScanManager: configureRegularScanParams - scanInterval LE 1M = 730 configureRegularScanParams - scanWindow LE 1M= 183 configureRegularScanParams - scanInterval LE Coded= 660 configureRegularScanParams - scanWindow LE Coded= 66
03-14 07:25:28.775  1346  1346 D vendor.qti.bluetooth@1.1-ibs_handler: SerialClockVote: vote for UART CLK ON
03-14 07:25:28.775  6606  6794 D BtGatt.GattService: onScanParamSetupCompleted : 0
--------- beginning of system
03-14 07:25:28.777  2524  3928 I ActivityManager: Bring down service for stopServiceToken :ServiceRecord{88831e6 u0 com.preff.kb.xm/com.preff.kb.common.statistic.StatisticService}
03-14 07:25:28.777  1415  1415 I vendor.qti.hardware.servicetrackeraidl-service: destroyService is called for service : com.preff.kb.xm/com.preff.kb.common.statistic.StatisticService
03-14 07:25:28.777  2524  3928 D ActivityManager: call mServicesByInstanceName.remove, ComponentName: ComponentInfo{com.preff.kb.xm/com.preff.kb.common.statistic.StatisticService}, ServiceRecord: ServiceRecord{88831e6 u0 com.preff.kb.xm/com.preff.kb.common.statistic.StatisticService}com.android.server.am.ActiveServices.bringDownServiceIfNeededLocked:6027 com.android.server.am.ActiveServices.stopServiceTokenLocked:1819 com.android.server.am.ActivityManagerService.stopServiceToken:14153 android.app.IActivityManager$Stub.onTransact$stopServiceToken$:12597 android.app.IActivityManager$Stub.onTransact:3458 com.android.server.am.ActivityManagerService.onTransact:2939 android.os.Binder.execTransactInternal:1346 android.os.Binder.execTransact:1282 
03-14 07:25:28.779  1346  1346 D vendor.qti.bluetooth@1.1-uart_transport: SocRxDWakeup: Flow off->Change UART baudrate to 38.4kbs->send 0x00->Change UART baudrate to max->Flow on
03-14 07:25:28.779  1346  1346 I vendor.qti.bluetooth@1.1-uart_transport: ## userial_vendor_ioctl: UART Flow Off 
03-14 07:25:28.781  1346  1346 I vendor.qti.bluetooth@1.1-uart_transport: ## userial_vendor_set_baud: 17
03-14 07:25:28.787  3781  3781 D VRI[Launcher]: vri.reportDrawFinished
03-14 07:25:28.787  3781  3781 I Launcher.widget: onInvisible Search
03-14 07:25:28.787  2524  6927 D WindowManager: wms.finishDrawingLocked: mDrawState=COMMIT_DRAW_PENDING Window{5c6fc3a u0 com.miui.home/com.miui.home.launcher.Launcher} in Surface(name=com.miui.home/com.miui.home.launcher.Launcher#37177)/@0x5ace6d3
03-14 07:25:28.787  3781  3781 D RecentsImpl: mActivityStateObserver com.miui.home.launcher.Launcher
03-14 07:25:28.788  2524  2863 D WindowManager: Collecting in transition 2439: WallpaperWindowToken{7e73f1e token=android.os.BinderProxy@2521759} init visibleRequested:false
03-14 07:25:28.788  2524  2863 D WindowManager: Collecting in transition 2439: WallpaperWindowToken{548795c token=android.os.Binder@4f2fbcf} init visibleRequested:false
03-14 07:25:28.788  3781  3781 W RecentsImpl: onResumed className=com.miui.home.launcher.Launcher   mIsInAnotherPro=false   isKeyguardLocked=false   mSecuritySpaceGuideShown=false
03-14 07:25:28.790  1346  1346 I vendor.qti.bluetooth@1.1-uart_transport: SocRxDWakeup: in BOTHER
03-14 07:25:28.790  1346  1346 I vendor.qti.bluetooth@1.1-uart_transport: ## userial_vendor_ioctl: UART Flow On 
03-14 07:25:28.790  1346  7095 I vendor.qti.bluetooth@1.1-ibs_handler: ProcessIbsCmd: Received IBS_WAKE_ACK: 0xFC
03-14 07:25:28.790  1346  7095 I vendor.qti.bluetooth@1.1-ibs_handler: ProcessIbsCmd: Signal wack_cond_
03-14 07:25:28.790  1346  1346 D vendor.qti.bluetooth@1.1-wake_lock: Acquire wakelock is acquired 
03-14 07:25:28.790  1346  1346 I vendor.qti.bluetooth@1.1-ibs_handler: DeviceWakeUp: Writing IBS_WAKE_IND
03-14 07:25:28.791  1346  7095 I vendor.qti.bluetooth@1.1-ibs_handler: ProcessIbsCmd: Received IBS_WAKE_ACK: 0xFC
03-14 07:25:28.791  1346  7095 I vendor.qti.bluetooth@1.1-ibs_handler: ProcessIbsCmd: Signal wack_cond_
03-14 07:25:28.791  1346  1346 D vendor.qti.bluetooth@1.1-ibs_handler: DeviceWakeUp: Unblocked from waiting for FC, pthread_cond_timedwait ret = 0
03-14 07:25:28.791  8683  8683 I MiuiWallpaper-MiuiKeyguardPictorialWallpaper: onVisibilityChanged, visible = true
03-14 07:25:28.791  2524  2863 I WindowManager: wms.showSurfaceRobustly mWin:Window{94d4732 u0 com.miui.miwallpaper.wallpaperservice.ImageWallpaper}
03-14 07:25:28.791  3781  3781 D TouchInteractionService: onSystemUiFlagsChanged, mSystemUiStateFlags=10020000
03-14 07:25:28.792  2524  6927 D SymlinkUtils: attachApplication file op go pass: 1 ms
03-14 07:25:28.792  2524  2863 I WindowManager: wms.showSurfaceRobustly mWin:Window{4188893 u0 com.miui.miwallpaper.wallpaperservice.MiuiKeyguardPictorialWallpaper}
03-14 07:25:28.792  2524  6927 I SmartPower: com.android.settings/1000(25988): died->invisible(199225ms) R(process start ) adj=-10000.
03-14 07:25:28.792  1480  1480 W Layer   : gatherBufferInfo: Received unknown dataspace from gralloc
03-14 07:25:28.792  1480  1480 D MI-SF   : mIsSupportAutomodeForMaxFpsSetting is 0(0), getCurrentBrightness() = 0(0), mIsKeepAutoMode 0
03-14 07:25:28.792  1480  1480 D RefreshRateSelector: fixedMode_group: 0, isFindModeGroup 0
03-14 07:25:28.792  1480  1480 D RefreshRateSelector: find max refresh rate:120, mode Group:0
03-14 07:25:28.794  1346  7095 I vendor.qti.bluetooth@1.1-ibs_handler: ProcessIbsCmd: Received IBS_WAKE_IND: 0xFD
03-14 07:25:28.795  1346  7095 I vendor.qti.bluetooth@1.1-ibs_handler: ProcessIbsCmd: Writing IBS_WAKE_ACK
03-14 07:25:28.796  8683  8683 I MiuiWallpaper-ImageWallpaper: onVisibilityChanged, visible = true
03-14 07:25:28.796  2524  2863 I SmartPower: com.miui.home/10147(3781): invisible->visible(158ms) R(become visible) adj=100.
03-14 07:25:28.796  1480  1480 D MI-SF   : Launcher Changed hasLauncher=1
03-14 07:25:28.796  8683  8723 W OpenGLRenderer: Surface doesn't have any previously queued frames, nothing to readback from
03-14 07:25:28.797  2524  2863 I WindowManager: wms.showSurfaceRobustly mWin:Window{98d0259 u0 LauncherOverlayWindow:com.mi.globalminusscreen}
03-14 07:25:28.797  8683  8723 W OpenGLRenderer: Surface doesn't have any previously queued frames, nothing to readback from
03-14 07:25:28.797  2524  2863 I WindowManager: wms.showSurfaceRobustly mWin:Window{5c6fc3a u0 com.miui.home/com.miui.home.launcher.Launcher}
03-14 07:25:28.797  2524  2863 D WindowManager: Final targets: [Task{c30ee77 #1887 type=standard A=10331:com.example.orderlistapp}, Task{3767735 #1 type=home}, WallpaperWindowToken{7e73f1e token=android.os.BinderProxy@2521759}, WallpaperWindowToken{548795c token=android.os.Binder@4f2fbcf}]
03-14 07:25:28.797  3781 26076 D UserSceneDetector: UserSceneDetectorImpl notifyAppJank: totalDuration=130950966, frameInterval=16708926, start=284053133389996, end=284053264698514
03-14 07:25:28.798  3781 26076 D UserSceneDetector: invoke error.
03-14 07:25:28.800  3781  3781 D LauncherClient.Service: service already connected:com.mi.globalminusscreen
03-14 07:25:28.800  3781  3880 D StatusBarController: handleMessage: flag 800000  disable false
03-14 07:25:28.800  3781  3781 D Launcher_WallpaperUtils: changeStatusBarMode:false
03-14 07:25:28.802  1389  4560 W qdgralloc: Failed to open smmu proxy node = /dev/qti-smmu-proxy, error = No such file or directory
03-14 07:25:28.804  1389  4560 W qdgralloc: Failed to open smmu proxy node = /dev/qti-smmu-proxy, error = No such file or directory
03-14 07:25:28.812  2524  2863 D WindowManager: snapshot isNothing = false source = Task{c30ee77 #1887 type=standard A=10331:com.example.orderlistapp}
03-14 07:25:28.812  2524  2863 D WindowManager: Calling onTransitionReady info={id=2439 t=CLOSE f=0x0 trk=0 r=[0@Point(0, 0)] c=[{WCT{RemoteToken{d846367 Task{c30ee77 #1887 type=standard A=10331:com.example.orderlistapp}}} m=CLOSE f=NONE leash=Surface(name=Task=1887#37160)/@0xcabf876 sb=Rect(0, 0 - 720, 1640) eb=Rect(0, 0 - 720, 1640) d=0},{WCT{RemoteToken{c9ec51d Task{3767735 #1 type=home}}} m=TO_FRONT f=SHOW_WALLPAPER leash=Surface(name=Task=1#45)/@0x4ef556c sb=Rect(0, 0 - 720, 1640) eb=Rect(0, 0 - 720, 1640) d=0},{null m=TO_FRONT f=IS_WALLPAPER leash=Surface(name=WallpaperWindowToken{7e73f1e token=android.os.BinderProxy@2521759}#12099)/@0x1e533ff sb=Rect(0, 0 - 720, 1640) eb=Rect(0, 0 - 720, 1640) d=0},{null m=TO_FRONT f=IS_WALLPAPER leash=Surface(name=WallpaperWindowToken{548795c token=android.os.Binder@4f2fbcf}#57)/@0xbcf353a sb=Rect(0, 0 - 720, 1640) eb=Rect(0, 0 - 720, 1640) d=0}] noAni=[false] df=[false] mk=[false] nc=[0] oa=[false] rsa=[false]}, mToken=Token{f36e096 TransitionRecord{869925e id=2439 type=CLOSE flags=0x0}}
03-14 07:25:28.813  2524  2863 I BLASTSyncEngine: finishNow: after onTransactionReady, mSyncId=2439
03-14 07:25:28.813  2524  3389 I DisplayModeDirectorImpl: setSmartDisplayUpRefreshRatePolicy [0.0,120.0]
03-14 07:25:28.817  2524  2862 I DisplayDeviceRepository: Display device changed: DisplayDeviceInfo{"Built-in Screen": uniqueId="local:4630947217459655297", 720 x 1640, modeId 1, renderFrameRate 120.00001, defaultModeId 1, supportedModes [{id=1, width=720, height=1640, fps=120.00001, alternativeRefreshRates=[60.000004, 90.0], supportedHdrTypes=[]}, {id=2, width=720, height=1640, fps=90.0, alternativeRefreshRates=[60.000004, 120.00001], supportedHdrTypes=[]}, {id=3, width=720, height=1640, fps=60.000004, alternativeRefreshRates=[90.0, 120.00001], supportedHdrTypes=[]}], colorMode 0, supportedColorModes [0, 7], hdrCapabilities HdrCapabilities{mSupportedHdrTypes=[], mMaxLuminance=500.0, mMaxAverageLuminance=500.0, mMinLuminance=0.0}, allmSupported false, gameContentTypeSupported false, density 320, 260.142 x 260.35 dpi, appVsyncOff 1000000, presDeadline 13333333, cutout DisplayCutout{insets=Rect(0, 68 - 0, 0) waterfall=Insets{left=0, top=0, right=0, bottom=0} boundingRect={Bounds=[Rect(0, 0 - 0, 0), Rect(317, 0 - 403, 68), Rect(0, 0 - 0, 0), Rect(0, 0 - 0, 0)]} cutoutPathParserInfo={CutoutPathParserInfo{displayWidth=720 displayHeight=1640 physicalDisplayWidth=720 physicalDisplayHeight=1640 density={2.0} cutoutSpec={M 0,0 H -43 V 68 H 43 V 0 H 0 Z} rotation={0} scale={1.0} physicalPixelDisplaySizeRatio={1.0}}}}, touch INTERNAL, rotation 0, type INTERNAL, address {port=129, model=0x40446df55e4432}, deviceProductInfo DeviceProductInfo{name=, manufacturerPnpId=QCM, productId=1, modelYear=null, manufactureDate=ManufactureDate{week=27, year=2006}, connectionToSinkType=0}, state ON, committedState ON, frameRateOverride , brightnessMinimum 0.0, brightnessMaximum 1.0, brightnessDefault 0.074743524, hdrSdrRatio NaN, roundedCorners RoundedCorners{[RoundedCorner{position=TopLeft, radius=64, center=Point(64, 64)}, RoundedCorner{position=TopRight, radius=64, center=Point(656, 64)}, RoundedCorner{position=BottomRight, radius=64, center=Point(656, 1576)}, RoundedCorner{position=BottomLeft, radius=64, center=Point(64, 1576)}]}, FLAG_ALLOWED_TO_BE_DEFAULT_DISPLAY, FLAG_ROTATES_WITH_CONTENT, FLAG_SECURE, FLAG_SUPPORTS_PROTECTED_BUFFERS, FLAG_TRUSTED, installOrientation 0, displayShape DisplayShape{ spec=1406003047 displayWidth=720 displayHeight=1640 physicalPixelDisplaySizeRatio=1.0 rotation=0 offsetX=0 offsetY=0 scale=1.0}}
03-14 07:25:28.819  2524  6927 D CompatibilityChangeReporter: Compat change id reported: 168419799; UID 1000; state: DISABLED
03-14 07:25:28.819  2524  6927 D CompatibilityChangeReporter: Compat change id reported: 273564678; UID 1000; state: DISABLED
03-14 07:25:28.819  2524  6927 D CompatibilityInfo: mCompatibilityFlags - 0
03-14 07:25:28.819  2524  6927 D CompatibilityInfo: applicationDensity - 320
03-14 07:25:28.819  2524  6927 D CompatibilityInfo: applicationScale - 1.0
03-14 07:25:28.820  3717  3892 D MiuiFreeformAnimation: startAnimation change: {WCT{android.window.IWindowContainerToken$Stub$Proxy@8ae824} m=CLOSE f=NONE leash=Surface(name=Task=1887#37160)/@0x448e9db sb=Rect(0, 0 - 720, 1640) eb=Rect(0, 0 - 720, 1640) d=0} info.getType(): 2
03-14 07:25:28.822  3717  3892 D MiuiFreeformAnimation: startAnimation change: {WCT{android.window.IWindowContainerToken$Stub$Proxy@db7ff8d} m=TO_FRONT f=SHOW_WALLPAPER leash=Surface(name=Task=1#45)/@0x4ae7c78 sb=Rect(0, 0 - 720, 1640) eb=Rect(0, 0 - 720, 1640) d=0} info.getType(): 2
03-14 07:25:28.822  3717  3892 I MiuiFreeformAnimation: isLaunchWidgetPicker=false,taskInfo.getWindowingMode()=1, taskInfo.getActivityType()=2
03-14 07:25:28.822  3717  3892 D MiuiFreeformAnimation: startAnimation change: {null m=TO_FRONT f=IS_WALLPAPER leash=Surface(name=WallpaperWindowToken{7e73f1e token=android.os.BinderProxy@2521759}#12099)/@0x507bf51 sb=Rect(0, 0 - 720, 1640) eb=Rect(0, 0 - 720, 1640) d=0} info.getType(): 2
03-14 07:25:28.822  3717  3892 D MiuiFreeformAnimation: startAnimation change: {null m=TO_FRONT f=IS_WALLPAPER leash=Surface(name=WallpaperWindowToken{548795c token=android.os.Binder@4f2fbcf}#57)/@0xa3d53b6 sb=Rect(0, 0 - 720, 1640) eb=Rect(0, 0 - 720, 1640) d=0} info.getType(): 2
03-14 07:25:28.822  3717  3892 W MiuiTaskTransitionHandler: Receive an unknown transition, token=android.os.BinderProxy@c5b00bf, type=2
03-14 07:25:28.824  3717  3892 D TransitionAnimationHelper:  load default animation  type = 2 enter = true animAttr = 16 isTask = true translucent = false
03-14 07:25:28.824  3717  3892 D TransitionAnimationHelper:  load default animation  type = 2 enter = false animAttr = 17 isTask = true translucent = false
03-14 07:25:28.824  3717  3892 D DefaultTransitionImpl: shouldApplyAnimationTogether mProvisioned = true info.getType() = 2 shouldApplyAnimationTogether = false
03-14 07:25:28.827  3717  3918 D ShellTransitions: speed ui!!!!!!!!!!!
03-14 07:25:28.827  3717  3892 D SoScUtils: monitorTransitionFinished transition:android.os.BinderProxy@c5b00bf transaction: android.view.SurfaceControl$Transaction@b42f542 mRequestCloseTransition:null mRequestOpenTransition:null mPairsOpenTransition:null mPairsOpenTransitionNull:null mRequestOpenTriggerTask:-1 mRequestCloseTriggerTask:-1 mOrientationTransition: null mMainStartingTask:-1 mSideStartingTask:-1
03-14 07:25:28.829  2524  3389 I DisplayModeDirectorImpl: SmartDisplayPolicyEnd
03-14 07:25:28.830  2524  3294 D GreezeManager:  report signal uid = 10331 pid = 25108is not frozen.
03-14 07:25:28.831  2524  5959 W WindowManager: Exception thrown during dispatchAppVisibility Window{527a147 u0 com.example.orderlistapp/com.example.orderlistapp.MainActivity EXITING}
03-14 07:25:28.831  2524  5959 W WindowManager: android.os.DeadObjectException
03-14 07:25:28.831  2524  5959 W WindowManager: 	at android.os.BinderProxy.transactNative(Native Method)
03-14 07:25:28.831  2524  5959 W WindowManager: 	at android.os.BinderProxy.transact(BinderProxy.java:639)
03-14 07:25:28.831  2524  5959 W WindowManager: 	at android.view.IWindow$Stub$Proxy.dispatchAppVisibility(IWindow.java:689)
03-14 07:25:28.831  2524  5959 W WindowManager: 	at com.android.server.wm.WindowState.sendAppVisibilityToClients(WindowState.java:3610)
03-14 07:25:28.831  2524  5959 W WindowManager: 	at com.android.server.wm.WindowContainer.sendAppVisibilityToClients(WindowContainer.java:1307)
03-14 07:25:28.831  2524  5959 W WindowManager: 	at com.android.server.wm.WindowToken.setClientVisible(WindowToken.java:425)
03-14 07:25:28.831  2524  5959 W WindowManager: 	at com.android.server.wm.ActivityRecord.setClientVisible(ActivityRecord.java:8331)
03-14 07:25:28.831  2524  5959 W WindowManager: 	at com.android.server.wm.ActivityRecord.postApplyAnimation(ActivityRecord.java:6746)
03-14 07:25:28.831  2524  5959 W WindowManager: 	at com.android.server.wm.ActivityRecord.commitVisibility(ActivityRecord.java:6689)
03-14 07:25:28.831  2524  5959 W WindowManager: 	at com.android.server.wm.Transition.finishTransition(Transition.java:1444)
03-14 07:25:28.831  2524  5959 W WindowManager: 	at com.android.server.wm.TransitionController.finishTransition(TransitionController.java:1095)
03-14 07:25:28.831  2524  5959 W WindowManager: 	at com.android.server.wm.WindowOrganizerController.finishTransition(WindowOrganizerController.java:502)
03-14 07:25:28.831  2524  5959 W WindowManager: 	at android.window.IWindowOrganizerController$Stub.onTransact(IWindowOrganizerController.java:328)
03-14 07:25:28.831  2524  5959 W WindowManager: 	at com.android.server.wm.WindowOrganizerController.onTransact(WindowOrganizerController.java:221)
03-14 07:25:28.831  2524  5959 W WindowManager: 	at android.os.Binder.execTransactInternal(Binder.java:1351)
03-14 07:25:28.831  2524  5959 W WindowManager: 	at android.os.Binder.execTransact(Binder.java:1282)
03-14 07:25:28.832  2524  5959 W Process : Unable to open /proc/25108/status
03-14 07:25:28.832  2524  5959 W WindowManager: The process may be dead, tid:25108,tgid:-1
03-14 07:25:28.832  2524  5959 I Transition: finishTransition: updateLastSurfacePosition tf=Task{c30ee77 #1887 type=standard A=10331:com.example.orderlistapp}
03-14 07:25:28.833  3781  3781 E RotationHelper: setCurrentTransitionRequest: request=0
03-14 07:25:28.835  1480  1480 D MI-SF   : mIsSupportAutomodeForMaxFpsSetting is 0(0), getCurrentBrightness() = 0(0), mIsKeepAutoMode 0
03-14 07:25:28.835  1480  1480 D RefreshRateSelector: fixedMode_group: 0, isFindModeGroup 0
03-14 07:25:28.835  1480  1480 D RefreshRateSelector: find max refresh rate:120, mode Group:0
03-14 07:25:28.836  2524  2862 D TAG     : Remove previously redundant display event 0/2 to 10156/25417
03-14 07:25:28.836 25988 25988 I HighMemoryManager: High memory monitor not enabled
03-14 07:25:28.837 25988 25988 D CompatibilityChangeReporter: Compat change id reported: 171979766; UID 1000; state: ENABLED
03-14 07:25:28.838  6606  7024 I BtGatt.ScanManager: msg.what = MSG_SCREEN_ON, msg.arg1 = None
03-14 07:25:28.838 25988 25988 D CompatibilityChangeReporter: Compat change id reported: 242716250; UID 1000; state: ENABLED
03-14 07:25:28.838  3711  4213 D FiveGPowerController: onDisplayChanged to STATE ON
03-14 07:25:28.839  3711  4213 D FiveGPowerController: onDisplayChanged isLastScreenOn is still on,ignore current displayChanged!!!
03-14 07:25:28.839  1346  7095 I vendor.qti.bluetooth@1.1-ibs_handler: ProcessIbsCmd: Received IBS_SLEEP_IND: 0xFE
03-14 07:25:28.840  3781  3781 D EventBus: No subscribers registered for event class com.miui.home.recents.messages.TaskSnapshotChangedEvent
03-14 07:25:28.841  3781  3781 D EventBus: No subscribers registered for event class org.greenrobot.eventbus.NoSubscriberEvent
03-14 07:25:28.841  3781  3781 W Launcher: onDisplayChanged: newRotation=0, mCurrentRotation=0
03-14 07:25:28.841  3781  3781 D Launcher.Lifecycle: onWindowFocusChanged:true,UserHandle{0},159d81d,false
03-14 07:25:28.841  3781  3781 D Launcher_UnlockAnimationStateMachine: onWindowFocus:IDLE
03-14 07:25:28.841  3781  3781 D Launcher_UnlockAnimationStateMachine: showAnimation = IDLE
03-14 07:25:28.843  3781  3781 I HandWritingStubImpl: refreshLastKeyboardType: 1
03-14 07:25:28.843  3781  3781 I HandWritingStubImpl: getCurrentKeyboardType: 1
03-14 07:25:28.845  3717  3717 V AutoDensityController: on display changed 0 context dpi:296 origin dpi:320 target dpi:296
03-14 07:25:28.846  2524  5959 I WindowManager: cancelAnimation removed leash : Surface(name=Surface(name=72c30f2 InputMethod#29324)/@0xe486a3e - animation-leash of insets_animation#37174)/@0x289ade6
03-14 07:25:28.847 25988 25988 I ActivityThread: SetSystemFontMap done
03-14 07:25:28.848  2524  5959 I WindowManager: input method visible height changed 0
03-14 07:25:28.852   428   428 E SELinux : avc:  denied  { find } for interface=vendor.xiaomi.hw.touchfeature::ITouchFeature sid=u:r:system_server:s0 pid=2524 scontext=u:r:system_server:s0 tcontext=u:object_r:default_android_hwservice:s0 tclass=hwservice_manager permissive=0
03-14 07:25:28.852  2524  3141 E ITouchFeature: java.util.NoSuchElementException
03-14 07:25:28.852   428   428 E SELinux : avc:  denied  { find } for interface=vendor.xiaomi.hardware.touchfeature::ITouchFeature sid=u:r:system_server:s0 pid=2524 scontext=u:r:system_server:s0 tcontext=u:object_r:default_android_hwservice:s0 tclass=hwservice_manager permissive=0
03-14 07:25:28.857  2524  5959 I ActivityTaskManager: Do not migrate a removing Task! Task{c30ee77 #1887 type=standard A=10331:com.example.orderlistapp}
03-14 07:25:28.858  2524  3141 E ITouchFeature: java.util.NoSuchElementException
03-14 07:25:28.858  2524  3141 E ITouchFeature: current device and process not support, v1/v2 HIDL service and v1 AIDL service not found
03-14 07:25:28.858  1480  1666 W VsyncModulator: setTransactionSchedule: Unexpected EarlyEnd
03-14 07:25:28.860  3717  3892 D MiuiFullScreenTaskRepository: addOrUpdateFullScreenTaskInfo taskId=1, topActivity=ComponentInfo{com.miui.home/com.miui.home.launcher.Launcher}
03-14 07:25:28.860  3717  3892 D MiuiFreeformModeController: onFocusTaskChanged taskInfo: TaskInfo{userId=0 taskId=1 displayId=0 isRunning=true baseIntent=Intent { act=android.intent.action.MAIN cat=[android.intent.category.HOME] flg=0x10000100 cmp=com.miui.home/.launcher.Launcher } baseActivity=ComponentInfo{com.miui.home/com.miui.home.launcher.Launcher} topActivity=ComponentInfo{com.miui.home/com.miui.home.launcher.Launcher} origActivity=null realActivity=null numActivities=1 lastActiveTime=27886 supportsSplitScreenMultiWindow=true supportsMultiWindow=true resizeMode=2 isResizeable=true minWidth=-1 minHeight=-1 defaultMinSize=200 token=WCT{android.window.IWindowContainerToken$Stub$Proxy@1a06290} topActivityType=2 pictureInPictureParams=null shouldDockBigOverlays=false launchIntoPipHostTaskId=-1 lastParentTaskIdBeforePip=-1 displayCutoutSafeInsets=null topActivityInfo=ActivityInfo{ab20789 com.miui.home.launcher.Launcher} launchCookies=[] positionInParent=Point(0, 0) parentTaskId=-1 isFocused=false isVisible=true isVisibleRequested=true isSleeping=false topActivityInSizeCompat=false topActivityInMiuiSizeCompat=false topActivityEligibleForLetterboxEducation= false topActivityLetterboxed= false isFromDoubleTap= false topActivityLetterboxVerticalPosition= -1 topActivityLetterboxHorizontalPosition= -1 topActivityLetterboxWidth=-1 topActivityLetterboxHeight=-1 locusId=null displayAreaFeatureId=1 cameraCompatControlState=hidden mIsCastMode=false mTopActivityMediaSize=null mTopActivityRecordName=ActivityRecord{3a68ed8 u0 com.miui.home/.launcher.Launcher t2} mTopActivityOrientation=1 mTopActivityWindowIsNowVisible=true isTranslucent=false isEmbedded=false shouldBeVisible=true isImmersive=false mBehindAppLockPkg=null mOriginatingUid=0}
03-14 07:25:28.860  3717  3892 D MiuiDesktopModeController: onFocusTaskChanged newFocus: TaskInfo{userId=0 taskId=1 displayId=0 isRunning=true baseIntent=Intent { act=android.intent.action.MAIN cat=[android.intent.category.HOME] flg=0x10000100 cmp=com.miui.home/.launcher.Launcher } baseActivity=ComponentInfo{com.miui.home/com.miui.home.launcher.Launcher} topActivity=ComponentInfo{com.miui.home/com.miui.home.launcher.Launcher} origActivity=null realActivity=null numActivities=1 lastActiveTime=27886 supportsSplitScreenMultiWindow=true supportsMultiWindow=true resizeMode=2 isResizeable=true minWidth=-1 minHeight=-1 defaultMinSize=200 token=WCT{android.window.IWindowContainerToken$Stub$Proxy@1a06290} topActivityType=2 pictureInPictureParams=null shouldDockBigOverlays=false launchIntoPipHostTaskId=-1 lastParentTaskIdBeforePip=-1 displayCutoutSafeInsets=null topActivityInfo=ActivityInfo{ab20789 com.miui.home.launcher.Launcher} launchCookies=[] positionInParent=Point(0, 0) parentTaskId=-1 isFocused=false isVisible=true isVisibleRequested=true isSleeping=false topActivityInSizeCompat=false topActivityInMiuiSizeCompat=false topActivityEligibleForLetterboxEducation= false topActivityLetterboxed= false isFromDoubleTap= false topActivityLetterboxVerticalPosition= -1 topActivityLetterboxHorizontalPosition= -1 topActivityLetterboxWidth=-1 topActivityLetterboxHeight=-1 locusId=null displayAreaFeatureId=1 cameraCompatControlState=hidden mIsCastMode=false mTopActivityMediaSize=null mTopActivityRecordName=ActivityRecord{3a68ed8 u0 com.miui.home/.launcher.Launcher t2} mTopActivityOrientation=1 mTopActivityWindowIsNowVisible=true isTranslucent=false isEmbedded=false shouldBeVisible=true isImmersive=false mBehindAppLockPkg=null mOriginatingUid=0}
03-14 07:25:28.860  3717  3892 D MiuiFullScreenTaskRepository: addOrUpdateFullScreenTaskInfo taskId=1887, topActivity=null
03-14 07:25:28.861  3717  3892 D MiuiFreeformModeController: avoidForInsetsBottomChangedIfNeed oldMoveableBottom: 1546 newMoveableBounds: 1546
03-14 07:25:28.862  3717  3892 D ImePositionProcessor: onImeVisibilityChanged     isShowing:  false
03-14 07:25:28.865  2524  3993 W InputMethodManagerService: Clear show forced flag.
03-14 07:25:28.865  2524  3993 I ImeTracker: com.miui.home:843a278d: onRequestHide at ORIGIN_SERVER_HIDE_INPUT reason HIDE_UNSPECIFIED_WINDOW
03-14 07:25:28.865  2524  3993 I ImeTracker: com.miui.home:843a278d: onCancelled at PHASE_SERVER_SHOULD_HIDE
03-14 07:25:28.865  9015 11590 D MirrorManager:  sendAcceptInput 0 0
03-14 07:25:28.870 25988 25988 D nativeloader: Configuring clns-shared-4 for other apk /system/framework/org.apache.http.legacy.jar. target_sdk_version=34, uses_libraries=ALL, library_path=/system_ext/priv-app/Settings/lib/arm64:/system_ext/priv-app/Settings/Settings.apk!/lib/arm64-v8a:/system/lib64:/system_ext/lib64:/system_ext/priv-app/RtMiCloudSDK/RtMiCloudSDK.apk!/lib/arm64-v8a:/system_ext/app/miuisystem/miuisystem.apk!/lib/arm64-v8a:/system_ext/app/miuisystem/miuisystem.apk!/lib/arm64-v8a, permitted_path=/data:/mnt/expand:/data/user_de/0/com.android.settings:/system_ext/priv-app/Settings:/system/lib64:/system_ext/lib64
03-14 07:25:28.870 25988 25988 D nativeloader: Extending system_exposed_libraries: libbinauralrenderer_wrapper.qti.so:libhoaeffects.qti.so:libQOC.qti.so:libmisys_jni.xiaomi.so:libxiaomi_modemdumpsdx55_jni.modem.so:libxiaomi_modemdump_jni.modem.so:libmodemsmartengine_jni.modem.so:libupdateprof.qti.so:libthermalclient.qti.so:libQOC.qti.so:libdiag_system.qti.so:libqape.qti.so:libqesdk_ndk_platform.qti.so:liblistenjni.qti.so
03-14 07:25:28.870  2524  4371 W ActivityTaskManager: Can't find TaskDisplayArea to determine support for multi window. Task id=1887 attached=false
03-14 07:25:28.872  3717  3892 D MiuiFullScreenTaskRepository: removeFullScreenTask taskId=1887, topActivity=null
03-14 07:25:28.875  3717  3892 D MiuiWindowDecorViewModel: destroyWindowDecoration: taskId=1887, windowingMode=1, mWindowDecorByTaskId.size()=0, callers=com.android.wm.shell.fullscreen.FullscreenTaskListener.onTaskVanished:143 com.android.wm.shell.ShellTaskOrganizer.onTaskVanished:138 android.window.TaskOrganizer$1.lambda$onTaskVanished$5:391 android.window.TaskOrganizer$1.$r8$lambda$cnLAmEuLf_BQ_jFuhQbGGs5ghXo:0 android.window.TaskOrganizer$1$$ExternalSyntheticLambda14.run:4 
03-14 07:25:28.875  3717  3892 D MiuiWindowDecorViewModel: handleEventReceiverIfMultiWinSwitchIsUnsupported: removeEventReceiver, callers=com.android.wm.shell.miuimultiwinswitch.miuiwindowdecor.MiuiWindowDecorViewModel.destroyWindowDecoration:97 com.android.wm.shell.fullscreen.FullscreenTaskListener.onTaskVanished:143 com.android.wm.shell.ShellTaskOrganizer.onTaskVanished:138 android.window.TaskOrganizer$1.lambda$onTaskVanished$5:391 android.window.TaskOrganizer$1.$r8$lambda$cnLAmEuLf_BQ_jFuhQbGGs5ghXo:0 
03-14 07:25:28.876  3781  3966 D RecentsModel: onTaskStackChangedBackground
03-14 07:25:28.876  3781  3966 D EventBus: No subscribers registered for event class com.miui.home.recents.messages.RecentTasksChangedEvent
03-14 07:25:28.876  3781  3966 D EventBus: No subscribers registered for event class org.greenrobot.eventbus.NoSubscriberEvent
03-14 07:25:28.876  3781  4004 D RecentsModel: onTaskStackChangedBackground    MSG_TASK_STACK_CHANGE
03-14 07:25:28.876  3781  4004 D RecentsModel: preloadRecents
03-14 07:25:28.876  3781  4004 W RecentsModel: getRunningTask
03-14 07:25:28.876  1480  2754 E BpTransactionCompletedListener: Failed to transact (-32)
03-14 07:25:28.879  2524  4010 W ActivityTaskManager: callingPackage for (uid=2000, pid=26018) has no WPC
03-14 07:25:28.880  3781  4004 W RecentsModel: getRunningTask   taskInfo=TaskInfo{userId=0 taskId=2 displayId=0 isRunning=true baseIntent=Intent { act=android.intent.action.MAIN cat=[android.intent.category.HOME] flg=0x10000100 cmp=com.miui.home/.launcher.Launcher } baseActivity=ComponentInfo{com.miui.home/com.miui.home.launcher.Launcher} topActivity=ComponentInfo{com.miui.home/com.miui.home.launcher.Launcher} origActivity=null realActivity=ComponentInfo{com.miui.home/com.miui.home.launcher.Launcher} numActivities=1 lastActiveTime=819256320 supportsSplitScreenMultiWindow=true supportsMultiWindow=true resizeMode=2 isResizeable=true minWidth=-1 minHeight=-1 defaultMinSize=200 token=WCT{android.window.IWindowContainerToken$Stub$Proxy@fadf68d} topActivityType=2 pictureInPictureParams=null shouldDockBigOverlays=false launchIntoPipHostTaskId=-1 lastParentTaskIdBeforePip=-1 displayCutoutSafeInsets=null topActivityInfo=ActivityInfo{c3f2042 com.miui.home.launcher.Launcher} launchCookies=[] positionInParent=Point(0, 0) parentTaskId=-1 isFocused=false isVisible=true isVisibleRequested=true isSleeping=false topActivityInSizeCompat=false topActivityInMiuiSizeCompat=false topActivityEligibleForLetterboxEducation= false topActivityLetterboxed= false isFromDoubleTap= false topActivityLetterboxVerticalPosition= -1 topActivityLetterboxHorizontalPosition= -1 topActivityLetterboxWidth=-1 topActivityLetterboxHeight=-1 locusId=null displayAreaFeatureId=1 cameraCompatControlState=hidden mIsCastMode=false mTopActivityMediaSize=null mTopActivityRecordName=ActivityRecord{3a68ed8 u0 com.miui.home/.launcher.Launcher t2} mTopActivityOrientation=1 mTopActivityWindowIsNowVisible=false isTranslucent=false isEmbedded=false shouldBeVisible=true isImmersive=false mBehindAppLockPkg=null mOriginatingUid=0}
03-14 07:25:28.880  3781  4004 W RecentsModel: getTaskInfoIgnoreHomeAndFreeform   taskInfo=ComponentInfo{com.miui.home/com.miui.home.launcher.Launcher}
03-14 07:25:28.881  3781  4004 E ActivityManagerWrapper: get all recent tasks force including 2
03-14 07:25:28.883   428   428 I hwservicemanager: getTransport: Cannot find entry vendor.qti.hardware.servicetracker@1.2::IServicetracker/default in either framework or device VINTF manifest.
03-14 07:25:28.883  2524  4010 W ActivityTaskManager: servicetracker HIDL not available
03-14 07:25:28.883  2524  4010 E ActivityTaskManager: Unable to get servicetracker HAL instance
03-14 07:25:28.884   428   428 I hwservicemanager: getTransport: Cannot find entry vendor.qti.hardware.servicetracker@1.2::IServicetracker/default in either framework or device VINTF manifest.
03-14 07:25:28.884  2524  4010 W ActivityTaskManager: servicetracker HIDL not available
03-14 07:25:28.884  2524  4010 E ActivityTaskManager: Unable to get servicetracker HAL instance
03-14 07:25:28.885  2524  4010 D WindowManager: Collecting in transition 2440: ActivityRecord{a43a107 u0 com.example.orderlistapp/.MainActivity init visibleRequested:false
03-14 07:25:28.885  2524  4010 D MiuiFreeFormManagerService: activeOrFullscreenFreeformTaskIfNeed startDefaultAr:false
03-14 07:25:28.885 25988 25988 D nativeloader: Configuring clns-shared-5 for other apk /system_ext/framework/com.xiaomi.slalib.jar. target_sdk_version=34, uses_libraries=ALL, library_path=/system_ext/priv-app/Settings/lib/arm64:/system_ext/priv-app/Settings/Settings.apk!/lib/arm64-v8a:/system/lib64:/system_ext/lib64:/system_ext/priv-app/RtMiCloudSDK/RtMiCloudSDK.apk!/lib/arm64-v8a:/system_ext/app/miuisystem/miuisystem.apk!/lib/arm64-v8a:/system_ext/app/miuisystem/miuisystem.apk!/lib/arm64-v8a, permitted_path=/data:/mnt/expand:/data/user_de/0/com.android.settings:/system_ext/priv-app/Settings:/system/lib64:/system_ext/lib64
03-14 07:25:28.886 25988 25988 D nativeloader: Extending system_exposed_libraries: libbinauralrenderer_wrapper.qti.so:libhoaeffects.qti.so:libQOC.qti.so:libmisys_jni.xiaomi.so:libxiaomi_modemdumpsdx55_jni.modem.so:libxiaomi_modemdump_jni.modem.so:libmodemsmartengine_jni.modem.so:libupdateprof.qti.so:libthermalclient.qti.so:libQOC.qti.so:libdiag_system.qti.so:libqape.qti.so:libqesdk_ndk_platform.qti.so:liblistenjni.qti.so
03-14 07:25:28.887  2524  4010 D WindowManagerService: checkFlipFullScreenChange is same, nowIsFullScreen = false
03-14 07:25:28.889  2524  4010 D WindowManager: setLockTaskAuth: task=Task{ce5585d #1888 type=standard A=10331:com.example.orderlistapp} mLockTaskAuth=LOCK_TASK_AUTH_PINNABLE
03-14 07:25:28.889  2524  4010 D WindowManager: Collecting in transition 2440: Task{ce5585d #1888 type=standard A=10331:com.example.orderlistapp} init visibleRequested:false
03-14 07:25:28.890  2524  4010 D CompatibilityChangeReporter: Compat change id reported: 184838306; UID 10331; state: DISABLED
03-14 07:25:28.891  2524  4010 D CompatibilityChangeReporter: Compat change id reported: 185004937; UID 10331; state: DISABLED
03-14 07:25:28.892  2524  4010 D WindowManager: setLockTaskAuth: task=Task{ce5585d #1888 type=standard A=10331:com.example.orderlistapp} mLockTaskAuth=LOCK_TASK_AUTH_PINNABLE
03-14 07:25:28.892  2524  4010 D MiuiFreeFormManagerService: onStartActivityInner as = Task{ce5585d #1888 type=standard A=10331:com.example.orderlistapp} op = null
03-14 07:25:28.893  2524  4010 D ActivityTaskManager: Task#startActivityLocked isOrhasTask=true newTask=true
03-14 07:25:28.894  2524  4010 D CompatibilityChangeReporter: Compat change id reported: 205907456; UID 10331; state: ENABLED
03-14 07:25:28.895  2524  4010 D ActivityTrigger: ActivityTrigger activityPauseTrigger 
03-14 07:25:28.896   428   428 I hwservicemanager: getTransport: Cannot find entry vendor.qti.hardware.servicetracker@1.2::IServicetracker/default in either framework or device VINTF manifest.
03-14 07:25:28.897  2524  4010 W ActivityTaskManager: servicetracker HIDL not available
03-14 07:25:28.897  2524  4010 E ActivityTaskManager: Unable to get servicetracker HAL instance
03-14 07:25:28.900  2524  4010 D WindowManager: Collecting in transition 2440: ActivityRecord{a43a107 u0 com.example.orderlistapp/.MainActivity t1888} init visibleRequested:false
03-14 07:25:28.900  2524  4010 D WindowManager: Requesting StartTransition: TransitionRecord{778eda0 id=2440 type=OPEN flags=0x0}
03-14 07:25:28.900 25988 25988 D nativeloader: Configuring clns-shared-6 for other apk /system_ext/app/miuisystem/miuisystem.apk. target_sdk_version=34, uses_libraries=ALL, library_path=/system_ext/priv-app/Settings/lib/arm64:/system_ext/priv-app/Settings/Settings.apk!/lib/arm64-v8a:/system/lib64:/system_ext/lib64:/system_ext/priv-app/RtMiCloudSDK/RtMiCloudSDK.apk!/lib/arm64-v8a:/system_ext/app/miuisystem/miuisystem.apk!/lib/arm64-v8a:/system_ext/app/miuisystem/miuisystem.apk!/lib/arm64-v8a, permitted_path=/data:/mnt/expand:/data/user_de/0/com.android.settings:/system_ext/priv-app/Settings:/system/lib64:/system_ext/lib64
03-14 07:25:28.900 25988 25988 D nativeloader: Extending system_exposed_libraries: libbinauralrenderer_wrapper.qti.so:libhoaeffects.qti.so:libQOC.qti.so:libmisys_jni.xiaomi.so:libxiaomi_modemdumpsdx55_jni.modem.so:libxiaomi_modemdump_jni.modem.so:libmodemsmartengine_jni.modem.so:libupdateprof.qti.so:libthermalclient.qti.so:libQOC.qti.so:libdiag_system.qti.so:libqape.qti.so:libqesdk_ndk_platform.qti.so:liblistenjni.qti.so
03-14 07:25:28.901  2524  4010 I ActivityTaskManager: START u0 {flg=0x10000000 cmp=com.example.orderlistapp/.MainActivity} with LAUNCH_MULTIPLE from uid 2000 from pid 26018 callingPackage com.android.shell (BAL_ALLOW_PERMISSION) result code=0
03-14 07:25:28.904  2524  5936 I WindowManager: cancelAnimation removed leash : Surface(name=Surface(name=72c30f2 InputMethod#29324)/@0xe486a3e - animation-leash of insets_animation#37181)/@0x9f87022
03-14 07:25:28.906  2524  2862 W ActivityManager: setHasOverlayUi called on unknown pid: 25108
03-14 07:25:28.912 25988 25988 D nativeloader: Configuring clns-shared-7 for other apk /system_ext/priv-app/RtMiCloudSDK/RtMiCloudSDK.apk. target_sdk_version=34, uses_libraries=ALL, library_path=/system_ext/priv-app/Settings/lib/arm64:/system_ext/priv-app/Settings/Settings.apk!/lib/arm64-v8a:/system/lib64:/system_ext/lib64:/system_ext/priv-app/RtMiCloudSDK/RtMiCloudSDK.apk!/lib/arm64-v8a:/system_ext/app/miuisystem/miuisystem.apk!/lib/arm64-v8a:/system_ext/app/miuisystem/miuisystem.apk!/lib/arm64-v8a, permitted_path=/data:/mnt/expand:/data/user_de/0/com.android.settings:/system_ext/priv-app/Settings:/system/lib64:/system_ext/lib64
03-14 07:25:28.913 25988 25988 D nativeloader: Extending system_exposed_libraries: libbinauralrenderer_wrapper.qti.so:libhoaeffects.qti.so:libQOC.qti.so:libmisys_jni.xiaomi.so:libxiaomi_modemdumpsdx55_jni.modem.so:libxiaomi_modemdump_jni.modem.so:libmodemsmartengine_jni.modem.so:libupdateprof.qti.so:libthermalclient.qti.so:libQOC.qti.so:libdiag_system.qti.so:libqape.qti.so:libqesdk_ndk_platform.qti.so:liblistenjni.qti.so
03-14 07:25:28.919  7723  8490 D x1      : myUserId = 0	currentUserId0
03-14 07:25:28.919  9015 14040 D PerfEngineController: ForegroundInfo{mForegroundPackageName='com.miui.home', mForegroundUid=10147, mForegroundPid=3781, mLastForegroundPackageName='com.miui.home', mLastForegroundUid=10147, mLastForegroundPid=3781, mMultiWindowForegroundPackageName='com.miui.home', mMultiWindowForegroundUid=10147, mFlags=0}
03-14 07:25:28.920  3717  3892 I SoScUtils: monitorTransitionRequest mRequestOpenTransition:null mRequestOpenTriggerTask:-1 mRequestCloseTransition:null mRequestCloseTriggerTask:-1 mRequestCloseStageType:-1
03-14 07:25:28.920  7723  7588 I ProcessMonitor: onForegroundInfoChanged: ForegroundInfo{mForegroundPackageName='com.miui.home', mForegroundUid=10147, mForegroundPid=3781, mLastForegroundPackageName='com.miui.home', mLastForegroundUid=10147, mLastForegroundPid=3781, mMultiWindowForegroundPackageName='com.miui.home', mMultiWindowForegroundUid=10147, mFlags=0}
03-14 07:25:28.920  3717  3957 D TaskSnapshot_Helper: app is not pre-defined.
03-14 07:25:28.920  7723  7588 I VideoBoxUtils: isSupportVideoBox: true
03-14 07:25:28.920  7723  7588 I VideoToolBoxService: vtb is closed!!!
03-14 07:25:28.921  2524  4371 D WindowManager: Set transition=TransitionRecord{778eda0 id=2440 type=OPEN flags=0x0}, ready=false, SyncId=2440 used=true, override=false, defer=0, states=Display{#0 state=ON size=720x1640 ROTATION_0}:false
03-14 07:25:28.922  3781  4004 E ActivityManagerWrapper: getRecentTasks: size=2
03-14 07:25:28.922  3781  4004 E ActivityManagerWrapper: getRecentTasks: mainTaskId=1888   userId=0   windowMode=1   baseIntent=Intent { act=null flag=268435456 cmp=ComponentInfo{com.example.orderlistapp/com.example.orderlistapp.MainActivity} }
03-14 07:25:28.922  3781 26076 D AppObserver: ForegroundInfo{mForegroundPackageName='com.miui.home', mForegroundUid=10147, mForegroundPid=3781, mLastForegroundPackageName='com.miui.home', mLastForegroundUid=10147, mLastForegroundPid=3781, mMultiWindowForegroundPackageName='com.miui.home', mMultiWindowForegroundUid=10147, mFlags=0}
03-14 07:25:28.922  3781  4004 E ActivityManagerWrapper: getRecentTasks: mainTaskId=1884   userId=0   windowMode=1   baseIntent=Intent { act=android.settings.APPLICATION_DEVELOPMENT_SETTINGS flag=268468224 cmp=ComponentInfo{com.android.settings/com.android.settings.Settings$DevelopmentSettingsDashboardActivity} }
03-14 07:25:28.923  3717  3892 D MiuiFreeformModeController: onImeVisibilityChanged imeVisible: false imeHeight: 0 adjustedForRotation:false
03-14 07:25:28.923  3717  3892 D MiuiFreeformModeAvoidAlgorithm: begin autoOrderingAvoidMiniTask
03-14 07:25:28.923  3717  3892 D MiuiFreeformModeAvoidAlgorithm: getCurrMiniPos: SameSideMiniPosList: []
03-14 07:25:28.923  3717  3892 D MiuiFreeformModeAvoidAlgorithm: getCurrMiniPos: SameSideMiniPosList: []
03-14 07:25:28.923  3717  3892 D MiuiFreeformModeAvoidAlgorithm: end autoOrderingAvoidMiniTask res:AvoidResult{distance=0, combination={}, activeTaskPos=Rect(0, 0 - 0, 0)}
03-14 07:25:28.924  2524  5959 D MiSensorServiceImpl: PowerKeeperSensor resume iUid:10147 but app has not in Controlled
03-14 07:25:28.924  3717  3892 D MiuiFullScreenTaskRepository: setFocusedTask taskId=1, displayId=0, topActivity=ComponentInfo{com.miui.home/com.miui.home.launcher.Launcher}
03-14 07:25:28.924  3717  3892 D MiuiFullScreenTaskRepository: addOrUpdateFullScreenTaskInfo taskId=1, topActivity=ComponentInfo{com.miui.home/com.miui.home.launcher.Launcher}
03-14 07:25:28.929  3781  3781 D Launcher.Lifecycle: onPause:UserHandle{0},159d81d,true
03-14 07:25:28.929  3781  3781 D Launcher_UnlockAnimationStateMachine: onPause = IDLE
03-14 07:25:28.929  3781  3781 D Launcher_UnlockAnimationStateMachine: setState:PAUSE_WAIT
03-14 07:25:28.930 10911 10940 D LauncherOverlay: setActivityState:1
03-14 07:25:28.930 10911 10911 D LauncherOverlay.Window: onPause
03-14 07:25:28.931 25988 25988 D nativeloader: Configuring clns-shared-8 for other apk /system_ext/framework/security-device-credential-sdk.jar. target_sdk_version=34, uses_libraries=ALL, library_path=/system_ext/priv-app/Settings/lib/arm64:/system_ext/priv-app/Settings/Settings.apk!/lib/arm64-v8a:/system/lib64:/system_ext/lib64:/system_ext/priv-app/RtMiCloudSDK/RtMiCloudSDK.apk!/lib/arm64-v8a:/system_ext/app/miuisystem/miuisystem.apk!/lib/arm64-v8a:/system_ext/app/miuisystem/miuisystem.apk!/lib/arm64-v8a, permitted_path=/data:/mnt/expand:/data/user_de/0/com.android.settings:/system_ext/priv-app/Settings:/system/lib64:/system_ext/lib64
03-14 07:25:28.931 25988 25988 D nativeloader: Extending system_exposed_libraries: libbinauralrenderer_wrapper.qti.so:libhoaeffects.qti.so:libQOC.qti.so:libmisys_jni.xiaomi.so:libxiaomi_modemdumpsdx55_jni.modem.so:libxiaomi_modemdump_jni.modem.so:libmodemsmartengine_jni.modem.so:libupdateprof.qti.so:libthermalclient.qti.so:libQOC.qti.so:libdiag_system.qti.so:libqape.qti.so:libqesdk_ndk_platform.qti.so:liblistenjni.qti.so
03-14 07:25:28.937  2524  3993 D CompatibilityChangeReporter: Compat change id reported: 168419799; UID 10331; state: DISABLED
03-14 07:25:28.937  2524  3993 D CompatibilityChangeReporter: Compat change id reported: 273564678; UID 10331; state: DISABLED
03-14 07:25:28.941   428   428 I hwservicemanager: getTransport: Cannot find entry vendor.qti.hardware.servicetracker@1.2::IServicetracker/default in either framework or device VINTF manifest.
03-14 07:25:28.941  2524  5936 W ActivityTaskManager: servicetracker HIDL not available
03-14 07:25:28.941  2524  5936 E ActivityTaskManager: Unable to get servicetracker HAL instance
03-14 07:25:28.943  1480  1480 I BpBinder: onLastStrongRef automatically unlinking death recipients: 
03-14 07:25:28.944  3717  3892 D OneHandedController: stopOneHanded state is 0
03-14 07:25:28.944  3717  3892 D OneHandedController: stopOneHanded state is 0
03-14 07:25:28.945  3781  4086 D TaskStackChangeListeners: onTaskDescriptionChanged =  taskId = 1888
03-14 07:25:28.945  2524  5936 D WindowManager: Collecting in transition 2440: ActivityRecord{a43a107 u0 com.example.orderlistapp/.MainActivity t1888} init visibleRequested:false
03-14 07:25:28.945  3717  3892 D OneHandedController: stopOneHanded state is 0
03-14 07:25:28.945  2524  5936 D WindowManager: Collecting in transition 2440: ActivityRecord{3a68ed8 u0 com.miui.home/.launcher.Launcher t2} init visibleRequested:true
03-14 07:25:28.945  2524  5936 D WindowManager: Collecting in transition 2440: WallpaperWindowToken{548795c token=android.os.Binder@4f2fbcf} init visibleRequested:true
03-14 07:25:28.946  2524  5936 D WindowManager: Collecting in transition 2440: WallpaperWindowToken{7e73f1e token=android.os.BinderProxy@2521759} init visibleRequested:true
03-14 07:25:28.947  3717  3717 I FocusedNotifPromptContr: onTopActivityMayChanged: topActivity=com.example.orderlistapp
03-14 07:25:28.947  3717  3717 I FocusedNotifPromptContr: topActivityMayChanged: topActivity=com.example.orderlistapp
03-14 07:25:28.947  3717  3717 D KeyguardEditorHelper: onTopActivityMayChanged, topActivity=ComponentInfo{com.example.orderlistapp/com.example.orderlistapp.MainActivity}; mState=IDEL
03-14 07:25:28.950  2524  2863 D WindowManager: wms.Focus not requested for window=Window{5c6fc3a u0 com.miui.home/com.miui.home.launcher.Launcher} because it has no surface or is not focusable.
03-14 07:25:28.951 25988 25988 D nativeloader: Configuring clns-shared-9 for other apk /system_ext/framework/gson.jar. target_sdk_version=34, uses_libraries=ALL, library_path=/system_ext/priv-app/Settings/lib/arm64:/system_ext/priv-app/Settings/Settings.apk!/lib/arm64-v8a:/system/lib64:/system_ext/lib64:/system_ext/priv-app/RtMiCloudSDK/RtMiCloudSDK.apk!/lib/arm64-v8a:/system_ext/app/miuisystem/miuisystem.apk!/lib/arm64-v8a:/system_ext/app/miuisystem/miuisystem.apk!/lib/arm64-v8a, permitted_path=/data:/mnt/expand:/data/user_de/0/com.android.settings:/system_ext/priv-app/Settings:/system/lib64:/system_ext/lib64
03-14 07:25:28.951 25988 25988 D nativeloader: Extending system_exposed_libraries: libbinauralrenderer_wrapper.qti.so:libhoaeffects.qti.so:libQOC.qti.so:libmisys_jni.xiaomi.so:libxiaomi_modemdumpsdx55_jni.modem.so:libxiaomi_modemdump_jni.modem.so:libmodemsmartengine_jni.modem.so:libupdateprof.qti.so:libthermalclient.qti.so:libQOC.qti.so:libdiag_system.qti.so:libqape.qti.so:libqesdk_ndk_platform.qti.so:liblistenjni.qti.so
03-14 07:25:28.952  2524  3928 D CoreBackPreview: Window{dd2d0b8 u0 Splash Screen com.example.orderlistapp}: Setting back callback OnBackInvokedCallbackInfo{mCallback=android.window.IOnBackInvokedCallback$Stub$Proxy@b404064, mPriority=0, mIsAnimationCallback=false}
03-14 07:25:28.952  2524  2862 D CompatibilityChangeReporter: Compat change id reported: 135634846; UID 10331; state: DISABLED
03-14 07:25:28.952  2524  2862 D CompatibilityChangeReporter: Compat change id reported: 177438394; UID 10331; state: DISABLED
03-14 07:25:28.952  2524  2862 D CompatibilityChangeReporter: Compat change id reported: 135772972; UID 10331; state: DISABLED
03-14 07:25:28.953  2524  2862 D CompatibilityChangeReporter: Compat change id reported: 135754954; UID 10331; state: ENABLED
03-14 07:25:28.953  2524  2877 D CompatibilityChangeReporter: Compat change id reported: 143937733; UID 10331; state: ENABLED
03-14 07:25:28.954  3717  3717 D Utilities:  oldHints : 0 backDisposition : 0 imeShown : false hints 0
03-14 07:25:28.955  3781  4086 D RecentsModel: onTaskStackChangedBackground
03-14 07:25:28.955  3781  4086 D EventBus: No subscribers registered for event class com.miui.home.recents.messages.RecentTasksChangedEvent
03-14 07:25:28.955  3781  4086 D EventBus: No subscribers registered for event class org.greenrobot.eventbus.NoSubscriberEvent
03-14 07:25:28.955  3781  4086 D RecentsModel: onTaskStackChangedBackground
03-14 07:25:28.955  3781  4086 D EventBus: No subscribers registered for event class com.miui.home.recents.messages.RecentTasksChangedEvent
03-14 07:25:28.955  3781  4086 D EventBus: No subscribers registered for event class org.greenrobot.eventbus.NoSubscriberEvent
03-14 07:25:28.956  3781  4004 D RecentsModel: onTaskStackChangedBackground    MSG_TASK_STACK_CHANGE
03-14 07:25:28.957  3781  4004 D RecentsModel: preloadRecents
03-14 07:25:28.957  3781  4004 W RecentsModel: getRunningTask
03-14 07:25:28.961 25988 25988 D nativeloader: Configuring clns-shared-10 for other apk /system_ext/framework/MiuiSettingsSearchLib.jar. target_sdk_version=34, uses_libraries=ALL, library_path=/system_ext/priv-app/Settings/lib/arm64:/system_ext/priv-app/Settings/Settings.apk!/lib/arm64-v8a:/system/lib64:/system_ext/lib64:/system_ext/priv-app/RtMiCloudSDK/RtMiCloudSDK.apk!/lib/arm64-v8a:/system_ext/app/miuisystem/miuisystem.apk!/lib/arm64-v8a:/system_ext/app/miuisystem/miuisystem.apk!/lib/arm64-v8a, permitted_path=/data:/mnt/expand:/data/user_de/0/com.android.settings:/system_ext/priv-app/Settings:/system/lib64:/system_ext/lib64
03-14 07:25:28.961 25988 25988 D nativeloader: Extending system_exposed_libraries: libbinauralrenderer_wrapper.qti.so:libhoaeffects.qti.so:libQOC.qti.so:libmisys_jni.xiaomi.so:libxiaomi_modemdumpsdx55_jni.modem.so:libxiaomi_modemdump_jni.modem.so:libmodemsmartengine_jni.modem.so:libupdateprof.qti.so:libthermalclient.qti.so:libQOC.qti.so:libdiag_system.qti.so:libqape.qti.so:libqesdk_ndk_platform.qti.so:liblistenjni.qti.so
03-14 07:25:28.963  2524  3993 D WindowManager: wms.Input focus has changed to null display=0 updateInputWindows = true
03-14 07:25:28.963  2524  3993 I MultiSenceManagerInternalStub: getInstance
03-14 07:25:28.967  2524  3122 D CompatibilityChangeReporter: Compat change id reported: 265195908; UID 10331; state: ENABLED
03-14 07:25:28.967  2524  3220 I MiuiNetworkPolicy: updateUidState uid = 10331, uidState = 19
